2026-08-24 10:00:52,409 [INFO] === Initializing Trading Bot (multi-account) ===
2026-08-24 10:00:52,412 [INFO] Loaded 4 account(s) from accounts.yaml
2026-08-24 10:00:52,412 [INFO] [my_test] engine=DomesticQldDipBuyEngine market=domestic mode=LIVE state=ACTIVE
2026-08-24 10:00:53,065 [INFO] [KisBroker] 새 토큰 발급 완료 (expires_at=2026-08-25 01:00:53)
2026-08-24 10:00:53,066 [INFO] [KisDomesticLiveBroker] Mode: LIVE TRADING
2026-08-24 10:00:53,067 [INFO] Restored previous regime: Bull
2026-08-24 10:00:53,067 [INFO] [my_isa] engine=DomesticVolManagedEngine market=domestic mode=LIVE state=INACTIVE(조회전용)
2026-08-24 10:00:53,593 [INFO] [KisBroker] 새 토큰 발급 완료 (expires_at=2026-08-25 01:00:53)
2026-08-24 10:00:53,594 [INFO] [KisDomesticLiveBroker] Mode: LIVE TRADING
2026-08-24 10:00:53,595 [INFO] Restored previous regime: Bull
2026-08-24 10:00:53,595 [INFO] [my_pension] engine=DomesticAsset5RealEngine market=domestic mode=LIVE state=INACTIVE(조회전용)
2026-08-24 10:00:54,119 [INFO] [KisBroker] 새 토큰 발급 완료 (expires_at=2026-08-25 01:00:54)
2026-08-24 10:00:54,120 [INFO] [KisDomesticLiveBroker] Mode: LIVE TRADING
2026-08-24 10:00:54,121 [INFO] Restored previous regime: Bull
2026-08-24 10:00:54,121 [INFO] [my_irp] engine=DomesticAsset5RealEngine market=domestic mode=LIVE state=INACTIVE(조회전용)
2026-08-24 10:00:54,645 [INFO] [KisBroker] 새 토큰 발급 완료 (expires_at=2026-08-25 01:00:54)
2026-08-24 10:00:54,646 [INFO] [KisDomesticLiveBroker] Mode: LIVE TRADING
2026-08-24 10:00:54,647 [INFO] Restored previous regime: Bull
2026-08-24 10:00:54,648 [INFO] ===== [my_test] 계좌 실행 시작 =====
2026-08-24 10:00:54,648 [INFO] >>> Step 1: Data Collection
2026-08-24 10:00:54,648 [INFO] [Data] Fetching ['SPY'] history for 400 days...
2026-08-24 10:00:55,108 [INFO] [Data] Fetching ['418660.KS'] history for 400 days...
2026-08-24 10:00:55,322 [INFO] [Data] VIX fetched: 15.13
2026-08-24 10:00:55,322 [INFO] >>> Step 2: Indicator Calculation
2026-08-24 10:00:55,332 [INFO] Market Data: Price=765.72, VIX=15.13, MDD=-1.56%
2026-08-24 10:00:55,332 [INFO] >>> Step 3: Strategy Analysis
2026-08-24 10:00:55,332 [INFO] Regime: Bull | Target Exposure: 1.00
2026-08-24 10:00:55,332 [INFO] >>> Step 4: Portfolio Status
2026-08-24 10:00:55,966 [INFO] Fetching Real-time prices from Broker...
2026-08-24 10:00:58,605 [INFO] Current Portfolio: Cash=$209,014, Value=$10,389,814
2026-08-24 10:00:58,725 [INFO] >>> Step 5: DomesticQldDipBuy (BUY_STAGE_1 1/10 분할매수 418660.KS 5주)
2026-08-24 10:00:58,725 [INFO] Executing 1 orders (BUY_STAGE_1 1/10 분할매수 418660.KS 5주)
2026-08-24 10:00:59,359 [INFO] [KisBroker] Available Cash for BUY: 209,014
2026-08-24 10:01:01,356 [ERROR] [KisDomestic] Order Failed: BUY 418660.KS qty=5 @ 39730 — 해당종목은 기본예탁금 충족한 계좌만 매수주문가능합니다
2026-08-24 10:01:01,558 [INFO] Order Summary: total=1 filled=0 partial=0 ordered=0 cancelled=0 skipped=0 rejected=1 error=0
2026-08-24 10:01:01,558 [ERROR] ⚠️ Order Result Alert
날짜: 2026-08-24
- BUY 418660.KS 5주: REJECTED — 해당종목은 기본예탁금 충족한 계좌만 매수주문가능합니다
2026-08-24 10:01:02,144 [INFO] >>> Step 6: Archiving Data
2026-08-24 10:01:02,152 [INFO] Cycle Completed: regime=Bull exposure=1.00 orders=1 executions=0
2026-08-24 10:01:02,152 [INFO] ===== [my_isa] 계좌 실행 시작 =====
2026-08-24 10:01:02,152 [INFO] >>> Step 1: Data Collection
2026-08-24 10:01:02,152 [INFO] [Data] Fetching ['133690.KS'] history for 400 days...
2026-08-24 10:01:02,352 [INFO] [Data] VIX fetched: 15.13
2026-08-24 10:01:02,352 [INFO] >>> Step 2: Indicator Calculation
2026-08-24 10:01:02,355 [INFO] Market Data: Price=179295.00, VIX=15.13, MDD=-13.71%
2026-08-24 10:01:02,355 [INFO] >>> Step 3: Strategy Analysis
2026-08-24 10:01:02,355 [INFO] >>> VolManaged: vol=26.38% → L=0.83x (TIGER 미국나스닥100레버리지(합성) 0%, 위험 83%, 현금 17%)
2026-08-24 10:01:02,356 [INFO] Regime: Bull | Target Exposure: 0.83
2026-08-24 10:01:02,356 [INFO] >>> Step 4: Portfolio Status
2026-08-24 10:01:02,972 [WARNING] [KisDomestic] Portfolio API HTTP 500; retrying (2/3)
2026-08-24 10:01:04,605 [INFO] Fetching Real-time prices from Broker...
2026-08-24 10:01:08,810 [INFO] Current Portfolio: Cash=$98,990, Value=$49,945,760
2026-08-24 10:01:08,959 [INFO] >>> Step 5: Deactivated (조회 전용, 매매 스킵)
2026-08-24 10:01:08,959 [INFO] >>> Step 6: Archiving Data
2026-08-24 10:01:08,962 [INFO] Cycle Completed: regime=Bull exposure=0.83 orders=0 executions=0
2026-08-24 10:01:08,963 [INFO] ===== [my_pension] 계좌 실행 시작 =====
2026-08-24 10:01:08,963 [INFO] >>> Step 1: Data Collection
2026-08-24 10:01:08,963 [INFO] [Data] Fetching ['SPY'] history for 400 days...
2026-08-24 10:01:09,142 [INFO] [Data] VIX fetched: 15.13
2026-08-24 10:01:09,142 [INFO] >>> Step 2: Indicator Calculation
2026-08-24 10:01:09,145 [INFO] Market Data: Price=765.72, VIX=15.13, MDD=-1.56%
2026-08-24 10:01:09,145 [INFO] >>> Step 3: Strategy Analysis
2026-08-24 10:01:09,146 [INFO] Regime: Bull | Target Exposure: 1.00
2026-08-24 10:01:09,146 [INFO] >>> Step 4: Portfolio Status
2026-08-24 10:01:09,822 [INFO] Fetching Real-time prices from Broker...
2026-08-24 10:01:15,026 [INFO] Current Portfolio: Cash=$38,294, Value=$45,136,579
2026-08-24 10:01:15,279 [INFO] >>> Step 5: Deactivated (조회 전용, 매매 스킵)
2026-08-24 10:01:15,280 [INFO] >>> Step 6: Archiving Data
2026-08-24 10:01:15,282 [INFO] Cycle Completed: regime=Bull exposure=1.00 orders=0 executions=0
2026-08-24 10:01:15,282 [INFO] ===== [my_irp] 계좌 실행 시작 =====
2026-08-24 10:01:15,282 [INFO] >>> Step 1: Data Collection
2026-08-24 10:01:15,282 [INFO] [Data] Fetching ['SPY'] history for 400 days...
2026-08-24 10:01:15,449 [INFO] [Data] VIX fetched: 15.13
2026-08-24 10:01:15,449 [INFO] >>> Step 2: Indicator Calculation
2026-08-24 10:01:15,452 [INFO] Market Data: Price=765.72, VIX=15.13, MDD=-1.56%
2026-08-24 10:01:15,452 [INFO] >>> Step 3: Strategy Analysis
2026-08-24 10:01:15,452 [INFO] Regime: Bull | Target Exposure: 1.00
2026-08-24 10:01:15,452 [INFO] >>> Step 4: Portfolio Status
2026-08-24 10:01:16,117 [INFO] Fetching Real-time prices from Broker...
2026-08-24 10:01:21,827 [INFO] Current Portfolio: Cash=$45,397, Value=$15,984,667
2026-08-24 10:01:22,015 [INFO] >>> Step 5: Deactivated (조회 전용, 매매 스킵)
2026-08-24 10:01:22,015 [INFO] >>> Step 6: Archiving Data
2026-08-24 10:01:22,017 [INFO] Cycle Completed: regime=Bull exposure=1.00 orders=0 executions=0
