2026-06-10 14:45:33,845 [INFO] === Initializing Trading Bot (multi-account) ===
2026-06-10 14:45:33,846 [INFO] Loaded 1 account(s) from accounts.yaml
2026-06-10 14:45:33,846 [INFO] [my_test] engine=DomesticAsset5RealEngine market=domestic mode=LIVE
2026-06-10 14:45:34,502 [INFO] [KisBroker] 새 토큰 발급 완료 (expires_at=2026-06-11 05:45:34)
2026-06-10 14:45:34,502 [INFO] [KisDomesticLiveBroker] Mode: LIVE TRADING
2026-06-10 14:45:34,503 [INFO] Restored previous regime: Bull
2026-06-10 14:45:35,587 [INFO] >>> Step 1: Data Collection
2026-06-10 14:45:35,588 [INFO] [Data] Fetching ['SPY'] history for 400 days...
2026-06-10 14:45:35,882 [INFO] [Data] VIX fetched: 18.92
2026-06-10 14:45:35,882 [INFO] >>> Step 2: Indicator Calculation
2026-06-10 14:45:35,885 [INFO] Market Data: Price=739.22, VIX=18.92, MDD=-2.68%
2026-06-10 14:45:35,885 [INFO] >>> Step 3: Strategy Analysis
2026-06-10 14:45:35,886 [INFO] Regime: Bull | Target Exposure: 1.00
2026-06-10 14:45:35,886 [INFO] >>> Step 4: Portfolio Status
2026-06-10 14:45:36,602 [ERROR] [KisDomestic] Error getting portfolio: 500 Server Error: Internal Server Error for url: https://openapi.koreainvestment.com:9443/uapi/domestic-stock/v1/trading/inquire-balance?CANO=90005152&ACNT_PRDT_CD=01&AFHR_FLPR_YN=N&OFL_YN=&INQR_DVSN=01&UNPR_DVSN=01&FUND_STTL_ICLD_YN=N&FNCG_AMT_AUTO_RDPT_YN=N&PRCS_DVSN=00&CTX_AREA_FK100=&CTX_AREA_NK100=
2026-06-10 14:45:36,603 [INFO] Fetching Real-time prices from Broker...
2026-06-10 14:45:39,584 [INFO] Current Portfolio: Cash=$0, Value=$0
2026-06-10 14:45:39,584 [INFO] >>> Step 5: Rebalancing
2026-06-10 14:45:39,584 [INFO] [입력] Regime=Bull | TargetExposure=1.00 | TotalValue=$0.00 | Cash=$0.00
2026-06-10 14:45:39,585 [INFO] [포트폴리오 현황]
2026-06-10 14:45:39,585 [INFO]   A그룹(성장): $        0.00 (  0.0%)
2026-06-10 14:45:39,585 [INFO]   B그룹(안전): $        0.00 (  0.0%)
2026-06-10 14:45:39,585 [INFO]   C그룹(현금): $        0.00 (  0.0%)
2026-06-10 14:45:39,585 [INFO]   현금(예수금): $       0.00 (  0.0%)
2026-06-10 14:45:39,585 [INFO] [비중 판정] 첫 투자 → 40:60 초기 비율 적용
2026-06-10 14:45:39,585 [INFO] [목표 금액]
2026-06-10 14:45:39,585 [INFO]   A그룹: 현재 $      0.00 → 목표 $      0.00  (exposure 1.00 × ratio 0.40)
2026-06-10 14:45:39,585 [INFO]   B그룹: 현재 $      0.00 → 목표 $      0.00  (exposure 1.00 × ratio 0.60)
2026-06-10 14:45:39,585 [INFO]   C그룹: 현재 $      0.00 → 목표 $      0.00  (잔여)
2026-06-10 14:45:39,585 [INFO] [A그룹(성장) 종목별]
2026-06-10 14:45:39,585 [INFO]   KODEX 코스피: 보유 0주 $0.00 → 목표 $0.00 | diff=+0.00 → 주문 없음
2026-06-10 14:45:39,585 [INFO]   TIGER 미국나스닥100: 보유 0주 $0.00 → 목표 $0.00 | diff=+0.00 → 주문 없음
2026-06-10 14:45:39,585 [INFO] [B그룹(안전) 종목별]
2026-06-10 14:45:39,586 [INFO]   ACE 국고채10년: 보유 0주 $0.00 → 목표 $0.00 | diff=+0.00 → 주문 없음
2026-06-10 14:45:39,586 [INFO]   TIGER 미국채10년선물: 보유 0주 $0.00 → 목표 $0.00 | diff=+0.00 → 주문 없음
2026-06-10 14:45:39,586 [INFO]   ACE KRX금현물: 보유 0주 $0.00 → 목표 $0.00 | diff=+0.00 → 주문 없음
2026-06-10 14:45:39,586 [INFO] [최종 주문] 주문 없음
2026-06-10 14:45:39,586 [INFO] [결정 사유] 첫 투자: 주문 단위 미달로 진입 불가
2026-06-10 14:45:39,586 [INFO] No Rebalance Needed.
2026-06-10 14:45:39,795 [INFO] >>> Step 6: Archiving Data
2026-06-10 14:45:39,798 [INFO] Cycle Completed: regime=Bull exposure=1.00 orders=0 executions=0
