2026-05-22 14:11:25,644 [INFO] === Initializing Trading Bot (multi-account) ===
2026-05-22 14:11:25,645 [INFO] Loaded 1 account(s) from accounts.yaml
2026-05-22 14:11:25,646 [INFO] [my_test] engine=DomesticAsset5RealEngine market=domestic mode=LIVE
2026-05-22 14:11:25,646 [INFO] [KisBroker] 캐시에서 토큰 로드 (API 호출 생략)
2026-05-22 14:11:25,646 [INFO] [KisDomesticLiveBroker] Mode: LIVE TRADING
2026-05-22 14:11:25,646 [INFO] Restored previous regime: Bull
2026-05-22 14:11:26,843 [INFO] >>> Step 1: Data Collection
2026-05-22 14:11:26,844 [INFO] [Data] Fetching ['SPY'] history for 400 days...
2026-05-22 14:11:27,130 [INFO] [Data] VIX fetched: 16.76
2026-05-22 14:11:27,131 [INFO] >>> Step 2: Indicator Calculation
2026-05-22 14:11:27,133 [INFO] Market Data: Price=742.72, VIX=16.76, MDD=-0.73%
2026-05-22 14:11:27,133 [INFO] >>> Step 3: Strategy Analysis
2026-05-22 14:11:27,133 [INFO] Regime: Bull | Target Exposure: 1.00
2026-05-22 14:11:27,134 [INFO] >>> Step 4: Portfolio Status
2026-05-22 14:11:27,975 [INFO] Fetching Real-time prices from Broker...
2026-05-22 14:11:31,747 [INFO] Current Portfolio: Cash=$193,009, Value=$4,371,449
2026-05-22 14:11:31,747 [INFO] >>> Step 5: Rebalancing
2026-05-22 14:11:31,747 [INFO] [입력] Regime=Bull | TargetExposure=1.00 | TotalValue=$4,371,449.00 | Cash=$193,009.00
2026-05-22 14:11:31,747 [INFO] [포트폴리오 현황]
2026-05-22 14:11:31,747 [INFO]   A그룹(성장): $1,680,085.00 ( 38.4%)
2026-05-22 14:11:31,748 [INFO]   B그룹(안전): $2,498,355.00 ( 57.2%)
2026-05-22 14:11:31,748 [INFO]   C그룹(현금): $        0.00 (  0.0%)
2026-05-22 14:11:31,748 [INFO]   현금(예수금): $ 193,009.00 (  4.4%)
2026-05-22 14:11:31,748 [INFO] [비중 판정] ratio_A=0.402  ratio_B=0.598
2026-05-22 14:11:31,748 [INFO]   A 상대이탈: 0.5% | B 상대이탈: 0.3% | 임계치: 7.5% → 비율 유지 (리밸런싱 불필요)
2026-05-22 14:11:31,748 [INFO] [목표 금액]
2026-05-22 14:11:31,748 [INFO]   A그룹: 현재 $1,680,085.00 → 목표 $1,757,690.88  (exposure 1.00 × ratio 0.40)
2026-05-22 14:11:31,748 [INFO]   B그룹: 현재 $2,498,355.00 → 목표 $2,613,758.12  (exposure 1.00 × ratio 0.60)
2026-05-22 14:11:31,748 [INFO]   C그룹: 현재 $      0.00 → 목표 $      0.00  (잔여)
2026-05-22 14:11:31,748 [INFO] [A그룹(성장) 종목별]
2026-05-22 14:11:31,748 [INFO]   KODEX 코스피: 보유 11주 $888,085.00 → 목표 $878,845.44 | diff=-9,239.56 → SELL 1주 @$80735.00
2026-05-22 14:11:31,748 [INFO]   TIGER 미국나스닥100: 보유 4주 $792,000.00 → 목표 $878,845.44 | diff=+86,845.44 → 주문 없음 (수량 미달)
2026-05-22 14:11:31,748 [INFO] [B그룹(안전) 종목별]
2026-05-22 14:11:31,748 [INFO]   ACE 국고채10년: 보유 10주 $827,100.00 → 목표 $871,252.71 | diff=+44,152.71 → 주문 없음 (수량 미달)
2026-05-22 14:11:31,748 [INFO]   TIGER 미국채10년선물: 보유 63주 $853,020.00 → 목표 $871,252.71 | diff=+18,232.71 → BUY 1주 @$13540.00
2026-05-22 14:11:31,748 [INFO]   ACE KRX금현물: 보유 27주 $818,235.00 → 목표 $871,252.71 | diff=+53,017.71 → BUY 1주 @$30305.00
2026-05-22 14:11:31,748 [INFO] [최종 주문] 주문 없음
2026-05-22 14:11:31,748 [INFO] [결정 사유] 비율 유지, 추가 주문 없음
2026-05-22 14:11:31,749 [INFO] No Rebalance Needed.
2026-05-22 14:11:31,839 [INFO] >>> Step 6: Archiving Data
2026-05-22 14:11:31,842 [INFO] Cycle Completed: regime=Bull exposure=1.00 orders=0 executions=0
