2026-07-08 14:01:27,021 [INFO] === Initializing Trading Bot (multi-account) ===
2026-07-08 14:01:27,022 [INFO] Loaded 1 account(s) from accounts.yaml
2026-07-08 14:01:27,022 [INFO] [my_test] engine=DomesticAsset5RealEngine market=domestic mode=LIVE
2026-07-08 14:01:27,632 [INFO] [KisBroker] 새 토큰 발급 완료 (expires_at=2026-07-09 05:01:27)
2026-07-08 14:01:27,633 [INFO] [KisDomesticLiveBroker] Mode: LIVE TRADING
2026-07-08 14:01:27,634 [INFO] Restored previous regime: Bull
2026-07-08 14:01:28,743 [INFO] >>> Step 1: Data Collection
2026-07-08 14:01:28,743 [INFO] [Data] Fetching ['SPY'] history for 400 days...
2026-07-08 14:01:29,045 [INFO] [Data] VIX fetched: 16.13
2026-07-08 14:01:29,045 [INFO] >>> Step 2: Indicator Calculation
2026-07-08 14:01:29,048 [INFO] Market Data: Price=747.71, VIX=16.13, MDD=-1.56%
2026-07-08 14:01:29,048 [INFO] >>> Step 3: Strategy Analysis
2026-07-08 14:01:29,048 [INFO] Regime: Bull | Target Exposure: 1.00
2026-07-08 14:01:29,048 [INFO] >>> Step 4: Portfolio Status
2026-07-08 14:01:29,737 [INFO] Fetching Real-time prices from Broker...
2026-07-08 14:01:34,190 [INFO] Current Portfolio: Cash=$38,261, Value=$4,218,176
2026-07-08 14:01:34,190 [INFO] >>> Step 5: Rebalancing
2026-07-08 14:01:34,190 [INFO] [입력] Regime=Bull | TargetExposure=1.00 | TotalValue=$4,218,176.00 | Cash=$38,261.00
2026-07-08 14:01:34,190 [INFO] [포트폴리오 현황]
2026-07-08 14:01:34,190 [INFO]   A그룹(성장): $1,608,015.00 ( 38.1%)
2026-07-08 14:01:34,191 [INFO]   B그룹(안전): $2,571,900.00 ( 61.0%)
2026-07-08 14:01:34,191 [INFO]   C그룹(현금): $        0.00 (  0.0%)
2026-07-08 14:01:34,191 [INFO]   현금(예수금): $  38,261.00 (  0.9%)
2026-07-08 14:01:34,191 [INFO] [비중 판정] ratio_A=0.385  ratio_B=0.615
2026-07-08 14:01:34,191 [INFO]   A 상대이탈: 3.8% | B 상대이탈: 2.5% | 임계치: 7.5% → 비율 유지 (리밸런싱 불필요)
2026-07-08 14:01:34,191 [INFO] [목표 금액]
2026-07-08 14:01:34,191 [INFO]   A그룹: 현재 $1,608,015.00 → 목표 $1,622,734.02  (exposure 1.00 × ratio 0.38)
2026-07-08 14:01:34,191 [INFO]   B그룹: 현재 $2,571,900.00 → 목표 $2,595,441.98  (exposure 1.00 × ratio 0.62)
2026-07-08 14:01:34,191 [INFO]   C그룹: 현재 $      0.00 → 목표 $      0.00  (잔여)
2026-07-08 14:01:34,191 [INFO] [A그룹(성장) 종목별]
2026-07-08 14:01:34,191 [INFO]   KODEX 코스피: 보유 11주 $827,475.00 → 목표 $811,367.01 | diff=-16,107.99 → SELL 1주 @$75225.00
2026-07-08 14:01:34,191 [INFO]   TIGER 미국나스닥100: 보유 4주 $780,540.00 → 목표 $811,367.01 | diff=+30,827.01 → 주문 없음 (수량 미달)
2026-07-08 14:01:34,191 [INFO] [B그룹(안전) 종목별]
2026-07-08 14:01:34,192 [INFO]   ACE 국고채10년: 보유 10주 $824,700.00 → 목표 $865,147.33 | diff=+40,447.33 → 주문 없음 (수량 미달)
2026-07-08 14:01:34,192 [INFO]   TIGER 미국채10년선물: 보유 64주 $865,920.00 → 목표 $865,147.33 | diff=-772.67 → SELL 1주 @$13530.00
2026-07-08 14:01:34,192 [INFO]   ACE KRX금현물: 보유 32주 $881,280.00 → 목표 $865,147.33 | diff=-16,132.67 → SELL 1주 @$27540.00
2026-07-08 14:01:34,192 [INFO] [최종 주문] 주문 없음
2026-07-08 14:01:34,192 [INFO] [결정 사유] 비율 유지, 추가 주문 없음
2026-07-08 14:01:34,192 [INFO] No Rebalance Needed.
2026-07-08 14:01:34,729 [INFO] >>> Step 6: Archiving Data
2026-07-08 14:01:34,733 [INFO] Cycle Completed: regime=Bull exposure=1.00 orders=0 executions=0
