2026-05-14 13:55:35,776 [INFO] === Initializing Trading Bot (multi-account) ===
2026-05-14 13:55:35,777 [INFO] Loaded 1 account(s) from accounts.yaml
2026-05-14 13:55:35,778 [INFO] [my_test] engine=DomesticAsset5RealEngine market=domestic mode=LIVE
2026-05-14 13:55:35,778 [INFO] [KisBroker] 캐시에서 토큰 로드 (API 호출 생략)
2026-05-14 13:55:35,778 [INFO] [KisDomesticLiveBroker] Mode: LIVE TRADING
2026-05-14 13:55:35,778 [INFO] Restored previous regime: Bull
2026-05-14 13:55:37,470 [INFO] >>> Step 1: Data Collection
2026-05-14 13:55:37,470 [INFO] [Data] Fetching ['SPY'] history for 400 days...
2026-05-14 13:55:38,105 [INFO] [Data] VIX fetched: 17.87
2026-05-14 13:55:38,105 [INFO] >>> Step 2: Indicator Calculation
2026-05-14 13:55:38,108 [INFO] Market Data: Price=742.31, VIX=17.87, MDD=0.00%
2026-05-14 13:55:38,108 [INFO] >>> Step 3: Strategy Analysis
2026-05-14 13:55:38,108 [INFO] Regime: Bull | Target Exposure: 1.00
2026-05-14 13:55:38,108 [INFO] >>> Step 4: Portfolio Status
2026-05-14 13:55:38,935 [INFO] Fetching Real-time prices from Broker...
2026-05-14 13:55:42,589 [INFO] Current Portfolio: Cash=$193,009, Value=$4,380,619
2026-05-14 13:55:42,589 [INFO] >>> Step 5: Rebalancing
2026-05-14 13:55:42,589 [INFO] [입력] Regime=Bull | TargetExposure=1.00 | TotalValue=$4,380,619.00 | Cash=$193,009.00
2026-05-14 13:55:42,589 [INFO] [포트폴리오 현황]
2026-05-14 13:55:42,590 [INFO]   A그룹(성장): $1,672,445.00 ( 38.2%)
2026-05-14 13:55:42,590 [INFO]   B그룹(안전): $2,515,165.00 ( 57.4%)
2026-05-14 13:55:42,590 [INFO]   C그룹(현금): $        0.00 (  0.0%)
2026-05-14 13:55:42,590 [INFO]   현금(예수금): $ 193,009.00 (  4.4%)
2026-05-14 13:55:42,590 [INFO] [비중 판정] ratio_A=0.399  ratio_B=0.601
2026-05-14 13:55:42,590 [INFO]   A 상대이탈: 0.2% | B 상대이탈: 0.1% | 임계치: 7.5% → 비율 유지 (리밸런싱 불필요)
2026-05-14 13:55:42,590 [INFO] [목표 금액]
2026-05-14 13:55:42,590 [INFO]   A그룹: 현재 $1,672,445.00 → 목표 $1,749,528.81  (exposure 1.00 × ratio 0.40)
2026-05-14 13:55:42,590 [INFO]   B그룹: 현재 $2,515,165.00 → 목표 $2,631,090.19  (exposure 1.00 × ratio 0.60)
2026-05-14 13:55:42,590 [INFO]   C그룹: 현재 $      0.00 → 목표 $      0.00  (잔여)
2026-05-14 13:55:42,590 [INFO] [A그룹(성장) 종목별]
2026-05-14 13:55:42,590 [INFO]   KODEX 코스피: 보유 11주 $893,365.00 → 목표 $874,764.41 | diff=-18,600.59 → SELL 1주 @$81215.00
2026-05-14 13:55:42,590 [INFO]   TIGER 미국나스닥100: 보유 4주 $779,080.00 → 목표 $874,764.41 | diff=+95,684.41 → 주문 없음 (수량 미달)
2026-05-14 13:55:42,590 [INFO] [B그룹(안전) 종목별]
2026-05-14 13:55:42,590 [INFO]   ACE 국고채10년: 보유 10주 $829,600.00 → 목표 $877,030.06 | diff=+47,430.06 → 주문 없음 (수량 미달)
2026-05-14 13:55:42,590 [INFO]   TIGER 미국채10년선물: 보유 63주 $844,515.00 → 목표 $877,030.06 | diff=+32,515.06 → BUY 2주 @$13405.00
2026-05-14 13:55:42,590 [INFO]   ACE KRX금현물: 보유 27주 $841,050.00 → 목표 $877,030.06 | diff=+35,980.06 → BUY 1주 @$31150.00
2026-05-14 13:55:42,590 [INFO] [최종 주문] 주문 없음
2026-05-14 13:55:42,590 [INFO] [결정 사유] 비율 유지, 추가 주문 없음
2026-05-14 13:55:42,590 [INFO] No Rebalance Needed.
2026-05-14 13:55:42,694 [INFO] >>> Step 6: Archiving Data
2026-05-14 13:55:42,696 [INFO] Cycle Completed: regime=Bull exposure=1.00 orders=0 executions=0
