2026-08-04 10:00:53,913 [INFO] === Initializing Trading Bot (multi-account) ===
2026-08-04 10:00:53,916 [INFO] Loaded 4 account(s) from accounts.yaml
2026-08-04 10:00:53,916 [INFO] [my_test] engine=DomesticQldDipBuyEngine market=domestic mode=LIVE state=ACTIVE
2026-08-04 10:00:54,651 [INFO] [KisBroker] 새 토큰 발급 완료 (expires_at=2026-08-05 01:00:54)
2026-08-04 10:00:54,652 [INFO] [KisDomesticLiveBroker] Mode: LIVE TRADING
2026-08-04 10:00:54,653 [INFO] Restored previous regime: Bull
2026-08-04 10:00:54,653 [INFO] [my_isa] engine=DomesticVolManagedEngine market=domestic mode=LIVE state=INACTIVE(조회전용)
2026-08-04 10:00:55,388 [INFO] [KisBroker] 새 토큰 발급 완료 (expires_at=2026-08-05 01:00:55)
2026-08-04 10:00:55,389 [INFO] [KisDomesticLiveBroker] Mode: LIVE TRADING
2026-08-04 10:00:55,389 [INFO] Restored previous regime: Bull
2026-08-04 10:00:55,390 [INFO] [my_pension] engine=DomesticAsset5RealEngine market=domestic mode=LIVE state=INACTIVE(조회전용)
2026-08-04 10:00:56,097 [INFO] [KisBroker] 새 토큰 발급 완료 (expires_at=2026-08-05 01:00:56)
2026-08-04 10:00:56,098 [INFO] [KisDomesticLiveBroker] Mode: LIVE TRADING
2026-08-04 10:00:56,099 [INFO] Restored previous regime: Bull
2026-08-04 10:00:56,099 [INFO] [my_irp] engine=DomesticAsset5RealEngine market=domestic mode=LIVE state=INACTIVE(조회전용)
2026-08-04 10:00:56,832 [INFO] [KisBroker] 새 토큰 발급 완료 (expires_at=2026-08-05 01:00:56)
2026-08-04 10:00:56,833 [INFO] [KisDomesticLiveBroker] Mode: LIVE TRADING
2026-08-04 10:00:56,880 [INFO] Restored previous regime: Bull
2026-08-04 10:00:56,881 [INFO] ===== [my_test] 계좌 실행 시작 =====
2026-08-04 10:00:56,881 [INFO] >>> Step 1: Data Collection
2026-08-04 10:00:56,881 [INFO] [Data] Fetching ['SPY'] history for 400 days...
2026-08-04 10:00:57,347 [INFO] [Data] Fetching ['418660.KS'] history for 400 days...
2026-08-04 10:00:57,562 [INFO] [Data] VIX fetched: 15.86
2026-08-04 10:00:57,562 [INFO] >>> Step 2: Indicator Calculation
2026-08-04 10:00:57,570 [INFO] Market Data: Price=757.67, VIX=15.86, MDD=-0.25%
2026-08-04 10:00:57,570 [INFO] >>> Step 3: Strategy Analysis
2026-08-04 10:00:57,570 [INFO] Regime: Bull | Target Exposure: 1.00
2026-08-04 10:00:57,570 [INFO] >>> Step 4: Portfolio Status
2026-08-04 10:00:58,395 [INFO] Fetching Real-time prices from Broker...
2026-08-04 10:01:01,939 [INFO] Current Portfolio: Cash=$6,786, Value=$10,211,666
2026-08-04 10:01:02,072 [INFO] >>> Step 5: DomesticQldDipBuy (대기(IDLE))
2026-08-04 10:01:02,073 [INFO] No Rebalance Needed.
2026-08-04 10:01:02,073 [INFO] >>> Step 6: Archiving Data
2026-08-04 10:01:02,079 [INFO] Cycle Completed: regime=Bull exposure=1.00 orders=0 executions=0
2026-08-04 10:01:02,079 [INFO] ===== [my_isa] 계좌 실행 시작 =====
2026-08-04 10:01:02,079 [INFO] >>> Step 1: Data Collection
2026-08-04 10:01:02,079 [INFO] [Data] Fetching ['133690.KS'] history for 400 days...
2026-08-04 10:01:02,258 [INFO] [Data] VIX fetched: 15.86
2026-08-04 10:01:02,258 [INFO] >>> Step 2: Indicator Calculation
2026-08-04 10:01:02,261 [INFO] Market Data: Price=181420.00, VIX=15.86, MDD=-12.69%
2026-08-04 10:01:02,261 [INFO] >>> Step 3: Strategy Analysis
2026-08-04 10:01:02,261 [INFO] >>> VolManaged: vol=26.39% → L=0.83x (TIGER 미국나스닥100레버리지(합성) 0%, 위험 83%, 현금 17%)
2026-08-04 10:01:02,261 [INFO] Regime: Bull | Target Exposure: 0.83
2026-08-04 10:01:02,261 [INFO] >>> Step 4: Portfolio Status
2026-08-04 10:01:03,061 [WARNING] [KisDomestic] Portfolio API HTTP 500; retrying (2/3)
2026-08-04 10:01:04,887 [INFO] Fetching Real-time prices from Broker...
2026-08-04 10:01:09,840 [INFO] Current Portfolio: Cash=$161,698, Value=$39,218,533
2026-08-04 10:01:10,025 [INFO] >>> Step 5: Deactivated (조회 전용, 매매 스킵)
2026-08-04 10:01:10,025 [INFO] >>> Step 6: Archiving Data
2026-08-04 10:01:10,027 [INFO] Cycle Completed: regime=Bull exposure=0.83 orders=0 executions=0
2026-08-04 10:01:10,028 [INFO] ===== [my_pension] 계좌 실행 시작 =====
2026-08-04 10:01:10,028 [INFO] >>> Step 1: Data Collection
2026-08-04 10:01:10,028 [INFO] [Data] Fetching ['SPY'] history for 400 days...
2026-08-04 10:01:10,206 [INFO] [Data] VIX fetched: 15.86
2026-08-04 10:01:10,207 [INFO] >>> Step 2: Indicator Calculation
2026-08-04 10:01:10,210 [INFO] Market Data: Price=757.67, VIX=15.86, MDD=-0.25%
2026-08-04 10:01:10,210 [INFO] >>> Step 3: Strategy Analysis
2026-08-04 10:01:10,210 [INFO] Regime: Bull | Target Exposure: 1.00
2026-08-04 10:01:10,210 [INFO] >>> Step 4: Portfolio Status
2026-08-04 10:01:11,024 [INFO] Fetching Real-time prices from Broker...
2026-08-04 10:01:18,807 [INFO] Current Portfolio: Cash=$200,901, Value=$40,256,266
2026-08-04 10:01:19,140 [INFO] >>> Step 5: Deactivated (조회 전용, 매매 스킵)
2026-08-04 10:01:19,140 [INFO] >>> Step 6: Archiving Data
2026-08-04 10:01:19,142 [INFO] Cycle Completed: regime=Bull exposure=1.00 orders=0 executions=0
2026-08-04 10:01:19,142 [INFO] ===== [my_irp] 계좌 실행 시작 =====
2026-08-04 10:01:19,142 [INFO] >>> Step 1: Data Collection
2026-08-04 10:01:19,142 [INFO] [Data] Fetching ['SPY'] history for 400 days...
2026-08-04 10:01:19,307 [INFO] [Data] VIX fetched: 15.86
2026-08-04 10:01:19,307 [INFO] >>> Step 2: Indicator Calculation
2026-08-04 10:01:19,310 [INFO] Market Data: Price=757.67, VIX=15.86, MDD=-0.25%
2026-08-04 10:01:19,310 [INFO] >>> Step 3: Strategy Analysis
2026-08-04 10:01:19,311 [INFO] Regime: Bull | Target Exposure: 1.00
2026-08-04 10:01:19,311 [INFO] >>> Step 4: Portfolio Status
2026-08-04 10:01:20,129 [INFO] Fetching Real-time prices from Broker...
2026-08-04 10:01:27,981 [INFO] Current Portfolio: Cash=$30,009, Value=$15,678,324
2026-08-04 10:01:28,220 [INFO] >>> Step 5: Deactivated (조회 전용, 매매 스킵)
2026-08-04 10:01:28,220 [INFO] >>> Step 6: Archiving Data
2026-08-04 10:01:28,222 [INFO] Cycle Completed: regime=Bull exposure=1.00 orders=0 executions=0
2026-08-04 14:00:56,369 [INFO] === Initializing Trading Bot (multi-account) ===
2026-08-04 14:00:56,371 [INFO] Loaded 4 account(s) from accounts.yaml
2026-08-04 14:00:56,371 [INFO] [my_test] engine=DomesticQldDipBuyEngine market=domestic mode=LIVE state=ACTIVE
2026-08-04 14:00:56,371 [INFO] [KisBroker] 캐시에서 토큰 로드 (API 호출 생략)
2026-08-04 14:00:56,371 [INFO] [KisDomesticLiveBroker] Mode: LIVE TRADING
2026-08-04 14:00:56,372 [INFO] Restored previous regime: Bull
2026-08-04 14:00:56,372 [INFO] [my_isa] engine=DomesticVolManagedEngine market=domestic mode=LIVE state=INACTIVE(조회전용)
2026-08-04 14:00:56,372 [INFO] [KisBroker] 캐시에서 토큰 로드 (API 호출 생략)
2026-08-04 14:00:56,372 [INFO] [KisDomesticLiveBroker] Mode: LIVE TRADING
2026-08-04 14:00:56,373 [INFO] Restored previous regime: Bull
2026-08-04 14:00:56,373 [INFO] [my_pension] engine=DomesticAsset5RealEngine market=domestic mode=LIVE state=INACTIVE(조회전용)
2026-08-04 14:00:56,373 [INFO] [KisBroker] 캐시에서 토큰 로드 (API 호출 생략)
2026-08-04 14:00:56,373 [INFO] [KisDomesticLiveBroker] Mode: LIVE TRADING
2026-08-04 14:00:56,374 [INFO] Restored previous regime: Bull
2026-08-04 14:00:56,374 [INFO] [my_irp] engine=DomesticAsset5RealEngine market=domestic mode=LIVE state=INACTIVE(조회전용)
2026-08-04 14:00:56,374 [INFO] [KisBroker] 캐시에서 토큰 로드 (API 호출 생략)
2026-08-04 14:00:56,374 [INFO] [KisDomesticLiveBroker] Mode: LIVE TRADING
2026-08-04 14:00:56,374 [INFO] Restored previous regime: Bull
2026-08-04 14:00:56,375 [INFO] ===== [my_test] 계좌 실행 시작 =====
2026-08-04 14:00:56,375 [INFO] >>> Step 1: Data Collection
2026-08-04 14:00:56,375 [INFO] [Data] Fetching ['SPY'] history for 400 days...
2026-08-04 14:00:56,983 [INFO] [Data] Fetching ['418660.KS'] history for 400 days...
2026-08-04 14:00:57,349 [INFO] [Data] VIX fetched: 15.99
2026-08-04 14:00:57,350 [INFO] >>> Step 2: Indicator Calculation
2026-08-04 14:00:57,356 [INFO] Market Data: Price=747.03, VIX=15.99, MDD=-1.65%
2026-08-04 14:00:57,356 [INFO] >>> Step 3: Strategy Analysis
2026-08-04 14:00:57,356 [INFO] Regime: Bull | Target Exposure: 1.00
2026-08-04 14:00:57,356 [INFO] >>> Step 4: Portfolio Status
2026-08-04 14:00:58,065 [INFO] Fetching Real-time prices from Broker...
2026-08-04 14:01:00,959 [INFO] Current Portfolio: Cash=$6,786, Value=$10,336,176
2026-08-04 14:01:01,227 [INFO] >>> Step 5: DomesticQldDipBuy (대기(IDLE))
2026-08-04 14:01:01,227 [INFO] No Rebalance Needed.
2026-08-04 14:01:01,228 [INFO] >>> Step 6: Archiving Data
2026-08-04 14:01:01,232 [INFO] Cycle Completed: regime=Bull exposure=1.00 orders=0 executions=0
2026-08-04 14:01:01,232 [INFO] ===== [my_isa] 계좌 실행 시작 =====
2026-08-04 14:01:01,232 [INFO] >>> Step 1: Data Collection
2026-08-04 14:01:01,232 [INFO] [Data] Fetching ['133690.KS'] history for 400 days...
2026-08-04 14:01:01,570 [INFO] [Data] VIX fetched: 15.99
2026-08-04 14:01:01,570 [INFO] >>> Step 2: Indicator Calculation
2026-08-04 14:01:01,572 [INFO] Market Data: Price=182800.00, VIX=15.99, MDD=-12.02%
2026-08-04 14:01:01,572 [INFO] >>> Step 3: Strategy Analysis
2026-08-04 14:01:01,572 [INFO] >>> VolManaged: vol=26.91% → L=0.82x (TIGER 미국나스닥100레버리지(합성) 0%, 위험 82%, 현금 18%)
2026-08-04 14:01:01,572 [INFO] Regime: Bull | Target Exposure: 0.82
2026-08-04 14:01:01,572 [INFO] >>> Step 4: Portfolio Status
2026-08-04 14:01:02,260 [INFO] Fetching Real-time prices from Broker...
2026-08-04 14:01:06,244 [INFO] Current Portfolio: Cash=$161,698, Value=$40,693,653
2026-08-04 14:01:06,650 [INFO] >>> Step 5: Deactivated (조회 전용, 매매 스킵)
2026-08-04 14:01:06,650 [INFO] >>> Step 6: Archiving Data
2026-08-04 14:01:06,738 [INFO] Cycle Completed: regime=Bull exposure=0.82 orders=0 executions=0
2026-08-04 14:01:06,738 [INFO] ===== [my_pension] 계좌 실행 시작 =====
2026-08-04 14:01:06,738 [INFO] >>> Step 1: Data Collection
2026-08-04 14:01:06,738 [INFO] [Data] Fetching ['SPY'] history for 400 days...
2026-08-04 14:01:07,059 [INFO] [Data] VIX fetched: 15.99
2026-08-04 14:01:07,059 [INFO] >>> Step 2: Indicator Calculation
2026-08-04 14:01:07,061 [INFO] Market Data: Price=747.03, VIX=15.99, MDD=-1.65%
2026-08-04 14:01:07,061 [INFO] >>> Step 3: Strategy Analysis
2026-08-04 14:01:07,061 [INFO] Regime: Bull | Target Exposure: 1.00
2026-08-04 14:01:07,061 [INFO] >>> Step 4: Portfolio Status
2026-08-04 14:01:07,722 [INFO] Fetching Real-time prices from Broker...
2026-08-04 14:01:14,181 [INFO] Current Portfolio: Cash=$214,340, Value=$41,118,690
2026-08-04 14:01:14,705 [INFO] >>> Step 5: Deactivated (조회 전용, 매매 스킵)
2026-08-04 14:01:14,705 [INFO] >>> Step 6: Archiving Data
2026-08-04 14:01:14,706 [INFO] Cycle Completed: regime=Bull exposure=1.00 orders=0 executions=0
2026-08-04 14:01:14,706 [INFO] ===== [my_irp] 계좌 실행 시작 =====
2026-08-04 14:01:14,706 [INFO] >>> Step 1: Data Collection
2026-08-04 14:01:14,707 [INFO] [Data] Fetching ['SPY'] history for 400 days...
2026-08-04 14:01:15,087 [INFO] [Data] VIX fetched: 15.99
2026-08-04 14:01:15,087 [INFO] >>> Step 2: Indicator Calculation
2026-08-04 14:01:15,089 [INFO] Market Data: Price=747.03, VIX=15.99, MDD=-1.65%
2026-08-04 14:01:15,089 [INFO] >>> Step 3: Strategy Analysis
2026-08-04 14:01:15,089 [INFO] Regime: Bull | Target Exposure: 1.00
2026-08-04 14:01:15,090 [INFO] >>> Step 4: Portfolio Status
2026-08-04 14:01:15,752 [INFO] Fetching Real-time prices from Broker...
2026-08-04 14:01:22,099 [INFO] Current Portfolio: Cash=$30,009, Value=$15,866,504
2026-08-04 14:01:22,493 [INFO] >>> Step 5: Deactivated (조회 전용, 매매 스킵)
2026-08-04 14:01:22,493 [INFO] >>> Step 6: Archiving Data
2026-08-04 14:01:22,494 [INFO] Cycle Completed: regime=Bull exposure=1.00 orders=0 executions=0
