2026-06-24 10:01:00,956 [INFO] === Initializing Trading Bot (multi-account) ===
2026-06-24 10:01:00,957 [INFO] Loaded 1 account(s) from accounts.yaml
2026-06-24 10:01:00,957 [INFO] [my_test] engine=DomesticAsset5RealEngine market=domestic mode=LIVE
2026-06-24 10:01:01,663 [INFO] [KisBroker] 새 토큰 발급 완료 (expires_at=2026-06-25 01:01:01)
2026-06-24 10:01:01,664 [INFO] [KisDomesticLiveBroker] Mode: LIVE TRADING
2026-06-24 10:01:01,665 [INFO] Restored previous regime: Bull
2026-06-24 10:01:02,959 [INFO] >>> Step 1: Data Collection
2026-06-24 10:01:02,960 [INFO] [Data] Fetching ['SPY'] history for 400 days...
2026-06-24 10:01:03,369 [INFO] [Data] VIX fetched: 19.49
2026-06-24 10:01:03,370 [INFO] >>> Step 2: Indicator Calculation
2026-06-24 10:01:03,373 [INFO] Market Data: Price=733.58, VIX=19.49, MDD=-3.42%
2026-06-24 10:01:03,373 [INFO] >>> Step 3: Strategy Analysis
2026-06-24 10:01:03,373 [INFO] Regime: Bull | Target Exposure: 1.00
2026-06-24 10:01:03,373 [INFO] >>> Step 4: Portfolio Status
2026-06-24 10:01:04,160 [INFO] Fetching Real-time prices from Broker...
2026-06-24 10:01:07,617 [INFO] Current Portfolio: Cash=$93,031, Value=$4,393,901
2026-06-24 10:01:07,618 [INFO] >>> Step 5: Rebalancing
2026-06-24 10:01:07,618 [INFO] [입력] Regime=Bull | TargetExposure=1.00 | TotalValue=$4,393,901.00 | Cash=$93,031.00
2026-06-24 10:01:07,618 [INFO] [포트폴리오 현황]
2026-06-24 10:01:07,618 [INFO]   A그룹(성장): $1,760,990.00 ( 40.1%)
2026-06-24 10:01:07,618 [INFO]   B그룹(안전): $2,539,880.00 ( 57.8%)
2026-06-24 10:01:07,618 [INFO]   C그룹(현금): $        0.00 (  0.0%)
2026-06-24 10:01:07,618 [INFO]   현금(예수금): $  93,031.00 (  2.1%)
2026-06-24 10:01:07,618 [INFO] [비중 판정] ratio_A=0.409  ratio_B=0.591
2026-06-24 10:01:07,618 [INFO]   A 상대이탈: 2.4% | B 상대이탈: 1.6% | 임계치: 7.5% → 비율 유지 (리밸런싱 불필요)
2026-06-24 10:01:07,618 [INFO] [목표 금액]
2026-06-24 10:01:07,618 [INFO]   A그룹: 현재 $1,760,990.00 → 목표 $1,799,081.52  (exposure 1.00 × ratio 0.41)
2026-06-24 10:01:07,619 [INFO]   B그룹: 현재 $2,539,880.00 → 목표 $2,594,819.48  (exposure 1.00 × ratio 0.59)
2026-06-24 10:01:07,619 [INFO]   C그룹: 현재 $      0.00 → 목표 $      0.00  (잔여)
2026-06-24 10:01:07,619 [INFO] [A그룹(성장) 종목별]
2026-06-24 10:01:07,619 [INFO]   KODEX 코스피: 보유 11주 $956,890.00 → 목표 $899,540.76 | diff=-57,349.24 → SELL 1주 @$86990.00
2026-06-24 10:01:07,619 [INFO]   TIGER 미국나스닥100: 보유 4주 $804,100.00 → 목표 $899,540.76 | diff=+95,440.76 → 주문 없음 (수량 미달)
2026-06-24 10:01:07,619 [INFO] [B그룹(안전) 종목별]
2026-06-24 10:01:07,619 [INFO]   ACE 국고채10년: 보유 10주 $826,450.00 → 목표 $864,939.83 | diff=+38,489.83 → 주문 없음 (수량 미달)
2026-06-24 10:01:07,619 [INFO]   TIGER 미국채10년선물: 보유 64주 $882,880.00 → 목표 $864,939.83 | diff=-17,940.17 → SELL 2주 @$13795.00
2026-06-24 10:01:07,619 [INFO]   ACE KRX금현물: 보유 30주 $830,550.00 → 목표 $864,939.83 | diff=+34,389.83 → BUY 1주 @$27685.00
2026-06-24 10:01:07,619 [INFO] [최종 주문] SELL 0건 + BUY 1건 (총 주문금액: $27,685.00 / 자산대비 0.6%)
2026-06-24 10:01:07,619 [INFO] [결정 사유] 비율 유지, 현금 소진 매수
2026-06-24 10:01:07,619 [INFO] Executing 1 orders (비율 유지, 현금 소진 매수)
2026-06-24 10:01:08,490 [INFO] [KisBroker] Available Cash for BUY: 93,031
2026-06-24 10:01:10,923 [INFO] [KisDomestic] Order Sent: BUY 411060.KS 1 @ 27685 (ODNO=0017938000)
2026-06-24 10:01:12,099 [INFO] [KisDomestic] Order FILLED: 411060.KS ODNO=0017938000 price=27685.0 qty=1 fee=4.152749999999999
2026-06-24 10:01:12,300 [INFO] Order Summary: total=1 filled=1 partial=0 ordered=0 rejected=0 failed=0
2026-06-24 10:01:16,399 [INFO] Updated Portfolio: Cash=$65,346, Value=$4,393,726
2026-06-24 10:01:16,399 [INFO] >>> Step 6: Archiving Data
2026-06-24 10:01:16,402 [INFO] Cycle Completed: regime=Bull exposure=1.00 orders=1 executions=1
2026-06-24 14:01:05,407 [INFO] === Initializing Trading Bot (multi-account) ===
2026-06-24 14:01:05,408 [INFO] Loaded 1 account(s) from accounts.yaml
2026-06-24 14:01:05,408 [INFO] [my_test] engine=DomesticAsset5RealEngine market=domestic mode=LIVE
2026-06-24 14:01:05,408 [INFO] [KisBroker] 캐시에서 토큰 로드 (API 호출 생략)
2026-06-24 14:01:05,408 [INFO] [KisDomesticLiveBroker] Mode: LIVE TRADING
2026-06-24 14:01:05,408 [INFO] Restored previous regime: Bull
2026-06-24 14:01:07,013 [INFO] >>> Step 1: Data Collection
2026-06-24 14:01:07,015 [INFO] [Data] Fetching ['SPY'] history for 400 days...
2026-06-24 14:01:07,848 [INFO] [Data] VIX fetched: 19.49
2026-06-24 14:01:07,848 [INFO] >>> Step 2: Indicator Calculation
2026-06-24 14:01:07,850 [INFO] Market Data: Price=733.58, VIX=19.49, MDD=-3.42%
2026-06-24 14:01:07,850 [INFO] >>> Step 3: Strategy Analysis
2026-06-24 14:01:07,850 [INFO] Regime: Bull | Target Exposure: 1.00
2026-06-24 14:01:07,850 [INFO] >>> Step 4: Portfolio Status
2026-06-24 14:01:08,598 [INFO] Fetching Real-time prices from Broker...
2026-06-24 14:01:12,185 [INFO] Current Portfolio: Cash=$65,346, Value=$4,389,006
2026-06-24 14:01:12,186 [INFO] >>> Step 5: Monitoring (리밸런싱 인터벌 미충족, 1일 기준)
2026-06-24 14:01:12,809 [INFO] >>> Step 6: Archiving Data
2026-06-24 14:01:12,832 [INFO] Cycle Completed: regime=Bull exposure=1.00 orders=0 executions=0
