2026-05-08 13:22:43,300 [INFO] === Initializing Trading Bot (multi-account) ===
2026-05-08 13:22:43,301 [INFO] Loaded 1 account(s) from accounts.yaml
2026-05-08 13:22:43,301 [INFO] [my_test] engine=DomesticAsset5RealEngine market=domestic mode=LIVE
2026-05-08 13:22:43,302 [INFO] [KisBroker] 캐시에서 토큰 로드 (API 호출 생략)
2026-05-08 13:22:43,302 [INFO] [KisDomesticLiveBroker] Mode: LIVE TRADING
2026-05-08 13:22:43,302 [INFO] Restored previous regime: Bull
2026-05-08 13:22:44,434 [INFO] >>> Step 1: Data Collection
2026-05-08 13:22:44,434 [INFO] [Data] Fetching ['SPY'] history for 400 days...
2026-05-08 13:22:44,743 [INFO] [Data] VIX fetched: 17.08
2026-05-08 13:22:44,743 [INFO] >>> Step 2: Indicator Calculation
2026-05-08 13:22:44,746 [INFO] Market Data: Price=731.58, VIX=17.08, MDD=-0.31%
2026-05-08 13:22:44,746 [INFO] >>> Step 3: Strategy Analysis
2026-05-08 13:22:44,747 [INFO] Regime: Bull | Target Exposure: 1.00
2026-05-08 13:22:44,747 [INFO] >>> Step 4: Portfolio Status
2026-05-08 13:22:45,630 [INFO] Fetching Real-time prices from Broker...
2026-05-08 13:22:49,070 [INFO] Current Portfolio: Cash=$257,939, Value=$4,291,364
2026-05-08 13:22:49,071 [INFO] >>> Step 5: Rebalancing
2026-05-08 13:22:49,071 [INFO] [입력] Regime=Bull | TargetExposure=1.00 | TotalValue=$4,291,364.00 | Cash=$257,939.00
2026-05-08 13:22:49,071 [INFO] [포트폴리오 현황]
2026-05-08 13:22:49,071 [INFO]   A그룹(성장): $1,663,980.00 ( 38.8%)
2026-05-08 13:22:49,071 [INFO]   B그룹(안전): $2,369,445.00 ( 55.2%)
2026-05-08 13:22:49,071 [INFO]   C그룹(현금): $        0.00 (  0.0%)
2026-05-08 13:22:49,071 [INFO]   현금(예수금): $ 257,939.00 (  6.0%)
2026-05-08 13:22:49,071 [INFO] [비중 판정] ratio_A=0.413  ratio_B=0.587
2026-05-08 13:22:49,071 [INFO]   A 상대이탈: 3.1% | B 상대이탈: 2.1% | 임계치: 7.5% → 비율 유지 (리밸런싱 불필요)
2026-05-08 13:22:49,071 [INFO] [목표 금액]
2026-05-08 13:22:49,072 [INFO]   A그룹: 현재 $1,663,980.00 → 목표 $1,770,392.13  (exposure 1.00 × ratio 0.41)
2026-05-08 13:22:49,072 [INFO]   B그룹: 현재 $2,369,445.00 → 목표 $2,520,971.87  (exposure 1.00 × ratio 0.59)
2026-05-08 13:22:49,072 [INFO]   C그룹: 현재 $      0.00 → 목표 $      0.00  (잔여)
2026-05-08 13:22:49,072 [INFO] [A그룹(성장) 종목별]
2026-05-08 13:22:49,072 [INFO]   KODEX 코스피: 보유 12주 $919,200.00 → 목표 $885,196.06 | diff=-34,003.94 → SELL 1주 @$76600.00
2026-05-08 13:22:49,072 [INFO]   TIGER 미국나스닥100: 보유 4주 $744,780.00 → 목표 $885,196.06 | diff=+140,416.06 → 주문 없음 (수량 미달)
2026-05-08 13:22:49,072 [INFO] [B그룹(안전) 종목별]
2026-05-08 13:22:49,072 [INFO]   ACE 국고채10년: 보유 9주 $755,550.00 → 목표 $840,323.96 | diff=+84,773.96 → BUY 1주 @$83950.00
2026-05-08 13:22:49,072 [INFO]   TIGER 미국채10년선물: 보유 61주 $806,725.00 → 목표 $840,323.96 | diff=+33,598.96 → BUY 2주 @$13225.00
2026-05-08 13:22:49,072 [INFO]   ACE KRX금현물: 보유 26주 $807,170.00 → 목표 $840,323.96 | diff=+33,153.96 → BUY 1주 @$31045.00
2026-05-08 13:22:49,072 [INFO] [최종 주문] SELL 1건 + BUY 3건 (총 주문금액: $218,045.00 / 자산대비 5.1%)
2026-05-08 13:22:49,072 [INFO] [결정 사유] 비율 유지, exposure 조정으로 주문 발생
2026-05-08 13:22:49,072 [INFO] Executing 4 orders (비율 유지, exposure 조정으로 주문 발생)
2026-05-08 13:22:49,073 [INFO] [KisBroker] Processing 1 SELL orders...
2026-05-08 13:22:50,882 [INFO] [KisDomestic] Order Sent: SELL 226490.KS 1 @ 76550 (ODNO=0037466800)
2026-05-08 13:22:52,058 [INFO] [KisDomestic] Order FILLED: 226490.KS ODNO=0037466800 price=76550.0 qty=1 fee=11.482499999999998
2026-05-08 13:22:55,064 [INFO] [KisBroker] Available Cash for BUY: 334,479
2026-05-08 13:22:57,494 [INFO] [KisDomestic] Order Sent: BUY 365780.KS 1 @ 83950 (ODNO=0037474400)
2026-05-08 13:22:58,646 [INFO] [KisDomestic] Order FILLED: 365780.KS ODNO=0037474400 price=83950.0 qty=1 fee=12.5925
2026-05-08 13:22:59,634 [INFO] [KisBroker] Available Cash for BUY: 250,519
2026-05-08 13:23:02,153 [INFO] [KisDomestic] Order Sent: BUY 305080.KS 2 @ 13230 (ODNO=0037481100)
2026-05-08 13:23:03,364 [INFO] [KisDomestic] Order FILLED: 305080.KS ODNO=0037481100 price=13230.0 qty=2 fee=3.969
2026-05-08 13:23:04,345 [INFO] [KisBroker] Available Cash for BUY: 224,059
2026-05-08 13:23:06,789 [INFO] [KisDomestic] Order Sent: BUY 411060.KS 1 @ 31050 (ODNO=0037485100)
2026-05-08 13:23:07,921 [INFO] [KisDomestic] Order FILLED: 411060.KS ODNO=0037485100 price=31050.0 qty=1 fee=4.6575
2026-05-08 13:23:08,123 [INFO] Order Summary: total=4 filled=4 partial=0 ordered=0 rejected=0 failed=0
2026-05-08 13:23:12,074 [INFO] Updated Portfolio: Cash=$193,009, Value=$4,291,394
2026-05-08 13:23:12,074 [INFO] >>> Step 6: Archiving Data
2026-05-08 13:23:12,076 [INFO] Cycle Completed: regime=Bull exposure=1.00 orders=4 executions=4
