2026-05-06 13:39:47,951 [INFO] === Initializing Trading Bot (multi-account) ===
2026-05-06 13:39:47,952 [INFO] Loaded 1 account(s) from accounts.yaml
2026-05-06 13:39:47,952 [INFO] [my_test] engine=DomesticAsset5RealEngine market=domestic mode=LIVE
2026-05-06 13:39:48,602 [INFO] [KisBroker] 새 토큰 발급 완료 (expires_at=2026-05-07 04:39:48)
2026-05-06 13:39:48,603 [INFO] [KisDomesticLiveBroker] Mode: LIVE TRADING
2026-05-06 13:39:48,604 [INFO] Restored previous regime: Bull
2026-05-06 13:39:49,730 [INFO] >>> Step 1: Data Collection
2026-05-06 13:39:49,730 [INFO] [Data] Fetching ['SPY'] history for 400 days...
2026-05-06 13:39:49,975 [INFO] [Data] VIX fetched: 17.38
2026-05-06 13:39:49,975 [INFO] >>> Step 2: Indicator Calculation
2026-05-06 13:39:49,978 [INFO] Market Data: Price=723.77, VIX=17.38, MDD=0.00%
2026-05-06 13:39:49,978 [INFO] >>> Step 3: Strategy Analysis
2026-05-06 13:39:49,978 [INFO] Regime: Bull | Target Exposure: 1.00
2026-05-06 13:39:49,978 [INFO] >>> Step 4: Portfolio Status
2026-05-06 13:39:50,625 [INFO] Fetching Real-time prices from Broker...
2026-05-06 13:39:53,425 [INFO] Current Portfolio: Cash=$251,383, Value=$4,224,943
2026-05-06 13:39:53,426 [INFO] >>> Step 5: Rebalancing
2026-05-06 13:39:53,426 [INFO] [입력] Regime=Bull | TargetExposure=1.00 | TotalValue=$4,224,943.00 | Cash=$251,383.00
2026-05-06 13:39:53,426 [INFO] [포트폴리오 현황]
2026-05-06 13:39:53,426 [INFO]   A그룹(성장): $1,638,480.00 ( 38.8%)
2026-05-06 13:39:53,426 [INFO]   B그룹(안전): $2,335,080.00 ( 55.3%)
2026-05-06 13:39:53,426 [INFO]   C그룹(현금): $        0.00 (  0.0%)
2026-05-06 13:39:53,426 [INFO]   현금(예수금): $ 251,383.00 (  5.9%)
2026-05-06 13:39:53,426 [INFO] [비중 판정] ratio_A=0.412  ratio_B=0.588
2026-05-06 13:39:53,426 [INFO]   A 상대이탈: 3.1% | B 상대이탈: 2.1% | 임계치: 7.5% → 비율 유지 (리밸런싱 불필요)
2026-05-06 13:39:53,426 [INFO] [목표 금액]
2026-05-06 13:39:53,426 [INFO]   A그룹: 현재 $1,638,480.00 → 목표 $1,742,136.68  (exposure 1.00 × ratio 0.41)
2026-05-06 13:39:53,427 [INFO]   B그룹: 현재 $2,335,080.00 → 목표 $2,482,806.32  (exposure 1.00 × ratio 0.59)
2026-05-06 13:39:53,427 [INFO]   C그룹: 현재 $      0.00 → 목표 $      0.00  (잔여)
2026-05-06 13:39:53,427 [INFO] [A그룹(성장) 종목별]
2026-05-06 13:39:53,427 [INFO]   KODEX 코스피: 보유 12주 $911,700.00 → 목표 $871,068.34 | diff=-40,631.66 → SELL 1주 @$75975.00
2026-05-06 13:39:53,427 [INFO]   TIGER 미국나스닥100: 보유 4주 $726,780.00 → 목표 $871,068.34 | diff=+144,288.34 → 주문 없음 (수량 미달)
2026-05-06 13:39:53,427 [INFO] [B그룹(안전) 종목별]
2026-05-06 13:39:53,427 [INFO]   ACE 국고채10년: 보유 9주 $752,985.00 → 목표 $827,602.11 | diff=+74,617.11 → 주문 없음 (수량 미달)
2026-05-06 13:39:53,427 [INFO]   TIGER 미국채10년선물: 보유 61주 $800,015.00 → 목표 $827,602.11 | diff=+27,587.11 → BUY 2주 @$13115.00
2026-05-06 13:39:53,427 [INFO]   ACE KRX금현물: 보유 26주 $782,080.00 → 목표 $827,602.11 | diff=+45,522.11 → BUY 1주 @$30080.00
2026-05-06 13:39:53,427 [INFO] [최종 주문] 주문 없음
2026-05-06 13:39:53,427 [INFO] [결정 사유] 비율 유지, 추가 주문 없음
2026-05-06 13:39:53,427 [INFO] No Rebalance Needed.
2026-05-06 13:39:53,630 [INFO] >>> Step 6: Archiving Data
2026-05-06 13:39:53,631 [INFO] Cycle Completed: regime=Bull exposure=1.00 orders=0 executions=0
