2026-05-28 14:18:31,447 [INFO] === Initializing Trading Bot (multi-account) ===
2026-05-28 14:18:31,448 [INFO] Loaded 1 account(s) from accounts.yaml
2026-05-28 14:18:31,448 [INFO] [my_test] engine=DomesticAsset5RealEngine market=domestic mode=LIVE
2026-05-28 14:18:31,448 [INFO] [KisBroker] 캐시에서 토큰 로드 (API 호출 생략)
2026-05-28 14:18:31,448 [INFO] [KisDomesticLiveBroker] Mode: LIVE TRADING
2026-05-28 14:18:31,449 [INFO] Restored previous regime: Bull
2026-05-28 14:18:33,037 [INFO] >>> Step 1: Data Collection
2026-05-28 14:18:33,037 [INFO] [Data] Fetching ['SPY'] history for 400 days...
2026-05-28 14:18:33,715 [INFO] [Data] VIX fetched: 16.29
2026-05-28 14:18:33,715 [INFO] >>> Step 2: Indicator Calculation
2026-05-28 14:18:33,718 [INFO] Market Data: Price=750.46, VIX=16.29, MDD=-0.02%
2026-05-28 14:18:33,718 [INFO] >>> Step 3: Strategy Analysis
2026-05-28 14:18:33,718 [INFO] Regime: Bull | Target Exposure: 1.00
2026-05-28 14:18:33,718 [INFO] >>> Step 4: Portfolio Status
2026-05-28 14:18:34,449 [INFO] Fetching Real-time prices from Broker...
2026-05-28 14:18:37,512 [INFO] Current Portfolio: Cash=$193,009, Value=$4,352,089
2026-05-28 14:18:37,513 [INFO] >>> Step 5: Rebalancing
2026-05-28 14:18:37,513 [INFO] [입력] Regime=Bull | TargetExposure=1.00 | TotalValue=$4,352,089.00 | Cash=$193,009.00
2026-05-28 14:18:37,513 [INFO] [포트폴리오 현황]
2026-05-28 14:18:37,513 [INFO]   A그룹(성장): $1,697,275.00 ( 39.0%)
2026-05-28 14:18:37,513 [INFO]   B그룹(안전): $2,461,805.00 ( 56.6%)
2026-05-28 14:18:37,513 [INFO]   C그룹(현금): $        0.00 (  0.0%)
2026-05-28 14:18:37,513 [INFO]   현금(예수금): $ 193,009.00 (  4.4%)
2026-05-28 14:18:37,513 [INFO] [비중 판정] ratio_A=0.408  ratio_B=0.592
2026-05-28 14:18:37,514 [INFO]   A 상대이탈: 2.0% | B 상대이탈: 1.3% | 임계치: 7.5% → 비율 유지 (리밸런싱 불필요)
2026-05-28 14:18:37,514 [INFO] [목표 금액]
2026-05-28 14:18:37,514 [INFO]   A그룹: 현재 $1,697,275.00 → 목표 $1,776,039.86  (exposure 1.00 × ratio 0.41)
2026-05-28 14:18:37,514 [INFO]   B그룹: 현재 $2,461,805.00 → 목표 $2,576,049.14  (exposure 1.00 × ratio 0.59)
2026-05-28 14:18:37,514 [INFO]   C그룹: 현재 $      0.00 → 목표 $      0.00  (잔여)
2026-05-28 14:18:37,514 [INFO] [A그룹(성장) 종목별]
2026-05-28 14:18:37,514 [INFO]   KODEX 코스피: 보유 11주 $903,375.00 → 목표 $888,019.93 | diff=-15,355.07 → SELL 1주 @$82125.00
2026-05-28 14:18:37,514 [INFO]   TIGER 미국나스닥100: 보유 4주 $793,900.00 → 목표 $888,019.93 | diff=+94,119.93 → 주문 없음 (수량 미달)
2026-05-28 14:18:37,514 [INFO] [B그룹(안전) 종목별]
2026-05-28 14:18:37,514 [INFO]   ACE 국고채10년: 보유 10주 $823,400.00 → 목표 $858,683.05 | diff=+35,283.05 → 주문 없음 (수량 미달)
2026-05-28 14:18:37,514 [INFO]   TIGER 미국채10년선물: 보유 63주 $849,870.00 → 목표 $858,683.05 | diff=+8,813.05 → 주문 없음 (수량 미달)
2026-05-28 14:18:37,514 [INFO]   ACE KRX금현물: 보유 27주 $788,535.00 → 목표 $858,683.05 | diff=+70,148.05 → BUY 2주 @$29205.00
2026-05-28 14:18:37,514 [INFO] [최종 주문] 주문 없음
2026-05-28 14:18:37,515 [INFO] [결정 사유] 비율 유지, 추가 주문 없음
2026-05-28 14:18:37,515 [INFO] No Rebalance Needed.
2026-05-28 14:18:37,838 [INFO] >>> Step 6: Archiving Data
2026-05-28 14:18:37,839 [INFO] Cycle Completed: regime=Bull exposure=1.00 orders=0 executions=0
