2026-05-15 13:59:30,118 [INFO] === Initializing Trading Bot (multi-account) ===
2026-05-15 13:59:30,119 [INFO] Loaded 1 account(s) from accounts.yaml
2026-05-15 13:59:30,119 [INFO] [my_test] engine=DomesticAsset5RealEngine market=domestic mode=LIVE
2026-05-15 13:59:30,760 [INFO] [KisBroker] 새 토큰 발급 완료 (expires_at=2026-05-16 04:59:30)
2026-05-15 13:59:30,761 [INFO] [KisDomesticLiveBroker] Mode: LIVE TRADING
2026-05-15 13:59:30,762 [INFO] Restored previous regime: Bull
2026-05-15 13:59:31,928 [INFO] >>> Step 1: Data Collection
2026-05-15 13:59:31,928 [INFO] [Data] Fetching ['SPY'] history for 400 days...
2026-05-15 13:59:32,288 [INFO] [Data] VIX fetched: 17.26
2026-05-15 13:59:32,288 [INFO] >>> Step 2: Indicator Calculation
2026-05-15 13:59:32,291 [INFO] Market Data: Price=748.17, VIX=17.26, MDD=0.00%
2026-05-15 13:59:32,291 [INFO] >>> Step 3: Strategy Analysis
2026-05-15 13:59:32,291 [INFO] Regime: Bull | Target Exposure: 1.00
2026-05-15 13:59:32,291 [INFO] >>> Step 4: Portfolio Status
2026-05-15 13:59:32,988 [INFO] Fetching Real-time prices from Broker...
2026-05-15 13:59:35,819 [INFO] Current Portfolio: Cash=$193,009, Value=$4,318,094
2026-05-15 13:59:35,820 [INFO] >>> Step 5: Rebalancing
2026-05-15 13:59:35,820 [INFO] [입력] Regime=Bull | TargetExposure=1.00 | TotalValue=$4,318,094.00 | Cash=$193,009.00
2026-05-15 13:59:35,820 [INFO] [포트폴리오 현황]
2026-05-15 13:59:35,820 [INFO]   A그룹(성장): $1,632,860.00 ( 37.8%)
2026-05-15 13:59:35,820 [INFO]   B그룹(안전): $2,492,225.00 ( 57.7%)
2026-05-15 13:59:35,820 [INFO]   C그룹(현금): $        0.00 (  0.0%)
2026-05-15 13:59:35,820 [INFO]   현금(예수금): $ 193,009.00 (  4.5%)
2026-05-15 13:59:35,820 [INFO] [비중 판정] ratio_A=0.396  ratio_B=0.604
2026-05-15 13:59:35,821 [INFO]   A 상대이탈: 1.0% | B 상대이탈: 0.7% | 임계치: 7.5% → 비율 유지 (리밸런싱 불필요)
2026-05-15 13:59:35,821 [INFO] [목표 금액]
2026-05-15 13:59:35,821 [INFO]   A그룹: 현재 $1,632,860.00 → 목표 $1,709,260.04  (exposure 1.00 × ratio 0.40)
2026-05-15 13:59:35,821 [INFO]   B그룹: 현재 $2,492,225.00 → 목표 $2,608,833.96  (exposure 1.00 × ratio 0.60)
2026-05-15 13:59:35,821 [INFO]   C그룹: 현재 $      0.00 → 목표 $      0.00  (잔여)
2026-05-15 13:59:35,821 [INFO] [A그룹(성장) 종목별]
2026-05-15 13:59:35,821 [INFO]   KODEX 코스피: 보유 11주 $853,160.00 → 목표 $854,630.02 | diff=+1,470.02 → 주문 없음 (수량 미달)
2026-05-15 13:59:35,821 [INFO]   TIGER 미국나스닥100: 보유 4주 $779,700.00 → 목표 $854,630.02 | diff=+74,930.02 → 주문 없음 (수량 미달)
2026-05-15 13:59:35,821 [INFO] [B그룹(안전) 종목별]
2026-05-15 13:59:35,821 [INFO]   ACE 국고채10년: 보유 10주 $822,050.00 → 목표 $869,611.32 | diff=+47,561.32 → 주문 없음 (수량 미달)
2026-05-15 13:59:35,821 [INFO]   TIGER 미국채10년선물: 보유 63주 $845,460.00 → 목표 $869,611.32 | diff=+24,151.32 → BUY 1주 @$13420.00
2026-05-15 13:59:35,821 [INFO]   ACE KRX금현물: 보유 27주 $824,715.00 → 목표 $869,611.32 | diff=+44,896.32 → BUY 1주 @$30545.00
2026-05-15 13:59:35,821 [INFO] [최종 주문] 주문 없음
2026-05-15 13:59:35,821 [INFO] [결정 사유] 비율 유지, 추가 주문 없음
2026-05-15 13:59:35,821 [INFO] No Rebalance Needed.
2026-05-15 13:59:36,090 [INFO] >>> Step 6: Archiving Data
2026-05-15 13:59:36,092 [INFO] Cycle Completed: regime=Bull exposure=1.00 orders=0 executions=0
