2026-05-01 13:55:47,958 [INFO] === Initializing Trading Bot (multi-account) ===
2026-05-01 13:55:47,959 [INFO] Loaded 1 account(s) from accounts.yaml
2026-05-01 13:55:47,959 [INFO] [my_test] engine=DomesticAsset5RealEngine market=domestic mode=LIVE
2026-05-01 13:55:47,960 [WARNING] [KisBroker] 토큰 캐시 로드 실패 (무시): 'TradeLogger' object has no attribute 'debug'
2026-05-01 13:55:48,706 [WARNING] [KisBroker] 토큰 캐시 저장 실패 (무시): 'TradeLogger' object has no attribute 'debug'
2026-05-01 13:55:48,706 [INFO] [KisBroker] 새 토큰 발급 완료 (expires_at=2026-05-02 04:55:48)
2026-05-01 13:55:48,707 [INFO] [KisDomesticLiveBroker] Mode: LIVE TRADING
2026-05-01 13:55:48,707 [INFO] Restored previous regime: Bull
2026-05-01 13:55:50,150 [INFO] >>> Step 1: Data Collection
2026-05-01 13:55:50,150 [INFO] [Data] Fetching ['SPY'] history for 400 days...
2026-05-01 13:55:50,445 [INFO] [Data] VIX fetched: 16.89
2026-05-01 13:55:50,445 [INFO] >>> Step 2: Indicator Calculation
2026-05-01 13:55:50,448 [INFO] Market Data: Price=718.66, VIX=16.89, MDD=0.00%
2026-05-01 13:55:50,449 [INFO] >>> Step 3: Strategy Analysis
2026-05-01 13:55:50,449 [INFO] Regime: Bull | Target Exposure: 1.00
2026-05-01 13:55:50,449 [INFO] >>> Step 4: Portfolio Status
2026-05-01 13:55:51,289 [INFO] Fetching Real-time prices from Broker...
2026-05-01 13:55:55,025 [INFO] Current Portfolio: Cash=$251,383, Value=$4,132,863
2026-05-01 13:55:55,025 [INFO] >>> Step 5: Rebalancing
2026-05-01 13:55:55,025 [INFO] [입력] Regime=Bull | TargetExposure=1.00 | TotalValue=$4,132,863.00 | Cash=$251,383.00
2026-05-01 13:55:55,025 [INFO] [포트폴리오 현황]
2026-05-01 13:55:55,026 [INFO]   A그룹(성장): $1,525,680.00 ( 36.9%)
2026-05-01 13:55:55,026 [INFO]   B그룹(안전): $2,355,800.00 ( 57.0%)
2026-05-01 13:55:55,026 [INFO]   C그룹(현금): $        0.00 (  0.0%)
2026-05-01 13:55:55,026 [INFO]   현금(예수금): $ 251,383.00 (  6.1%)
2026-05-01 13:55:55,026 [INFO] [비중 판정] ratio_A=0.393  ratio_B=0.607
2026-05-01 13:55:55,026 [INFO]   A 상대이탈: 1.7% | B 상대이탈: 1.2% | 임계치: 7.5% → 비율 유지 (리밸런싱 불필요)
2026-05-01 13:55:55,026 [INFO] [목표 금액]
2026-05-01 13:55:55,026 [INFO]   A그룹: 현재 $1,525,680.00 → 목표 $1,624,490.25  (exposure 1.00 × ratio 0.39)
2026-05-01 13:55:55,026 [INFO]   B그룹: 현재 $2,355,800.00 → 목표 $2,508,372.75  (exposure 1.00 × ratio 0.61)
2026-05-01 13:55:55,026 [INFO]   C그룹: 현재 $      0.00 → 목표 $      0.00  (잔여)
2026-05-01 13:55:55,026 [INFO] [A그룹(성장) 종목별]
2026-05-01 13:55:55,026 [INFO]   KODEX 코스피: 보유 12주 $813,720.00 → 목표 $812,245.13 | diff=-1,474.87 → SELL 1주 @$67810.00
2026-05-01 13:55:55,027 [INFO]   TIGER 미국나스닥100: 보유 4주 $711,960.00 → 목표 $812,245.13 | diff=+100,285.13 → 주문 없음 (수량 미달)
2026-05-01 13:55:55,027 [INFO] [B그룹(안전) 종목별]
2026-05-01 13:55:55,027 [INFO]   ACE 국고채10년: 보유 9주 $753,525.00 → 목표 $836,124.25 | diff=+82,599.25 → 주문 없음 (수량 미달)
2026-05-01 13:55:55,027 [INFO]   TIGER 미국채10년선물: 보유 61주 $813,435.00 → 목표 $836,124.25 | diff=+22,689.25 → BUY 1주 @$13335.00
2026-05-01 13:55:55,027 [INFO]   ACE KRX금현물: 보유 26주 $788,840.00 → 목표 $836,124.25 | diff=+47,284.25 → BUY 1주 @$30340.00
2026-05-01 13:55:55,027 [INFO] [최종 주문] 주문 없음
2026-05-01 13:55:55,027 [INFO] [결정 사유] 비율 유지, 추가 주문 없음
2026-05-01 13:55:55,027 [INFO] No Rebalance Needed.
2026-05-01 13:55:55,143 [INFO] >>> Step 6: Archiving Data
2026-05-01 13:55:55,144 [INFO] Cycle Completed: regime=Bull exposure=1.00 orders=0 executions=0
