2026-07-22 10:00:57,828 [INFO] === Initializing Trading Bot (multi-account) ===
2026-07-22 10:00:57,830 [INFO] Loaded 2 account(s) from accounts.yaml
2026-07-22 10:00:57,830 [INFO] [my_test] engine=DomesticVolManagedEngine market=domestic mode=LIVE state=ACTIVE
2026-07-22 10:00:57,830 [INFO] [KisBroker] 캐시에서 토큰 로드 (API 호출 생략)
2026-07-22 10:00:57,830 [INFO] [KisDomesticLiveBroker] Mode: LIVE TRADING
2026-07-22 10:00:57,831 [INFO] Restored previous regime: Bull
2026-07-22 10:00:57,831 [INFO] [my_isa] engine=DomesticVolManagedEngine market=domestic mode=LIVE state=INACTIVE(조회전용)
2026-07-22 10:00:57,831 [INFO] [KisBroker] 캐시에서 토큰 로드 (API 호출 생략)
2026-07-22 10:00:57,831 [INFO] [KisDomesticLiveBroker] Mode: LIVE TRADING
2026-07-22 10:00:57,832 [INFO] Restored previous regime: Bull
2026-07-22 10:00:57,832 [INFO] ===== [my_test] 계좌 실행 시작 =====
2026-07-22 10:00:57,833 [INFO] >>> Step 1: Data Collection
2026-07-22 10:00:57,833 [INFO] [Data] Fetching ['133690.KS'] history for 400 days...
2026-07-22 10:00:58,254 [INFO] [Data] VIX fetched: 17.05
2026-07-22 10:00:58,254 [INFO] >>> Step 2: Indicator Calculation
2026-07-22 10:00:58,257 [INFO] Market Data: Price=190970.00, VIX=17.05, MDD=-8.09%
2026-07-22 10:00:58,257 [INFO] >>> Step 3: Strategy Analysis
2026-07-22 10:00:58,257 [INFO] >>> VolManaged: vol=25.81% → L=0.85x (TIGER 미국나스닥100레버리지(합성) 0%, 위험 85%, 현금 15%)
2026-07-22 10:00:58,257 [INFO] Regime: Bull | Target Exposure: 0.85
2026-07-22 10:00:58,257 [INFO] >>> Step 4: Portfolio Status
2026-07-22 10:00:59,018 [ERROR] ⚠️ Portfolio API Error — 사이클 중단
날짜: today
[KisDomestic] Error getting portfolio: 500 Server Error: Internal Server Error for url: https://openapi.koreainvestment.com:9443/uapi/domestic-stock/v1/trading/inquire-balance?CANO=90005152&ACNT_PRDT_CD=01&AFHR_FLPR_YN=N&OFL_YN=&INQR_DVSN=01&UNPR_DVSN=01&FUND_STTL_ICLD_YN=N&FNCG_AMT_AUTO_RDPT_YN=N&PRCS_DVSN=00&CTX_AREA_FK100=&CTX_AREA_NK100=
2026-07-22 10:00:59,375 [ERROR] [my_test] Critical Error:
Traceback (most recent call last):
  File "/home/runner/work/StockAsset/StockAsset/src/../src/infra/broker/kis_domestic.py", line 95, in get_portfolio
    res.raise_for_status()
  File "/opt/hostedtoolcache/Python/3.10.20/x64/lib/python3.10/site-packages/requests/models.py", line 1167, in raise_for_status
    raise HTTPError(http_error_msg, response=self)
requests.exceptions.HTTPError: 500 Server Error: Internal Server Error for url: https://openapi.koreainvestment.com:9443/uapi/domestic-stock/v1/trading/inquire-balance?CANO=90005152&ACNT_PRDT_CD=01&AFHR_FLPR_YN=N&OFL_YN=&INQR_DVSN=01&UNPR_DVSN=01&FUND_STTL_ICLD_YN=N&FNCG_AMT_AUTO_RDPT_YN=N&PRCS_DVSN=00&CTX_AREA_FK100=&CTX_AREA_NK100=

The above exception was the direct cause of the following exception:

Traceback (most recent call last):
  File "/home/runner/work/StockAsset/StockAsset/src/main.py", line 160, in _run_one_account
    runner.engine.run_one_cycle(self.data_loader)
  File "/home/runner/work/StockAsset/StockAsset/src/../src/core/engine/base.py", line 144, in run_one_cycle
    portfolio = self.get_portfolio()
  File "/home/runner/work/StockAsset/StockAsset/src/../src/core/engine/base.py", line 261, in get_portfolio
    portfolio = self.broker.get_portfolio()
  File "/home/runner/work/StockAsset/StockAsset/src/../src/infra/broker/kis_domestic.py", line 115, in get_portfolio
    raise RuntimeError(f"[KisDomestic] Error getting portfolio: {e}") from e
RuntimeError: [KisDomestic] Error getting portfolio: 500 Server Error: Internal Server Error for url: https://openapi.koreainvestment.com:9443/uapi/domestic-stock/v1/trading/inquire-balance?CANO=90005152&ACNT_PRDT_CD=01&AFHR_FLPR_YN=N&OFL_YN=&INQR_DVSN=01&UNPR_DVSN=01&FUND_STTL_ICLD_YN=N&FNCG_AMT_AUTO_RDPT_YN=N&PRCS_DVSN=00&CTX_AREA_FK100=&CTX_AREA_NK100=

2026-07-22 10:00:59,524 [INFO] ===== [my_isa] 계좌 실행 시작 =====
2026-07-22 10:00:59,524 [INFO] >>> Step 1: Data Collection
2026-07-22 10:00:59,524 [INFO] [Data] Fetching ['133690.KS'] history for 400 days...
2026-07-22 10:00:59,689 [INFO] [Data] VIX fetched: 17.05
2026-07-22 10:00:59,689 [INFO] >>> Step 2: Indicator Calculation
2026-07-22 10:00:59,691 [INFO] Market Data: Price=190970.00, VIX=17.05, MDD=-8.09%
2026-07-22 10:00:59,692 [INFO] >>> Step 3: Strategy Analysis
2026-07-22 10:00:59,692 [INFO] >>> VolManaged: vol=25.81% → L=0.85x (TIGER 미국나스닥100레버리지(합성) 0%, 위험 85%, 현금 15%)
2026-07-22 10:00:59,692 [INFO] Regime: Bull | Target Exposure: 0.85
2026-07-22 10:00:59,692 [INFO] >>> Step 4: Portfolio Status
2026-07-22 10:01:00,474 [INFO] Fetching Real-time prices from Broker...
2026-07-22 10:01:05,135 [INFO] Current Portfolio: Cash=$521,840, Value=$52,297,900
2026-07-22 10:01:05,439 [INFO] >>> Step 5: Deactivated (조회 전용, 매매 스킵)
2026-07-22 10:01:05,745 [INFO] >>> Step 6: Archiving Data
2026-07-22 10:01:05,747 [INFO] Cycle Completed: regime=Bull exposure=0.85 orders=0 executions=0
2026-07-22 14:00:58,257 [INFO] === Initializing Trading Bot (multi-account) ===
2026-07-22 14:00:58,259 [INFO] Loaded 2 account(s) from accounts.yaml
2026-07-22 14:00:58,259 [INFO] [my_test] engine=DomesticVolManagedEngine market=domestic mode=LIVE state=ACTIVE
2026-07-22 14:00:58,810 [INFO] [KisBroker] 새 토큰 발급 완료 (expires_at=2026-07-23 05:00:58)
2026-07-22 14:00:58,811 [INFO] [KisDomesticLiveBroker] Mode: LIVE TRADING
2026-07-22 14:00:58,812 [INFO] Restored previous regime: Bull
2026-07-22 14:00:58,812 [INFO] [my_isa] engine=DomesticVolManagedEngine market=domestic mode=LIVE state=INACTIVE(조회전용)
2026-07-22 14:00:59,338 [INFO] [KisBroker] 새 토큰 발급 완료 (expires_at=2026-07-23 05:00:59)
2026-07-22 14:00:59,338 [INFO] [KisDomesticLiveBroker] Mode: LIVE TRADING
2026-07-22 14:00:59,339 [INFO] Restored previous regime: Bull
2026-07-22 14:00:59,340 [INFO] ===== [my_test] 계좌 실행 시작 =====
2026-07-22 14:00:59,340 [INFO] >>> Step 1: Data Collection
2026-07-22 14:00:59,340 [INFO] [Data] Fetching ['133690.KS'] history for 400 days...
2026-07-22 14:01:00,246 [INFO] [Data] VIX fetched: 17.05
2026-07-22 14:01:00,246 [INFO] >>> Step 2: Indicator Calculation
2026-07-22 14:01:00,250 [INFO] Market Data: Price=190745.00, VIX=17.05, MDD=-8.20%
2026-07-22 14:01:00,250 [INFO] >>> Step 3: Strategy Analysis
2026-07-22 14:01:00,250 [INFO] >>> VolManaged: vol=25.73% → L=0.85x (TIGER 미국나스닥100레버리지(합성) 0%, 위험 85%, 현금 15%)
2026-07-22 14:01:00,250 [INFO] Regime: Bull | Target Exposure: 0.85
2026-07-22 14:01:00,250 [INFO] >>> Step 4: Portfolio Status
2026-07-22 14:01:00,870 [ERROR] ⚠️ Portfolio API Error — 사이클 중단
날짜: today
[KisDomestic] Error getting portfolio: 500 Server Error: Internal Server Error for url: https://openapi.koreainvestment.com:9443/uapi/domestic-stock/v1/trading/inquire-balance?CANO=90005152&ACNT_PRDT_CD=01&AFHR_FLPR_YN=N&OFL_YN=&INQR_DVSN=01&UNPR_DVSN=01&FUND_STTL_ICLD_YN=N&FNCG_AMT_AUTO_RDPT_YN=N&PRCS_DVSN=00&CTX_AREA_FK100=&CTX_AREA_NK100=
2026-07-22 14:01:01,391 [ERROR] [my_test] Critical Error:
Traceback (most recent call last):
  File "/home/runner/work/StockAsset/StockAsset/src/../src/infra/broker/kis_domestic.py", line 95, in get_portfolio
    res.raise_for_status()
  File "/opt/hostedtoolcache/Python/3.10.20/x64/lib/python3.10/site-packages/requests/models.py", line 1167, in raise_for_status
    raise HTTPError(http_error_msg, response=self)
requests.exceptions.HTTPError: 500 Server Error: Internal Server Error for url: https://openapi.koreainvestment.com:9443/uapi/domestic-stock/v1/trading/inquire-balance?CANO=90005152&ACNT_PRDT_CD=01&AFHR_FLPR_YN=N&OFL_YN=&INQR_DVSN=01&UNPR_DVSN=01&FUND_STTL_ICLD_YN=N&FNCG_AMT_AUTO_RDPT_YN=N&PRCS_DVSN=00&CTX_AREA_FK100=&CTX_AREA_NK100=

The above exception was the direct cause of the following exception:

Traceback (most recent call last):
  File "/home/runner/work/StockAsset/StockAsset/src/main.py", line 160, in _run_one_account
    runner.engine.run_one_cycle(self.data_loader)
  File "/home/runner/work/StockAsset/StockAsset/src/../src/core/engine/base.py", line 144, in run_one_cycle
    portfolio = self.get_portfolio()
  File "/home/runner/work/StockAsset/StockAsset/src/../src/core/engine/base.py", line 261, in get_portfolio
    portfolio = self.broker.get_portfolio()
  File "/home/runner/work/StockAsset/StockAsset/src/../src/infra/broker/kis_domestic.py", line 115, in get_portfolio
    raise RuntimeError(f"[KisDomestic] Error getting portfolio: {e}") from e
RuntimeError: [KisDomestic] Error getting portfolio: 500 Server Error: Internal Server Error for url: https://openapi.koreainvestment.com:9443/uapi/domestic-stock/v1/trading/inquire-balance?CANO=90005152&ACNT_PRDT_CD=01&AFHR_FLPR_YN=N&OFL_YN=&INQR_DVSN=01&UNPR_DVSN=01&FUND_STTL_ICLD_YN=N&FNCG_AMT_AUTO_RDPT_YN=N&PRCS_DVSN=00&CTX_AREA_FK100=&CTX_AREA_NK100=

2026-07-22 14:01:01,631 [INFO] ===== [my_isa] 계좌 실행 시작 =====
2026-07-22 14:01:01,631 [INFO] >>> Step 1: Data Collection
2026-07-22 14:01:01,631 [INFO] [Data] Fetching ['133690.KS'] history for 400 days...
2026-07-22 14:01:01,937 [INFO] [Data] VIX fetched: 17.05
2026-07-22 14:01:01,937 [INFO] >>> Step 2: Indicator Calculation
2026-07-22 14:01:01,940 [INFO] Market Data: Price=190745.00, VIX=17.05, MDD=-8.20%
2026-07-22 14:01:01,940 [INFO] >>> Step 3: Strategy Analysis
2026-07-22 14:01:01,940 [INFO] >>> VolManaged: vol=25.73% → L=0.85x (TIGER 미국나스닥100레버리지(합성) 0%, 위험 85%, 현금 15%)
2026-07-22 14:01:01,940 [INFO] Regime: Bull | Target Exposure: 0.85
2026-07-22 14:01:01,940 [INFO] >>> Step 4: Portfolio Status
2026-07-22 14:01:02,618 [INFO] Fetching Real-time prices from Broker...
2026-07-22 14:01:06,495 [INFO] Current Portfolio: Cash=$20,093,002, Value=$51,586,552
2026-07-22 14:01:06,801 [INFO] >>> Step 5: Deactivated (조회 전용, 매매 스킵)
2026-07-22 14:01:07,250 [INFO] >>> Step 6: Archiving Data
2026-07-22 14:01:07,252 [INFO] Cycle Completed: regime=Bull exposure=0.85 orders=0 executions=0
2026-07-22 17:43:19,756 [INFO] === Initializing Trading Bot (multi-account) ===
2026-07-22 17:43:19,758 [INFO] Loaded 2 account(s) from accounts.yaml
2026-07-22 17:43:19,758 [INFO] [my_test] engine=DomesticVolManagedEngine market=domestic mode=LIVE state=ACTIVE
2026-07-22 17:43:19,758 [INFO] [KisBroker] 캐시에서 토큰 로드 (API 호출 생략)
2026-07-22 17:43:19,758 [INFO] [KisDomesticLiveBroker] Mode: LIVE TRADING
2026-07-22 17:43:19,759 [INFO] Restored previous regime: Bull
2026-07-22 17:43:19,759 [INFO] [my_isa] engine=DomesticVolManagedEngine market=domestic mode=LIVE state=INACTIVE(조회전용)
2026-07-22 17:43:19,759 [INFO] [KisBroker] 캐시에서 토큰 로드 (API 호출 생략)
2026-07-22 17:43:19,759 [INFO] [KisDomesticLiveBroker] Mode: LIVE TRADING
2026-07-22 17:43:19,759 [INFO] Restored previous regime: Bull
2026-07-22 17:43:19,760 [INFO] ===== [my_test] 계좌 실행 시작 =====
2026-07-22 17:43:19,760 [INFO] >>> Step 1: Data Collection
2026-07-22 17:43:19,760 [INFO] [Data] Fetching ['133690.KS'] history for 400 days...
2026-07-22 17:43:20,233 [INFO] [Data] VIX fetched: 17.47
2026-07-22 17:43:20,234 [INFO] >>> Step 2: Indicator Calculation
2026-07-22 17:43:20,236 [INFO] Market Data: Price=189625.00, VIX=17.47, MDD=-8.74%
2026-07-22 17:43:20,236 [INFO] >>> Step 3: Strategy Analysis
2026-07-22 17:43:20,236 [INFO] >>> VolManaged: vol=25.42% → L=0.87x (TIGER 미국나스닥100레버리지(합성) 0%, 위험 87%, 현금 13%)
2026-07-22 17:43:20,237 [INFO] Regime: Bull | Target Exposure: 0.87
2026-07-22 17:43:20,237 [INFO] >>> Step 4: Portfolio Status
2026-07-22 17:43:21,163 [INFO] Fetching Real-time prices from Broker...
2026-07-22 17:43:25,506 [INFO] Current Portfolio: Cash=$707,676, Value=$4,120,926
2026-07-22 17:43:25,575 [INFO] >>> Step 5: Rebalancing
2026-07-22 17:43:25,575 [INFO] [입력] Regime=Bull | TargetExposure=0.87 | TotalValue=$4,120,926.00 | Cash=$707,676.00
2026-07-22 17:43:25,575 [INFO] [포트폴리오 현황]
2026-07-22 17:43:25,575 [INFO]   A그룹(성장): $        0.00 (  0.0%)
2026-07-22 17:43:25,575 [INFO]   B그룹(안전): $3,413,250.00 ( 82.8%)
2026-07-22 17:43:25,575 [INFO]   C그룹(현금): $        0.00 (  0.0%)
2026-07-22 17:43:25,575 [INFO]   현금(예수금): $ 707,676.00 ( 17.2%)
2026-07-22 17:43:25,575 [INFO] [비중 판정] ratio_A=0.000  ratio_B=1.000
2026-07-22 17:43:25,576 [INFO]   A 상대이탈: 0.0% | B 상대이탈: 0.0% | 임계치: 7.5% → 비율 유지 (리밸런싱 불필요)
2026-07-22 17:43:25,576 [INFO] [목표 금액]
2026-07-22 17:43:25,576 [INFO]   A그룹: 현재 $      0.00 → 목표 $      0.00  (exposure 0.87 × ratio 0.00)
2026-07-22 17:43:25,576 [INFO]   B그룹: 현재 $3,413,250.00 → 목표 $3,566,559.34  (exposure 0.87 × ratio 1.00)
2026-07-22 17:43:25,576 [INFO]   C그룹: 현재 $      0.00 → 목표 $554,366.66  (잔여)
2026-07-22 17:43:25,576 [INFO] [A그룹(성장) 종목별]
2026-07-22 17:43:25,576 [INFO]   TIGER 미국나스닥100레버리지(합성): 보유 0주 $0.00 → 목표 $0.00 | diff=+0.00 → 주문 없음
2026-07-22 17:43:25,576 [INFO] [B그룹(안전) 종목별]
2026-07-22 17:43:25,576 [INFO]   TIGER 미국나스닥100: 보유 18주 $3,413,250.00 → 목표 $3,566,559.34 | diff=+153,309.34 → 주문 없음 (수량 미달)
2026-07-22 17:43:25,576 [INFO] [C그룹(현금) 종목별]
2026-07-22 17:43:25,576 [INFO]   KODEX CD금리액티브: 보유 0주 $0.00 → 목표 $554,366.66 | diff=+554,366.66 → 주문 없음 (수량 미달)
2026-07-22 17:43:25,576 [INFO] [최종 주문] 주문 없음
2026-07-22 17:43:25,576 [INFO] [결정 사유] 비율 유지, 추가 주문 없음
2026-07-22 17:43:25,576 [INFO] No Rebalance Needed.
2026-07-22 17:43:26,688 [INFO] >>> Step 6: Archiving Data
2026-07-22 17:43:26,692 [INFO] Cycle Completed: regime=Bull exposure=0.87 orders=0 executions=0
2026-07-22 17:43:26,692 [INFO] ===== [my_isa] 계좌 실행 시작 =====
2026-07-22 17:43:26,692 [INFO] >>> Step 1: Data Collection
2026-07-22 17:43:26,692 [INFO] [Data] Fetching ['133690.KS'] history for 400 days...
2026-07-22 17:43:26,832 [INFO] [Data] VIX fetched: 17.47
2026-07-22 17:43:26,832 [INFO] >>> Step 2: Indicator Calculation
2026-07-22 17:43:26,835 [INFO] Market Data: Price=189625.00, VIX=17.47, MDD=-8.74%
2026-07-22 17:43:26,835 [INFO] >>> Step 3: Strategy Analysis
2026-07-22 17:43:26,835 [INFO] >>> VolManaged: vol=25.42% → L=0.87x (TIGER 미국나스닥100레버리지(합성) 0%, 위험 87%, 현금 13%)
2026-07-22 17:43:26,835 [INFO] Regime: Bull | Target Exposure: 0.87
2026-07-22 17:43:26,835 [INFO] >>> Step 4: Portfolio Status
2026-07-22 17:43:27,645 [INFO] Fetching Real-time prices from Broker...
2026-07-22 17:43:32,570 [INFO] Current Portfolio: Cash=$20,093,002, Value=$49,823,362
2026-07-22 17:43:33,763 [INFO] >>> Step 5: Deactivated (조회 전용, 매매 스킵)
2026-07-22 17:43:33,990 [INFO] >>> Step 6: Archiving Data
2026-07-22 17:43:33,992 [INFO] Cycle Completed: regime=Bull exposure=0.87 orders=0 executions=0
