2026-04-24 13:24:11,573 [INFO] === Initializing Trading Bot (multi-account) ===
2026-04-24 13:24:11,574 [INFO] Loaded 1 account(s) from accounts.yaml
2026-04-24 13:24:11,574 [INFO] [my_test] engine=DomesticAsset5RealEngine market=domestic mode=LIVE
2026-04-24 13:24:11,574 [WARNING] [KisBroker] 토큰 캐시 로드 실패 (무시): 'TradeLogger' object has no attribute 'debug'
2026-04-24 13:24:12,196 [WARNING] [KisBroker] 토큰 캐시 저장 실패 (무시): 'TradeLogger' object has no attribute 'debug'
2026-04-24 13:24:12,196 [INFO] [KisBroker] 새 토큰 발급 완료 (expires_at=2026-04-25 04:24:12)
2026-04-24 13:24:12,197 [INFO] [KisDomesticLiveBroker] Mode: LIVE TRADING
2026-04-24 13:24:12,198 [INFO] Restored previous regime: Bull
2026-04-24 13:24:13,460 [INFO] >>> Step 1: Data Collection
2026-04-24 13:24:13,460 [INFO] [Data] Fetching ['SPY'] history for 400 days...
2026-04-24 13:24:13,765 [INFO] [Data] VIX fetched: 19.31
2026-04-24 13:24:13,765 [INFO] >>> Step 2: Indicator Calculation
2026-04-24 13:24:13,768 [INFO] Market Data: Price=708.45, VIX=19.31, MDD=-0.39%
2026-04-24 13:24:13,768 [INFO] >>> Step 3: Strategy Analysis
2026-04-24 13:24:13,768 [INFO] Regime: Bull | Target Exposure: 1.00
2026-04-24 13:24:13,768 [INFO] >>> Step 4: Portfolio Status
2026-04-24 13:24:14,500 [INFO] Fetching Real-time prices from Broker...
2026-04-24 13:24:17,360 [INFO] Current Portfolio: Cash=$251,383, Value=$4,141,883
2026-04-24 13:24:17,361 [INFO] >>> Step 5: Rebalancing
2026-04-24 13:24:17,361 [INFO] [입력] Regime=Bull | TargetExposure=1.00 | TotalValue=$4,141,883.00 | Cash=$251,383.00
2026-04-24 13:24:17,361 [INFO] [포트폴리오 현황]
2026-04-24 13:24:17,361 [INFO]   A그룹(성장): $1,505,500.00 ( 36.3%)
2026-04-24 13:24:17,361 [INFO]   B그룹(안전): $2,385,000.00 ( 57.6%)
2026-04-24 13:24:17,361 [INFO]   C그룹(현금): $        0.00 (  0.0%)
2026-04-24 13:24:17,361 [INFO]   현금(예수금): $ 251,383.00 (  6.1%)
2026-04-24 13:24:17,361 [INFO] [비중 판정] ratio_A=0.387  ratio_B=0.613
2026-04-24 13:24:17,362 [INFO]   A 상대이탈: 3.3% | B 상대이탈: 2.2% | 임계치: 7.5% → 비율 유지 (리밸런싱 불필요)
2026-04-24 13:24:17,362 [INFO] [목표 금액]
2026-04-24 13:24:17,362 [INFO]   A그룹: 현재 $1,505,500.00 → 목표 $1,602,777.24  (exposure 1.00 × ratio 0.39)
2026-04-24 13:24:17,362 [INFO]   B그룹: 현재 $2,385,000.00 → 목표 $2,539,105.76  (exposure 1.00 × ratio 0.61)
2026-04-24 13:24:17,362 [INFO]   C그룹: 현재 $      0.00 → 목표 $      0.00  (잔여)
2026-04-24 13:24:17,362 [INFO] [A그룹(성장) 종목별]
2026-04-24 13:24:17,362 [INFO]   KODEX 코스피: 보유 12주 $798,900.00 → 목표 $801,388.62 | diff=+2,488.62 → 주문 없음 (수량 미달)
2026-04-24 13:24:17,362 [INFO]   TIGER 미국나스닥100: 보유 4주 $706,600.00 → 목표 $801,388.62 | diff=+94,788.62 → 주문 없음 (수량 미달)
2026-04-24 13:24:17,362 [INFO] [B그룹(안전) 종목별]
2026-04-24 13:24:17,362 [INFO]   ACE 국고채10년: 보유 9주 $760,815.00 → 목표 $846,368.59 | diff=+85,553.59 → BUY 1주 @$84535.00
2026-04-24 13:24:17,362 [INFO]   TIGER 미국채10년선물: 보유 61주 $818,315.00 → 목표 $846,368.59 | diff=+28,053.59 → BUY 2주 @$13415.00
2026-04-24 13:24:17,362 [INFO]   ACE KRX금현물: 보유 26주 $805,870.00 → 목표 $846,368.59 | diff=+40,498.59 → BUY 1주 @$30995.00
2026-04-24 13:24:17,362 [INFO] [최종 주문] 주문 없음
2026-04-24 13:24:17,363 [INFO] [결정 사유] 비율 유지, 추가 주문 없음
2026-04-24 13:24:17,363 [INFO] No Rebalance Needed.
2026-04-24 13:24:17,572 [INFO] >>> Step 6: Archiving Data
2026-04-24 13:24:17,573 [INFO] Cycle Completed: regime=Bull exposure=1.00 orders=0 executions=0
