2026-07-06 11:08:33,075 [INFO] === Initializing Trading Bot (multi-account) ===
2026-07-06 11:08:33,076 [INFO] Loaded 1 account(s) from accounts.yaml
2026-07-06 11:08:33,076 [INFO] [my_test] engine=DomesticAsset5RealEngine market=domestic mode=LIVE
2026-07-06 11:08:33,685 [INFO] [KisBroker] 새 토큰 발급 완료 (expires_at=2026-07-07 02:08:33)
2026-07-06 11:08:33,686 [INFO] [KisDomesticLiveBroker] Mode: LIVE TRADING
2026-07-06 11:08:33,687 [INFO] Restored previous regime: Bull
2026-07-06 11:08:34,764 [INFO] >>> Step 1: Data Collection
2026-07-06 11:08:34,764 [INFO] [Data] Fetching ['SPY'] history for 400 days...
2026-07-06 11:08:35,081 [INFO] [Data] VIX fetched: nan
2026-07-06 11:08:35,081 [INFO] >>> Step 2: Indicator Calculation
2026-07-06 11:08:35,085 [INFO] Market Data: Price=744.78, VIX=nan, MDD=-1.95%
2026-07-06 11:08:35,085 [INFO] >>> Step 3: Strategy Analysis
2026-07-06 11:08:35,085 [ERROR] NaN detected in: vix. Treating as CRASH.
2026-07-06 11:08:35,085 [INFO] Regime Change: Bull → Crash (Price=744.78, MA180=695.35, Momentum=0.1051, VIX=nan, MDD=-1.95%)
2026-07-06 11:08:35,085 [INFO] Regime: Crash | Target Exposure: 0.00
2026-07-06 11:08:35,085 [INFO] >>> Step 4: Portfolio Status
2026-07-06 11:08:35,738 [INFO] Fetching Real-time prices from Broker...
2026-07-06 11:08:40,239 [INFO] Current Portfolio: Cash=$38,261, Value=$4,374,811
2026-07-06 11:08:40,239 [ERROR] ⚠️ Data Quality Alert — 매매 중단
날짜: 2026-07-06
NaN 필드: vix
데이터 품질 이상으로 매매를 중단합니다.
2026-07-06 11:08:40,763 [INFO] >>> Step 6: Archiving Data
2026-07-06 11:08:40,763 [INFO] Cycle Completed: regime=Crash exposure=0.00 orders=0 executions=0
2026-07-06 14:01:28,130 [INFO] === Initializing Trading Bot (multi-account) ===
2026-07-06 14:01:28,131 [INFO] Loaded 1 account(s) from accounts.yaml
2026-07-06 14:01:28,131 [INFO] [my_test] engine=DomesticAsset5RealEngine market=domestic mode=LIVE
2026-07-06 14:01:28,131 [INFO] [KisBroker] 캐시에서 토큰 로드 (API 호출 생략)
2026-07-06 14:01:28,131 [INFO] [KisDomesticLiveBroker] Mode: LIVE TRADING
2026-07-06 14:01:28,132 [INFO] Restored previous regime: Bull
2026-07-06 14:01:29,341 [INFO] >>> Step 1: Data Collection
2026-07-06 14:01:29,342 [INFO] [Data] Fetching ['SPY'] history for 400 days...
2026-07-06 14:01:29,617 [INFO] [Data] VIX fetched: 16.15
2026-07-06 14:01:29,617 [INFO] >>> Step 2: Indicator Calculation
2026-07-06 14:01:29,620 [INFO] Market Data: Price=744.78, VIX=16.15, MDD=-1.95%
2026-07-06 14:01:29,620 [INFO] >>> Step 3: Strategy Analysis
2026-07-06 14:01:29,621 [INFO] Regime: Bull | Target Exposure: 1.00
2026-07-06 14:01:29,621 [INFO] >>> Step 4: Portfolio Status
2026-07-06 14:01:30,530 [INFO] Fetching Real-time prices from Broker...
2026-07-06 14:01:36,543 [INFO] Current Portfolio: Cash=$38,261, Value=$4,370,476
2026-07-06 14:01:36,543 [INFO] >>> Step 5: Rebalancing
2026-07-06 14:01:36,543 [INFO] [입력] Regime=Bull | TargetExposure=1.00 | TotalValue=$4,370,476.00 | Cash=$38,261.00
2026-07-06 14:01:36,543 [INFO] [포트폴리오 현황]
2026-07-06 14:01:36,543 [INFO]   A그룹(성장): $1,711,845.00 ( 39.2%)
2026-07-06 14:01:36,543 [INFO]   B그룹(안전): $2,620,370.00 ( 60.0%)
2026-07-06 14:01:36,543 [INFO]   C그룹(현금): $        0.00 (  0.0%)
2026-07-06 14:01:36,543 [INFO]   현금(예수금): $  38,261.00 (  0.9%)
2026-07-06 14:01:36,543 [INFO] [비중 판정] ratio_A=0.395  ratio_B=0.605
2026-07-06 14:01:36,544 [INFO]   A 상대이탈: 1.2% | B 상대이탈: 0.8% | 임계치: 7.5% → 비율 유지 (리밸런싱 불필요)
2026-07-06 14:01:36,544 [INFO] [목표 금액]
2026-07-06 14:01:36,544 [INFO]   A그룹: 현재 $1,711,845.00 → 목표 $1,726,963.57  (exposure 1.00 × ratio 0.40)
2026-07-06 14:01:36,544 [INFO]   B그룹: 현재 $2,620,370.00 → 목표 $2,643,512.43  (exposure 1.00 × ratio 0.60)
2026-07-06 14:01:36,544 [INFO]   C그룹: 현재 $      0.00 → 목표 $      0.00  (잔여)
2026-07-06 14:01:36,544 [INFO] [A그룹(성장) 종목별]
2026-07-06 14:01:36,544 [INFO]   KODEX 코스피: 보유 11주 $909,865.00 → 목표 $863,481.79 | diff=-46,383.21 → SELL 1주 @$82715.00
2026-07-06 14:01:36,544 [INFO]   TIGER 미국나스닥100: 보유 4주 $801,980.00 → 목표 $863,481.79 | diff=+61,501.79 → 주문 없음 (수량 미달)
2026-07-06 14:01:36,544 [INFO] [B그룹(안전) 종목별]
2026-07-06 14:01:36,544 [INFO]   ACE 국고채10년: 보유 10주 $829,650.00 → 목표 $881,170.81 | diff=+51,520.81 → 주문 없음 (수량 미달)
2026-07-06 14:01:36,544 [INFO]   TIGER 미국채10년선물: 보유 64주 $881,280.00 → 목표 $881,170.81 | diff=-109.19 → SELL 1주 @$13770.00
2026-07-06 14:01:36,544 [INFO]   ACE KRX금현물: 보유 32주 $909,440.00 → 목표 $881,170.81 | diff=-28,269.19 → SELL 1주 @$28420.00
2026-07-06 14:01:36,544 [INFO] [최종 주문] 주문 없음
2026-07-06 14:01:36,544 [INFO] [결정 사유] 비율 유지, 추가 주문 없음
2026-07-06 14:01:36,544 [INFO] No Rebalance Needed.
2026-07-06 14:01:36,753 [INFO] >>> Step 6: Archiving Data
2026-07-06 14:01:36,756 [INFO] Cycle Completed: regime=Bull exposure=1.00 orders=0 executions=0
