2026-05-21 14:17:35,023 [INFO] === Initializing Trading Bot (multi-account) ===
2026-05-21 14:17:35,024 [INFO] Loaded 1 account(s) from accounts.yaml
2026-05-21 14:17:35,024 [INFO] [my_test] engine=DomesticAsset5RealEngine market=domestic mode=LIVE
2026-05-21 14:17:35,826 [INFO] [KisBroker] 새 토큰 발급 완료 (expires_at=2026-05-22 05:17:35)
2026-05-21 14:17:35,827 [INFO] [KisDomesticLiveBroker] Mode: LIVE TRADING
2026-05-21 14:17:35,828 [INFO] Restored previous regime: Bull
2026-05-21 14:17:37,435 [INFO] >>> Step 1: Data Collection
2026-05-21 14:17:37,435 [INFO] [Data] Fetching ['SPY'] history for 400 days...
2026-05-21 14:17:38,162 [INFO] [Data] VIX fetched: 17.44
2026-05-21 14:17:38,162 [INFO] >>> Step 2: Indicator Calculation
2026-05-21 14:17:38,165 [INFO] Market Data: Price=741.25, VIX=17.44, MDD=-0.92%
2026-05-21 14:17:38,165 [INFO] >>> Step 3: Strategy Analysis
2026-05-21 14:17:38,165 [INFO] Regime: Bull | Target Exposure: 1.00
2026-05-21 14:17:38,165 [INFO] >>> Step 4: Portfolio Status
2026-05-21 14:17:38,933 [INFO] Fetching Real-time prices from Broker...
2026-05-21 14:17:42,331 [INFO] Current Portfolio: Cash=$193,009, Value=$4,340,864
2026-05-21 14:17:42,331 [INFO] >>> Step 5: Rebalancing
2026-05-21 14:17:42,331 [INFO] [입력] Regime=Bull | TargetExposure=1.00 | TotalValue=$4,340,864.00 | Cash=$193,009.00
2026-05-21 14:17:42,331 [INFO] [포트폴리오 현황]
2026-05-21 14:17:42,332 [INFO]   A그룹(성장): $1,661,545.00 ( 38.3%)
2026-05-21 14:17:42,332 [INFO]   B그룹(안전): $2,486,310.00 ( 57.3%)
2026-05-21 14:17:42,332 [INFO]   C그룹(현금): $        0.00 (  0.0%)
2026-05-21 14:17:42,332 [INFO]   현금(예수금): $ 193,009.00 (  4.4%)
2026-05-21 14:17:42,332 [INFO] [비중 판정] ratio_A=0.401  ratio_B=0.599
2026-05-21 14:17:42,332 [INFO]   A 상대이탈: 0.1% | B 상대이탈: 0.1% | 임계치: 7.5% → 비율 유지 (리밸런싱 불필요)
2026-05-21 14:17:42,332 [INFO] [목표 금액]
2026-05-21 14:17:42,332 [INFO]   A그룹: 현재 $1,661,545.00 → 목표 $1,738,860.42  (exposure 1.00 × ratio 0.40)
2026-05-21 14:17:42,332 [INFO]   B그룹: 현재 $2,486,310.00 → 목표 $2,602,003.58  (exposure 1.00 × ratio 0.60)
2026-05-21 14:17:42,332 [INFO]   C그룹: 현재 $      0.00 → 목표 $      0.00  (잔여)
2026-05-21 14:17:42,332 [INFO] [A그룹(성장) 종목별]
2026-05-21 14:17:42,332 [INFO]   KODEX 코스피: 보유 11주 $879,725.00 → 목표 $869,430.21 | diff=-10,294.79 → SELL 1주 @$79975.00
2026-05-21 14:17:42,332 [INFO]   TIGER 미국나스닥100: 보유 4주 $781,820.00 → 목표 $869,430.21 | diff=+87,610.21 → 주문 없음 (수량 미달)
2026-05-21 14:17:42,332 [INFO] [B그룹(안전) 종목별]
2026-05-21 14:17:42,332 [INFO]   ACE 국고채10년: 보유 10주 $825,900.00 → 목표 $867,334.53 | diff=+41,434.53 → 주문 없음 (수량 미달)
2026-05-21 14:17:42,332 [INFO]   TIGER 미국채10년선물: 보유 63주 $846,090.00 → 목표 $867,334.53 | diff=+21,244.53 → BUY 1주 @$13430.00
2026-05-21 14:17:42,332 [INFO]   ACE KRX금현물: 보유 27주 $814,320.00 → 목표 $867,334.53 | diff=+53,014.53 → BUY 1주 @$30160.00
2026-05-21 14:17:42,332 [INFO] [최종 주문] 주문 없음
2026-05-21 14:17:42,332 [INFO] [결정 사유] 비율 유지, 추가 주문 없음
2026-05-21 14:17:42,333 [INFO] No Rebalance Needed.
2026-05-21 14:17:42,486 [INFO] >>> Step 6: Archiving Data
2026-05-21 14:17:42,488 [INFO] Cycle Completed: regime=Bull exposure=1.00 orders=0 executions=0
