2026-06-25 10:01:05,448 [INFO] === Initializing Trading Bot (multi-account) ===
2026-06-25 10:01:05,450 [INFO] Loaded 1 account(s) from accounts.yaml
2026-06-25 10:01:05,450 [INFO] [my_test] engine=DomesticAsset5RealEngine market=domestic mode=LIVE
2026-06-25 10:01:06,000 [INFO] [KisBroker] 새 토큰 발급 완료 (expires_at=2026-06-26 01:01:06)
2026-06-25 10:01:06,001 [INFO] [KisDomesticLiveBroker] Mode: LIVE TRADING
2026-06-25 10:01:06,002 [INFO] Restored previous regime: Bull
2026-06-25 10:01:07,181 [INFO] >>> Step 1: Data Collection
2026-06-25 10:01:07,181 [INFO] [Data] Fetching ['SPY'] history for 400 days...
2026-06-25 10:01:07,618 [INFO] [Data] VIX fetched: 18.63
2026-06-25 10:01:07,618 [INFO] >>> Step 2: Indicator Calculation
2026-06-25 10:01:07,621 [INFO] Market Data: Price=733.24, VIX=18.63, MDD=-3.47%
2026-06-25 10:01:07,621 [INFO] >>> Step 3: Strategy Analysis
2026-06-25 10:01:07,621 [INFO] Regime: Bull | Target Exposure: 1.00
2026-06-25 10:01:07,621 [INFO] >>> Step 4: Portfolio Status
2026-06-25 10:01:08,285 [INFO] Fetching Real-time prices from Broker...
2026-06-25 10:01:13,111 [INFO] Current Portfolio: Cash=$65,346, Value=$4,453,016
2026-06-25 10:01:13,112 [INFO] >>> Step 5: Rebalancing
2026-06-25 10:01:13,112 [INFO] [입력] Regime=Bull | TargetExposure=1.00 | TotalValue=$4,453,016.00 | Cash=$65,346.00
2026-06-25 10:01:13,112 [INFO] [포트폴리오 현황]
2026-06-25 10:01:13,112 [INFO]   A그룹(성장): $1,817,760.00 ( 40.8%)
2026-06-25 10:01:13,112 [INFO]   B그룹(안전): $2,569,910.00 ( 57.7%)
2026-06-25 10:01:13,112 [INFO]   C그룹(현금): $        0.00 (  0.0%)
2026-06-25 10:01:13,112 [INFO]   현금(예수금): $  65,346.00 (  1.5%)
2026-06-25 10:01:13,112 [INFO] [비중 판정] ratio_A=0.414  ratio_B=0.586
2026-06-25 10:01:13,112 [INFO]   A 상대이탈: 3.6% | B 상대이탈: 2.4% | 임계치: 7.5% → 비율 유지 (리밸런싱 불필요)
2026-06-25 10:01:13,112 [INFO] [목표 금액]
2026-06-25 10:01:13,113 [INFO]   A그룹: 현재 $1,817,760.00 → 목표 $1,844,832.08  (exposure 1.00 × ratio 0.41)
2026-06-25 10:01:13,113 [INFO]   B그룹: 현재 $2,569,910.00 → 목표 $2,608,183.92  (exposure 1.00 × ratio 0.59)
2026-06-25 10:01:13,113 [INFO]   C그룹: 현재 $      0.00 → 목표 $      0.00  (잔여)
2026-06-25 10:01:13,113 [INFO] [A그룹(성장) 종목별]
2026-06-25 10:01:13,113 [INFO]   KODEX 코스피: 보유 11주 $1,003,200.00 → 목표 $922,416.04 | diff=-80,783.96 → SELL 1주 @$91200.00
2026-06-25 10:01:13,113 [INFO]   TIGER 미국나스닥100: 보유 4주 $814,560.00 → 목표 $922,416.04 | diff=+107,856.04 → 주문 없음 (수량 미달)
2026-06-25 10:01:13,113 [INFO] [B그룹(안전) 종목별]
2026-06-25 10:01:13,113 [INFO]   ACE 국고채10년: 보유 10주 $832,000.00 → 목표 $869,394.64 | diff=+37,394.64 → 주문 없음 (수량 미달)
2026-06-25 10:01:13,113 [INFO]   TIGER 미국채10년선물: 보유 64주 $894,400.00 → 목표 $869,394.64 | diff=-25,005.36 → SELL 2주 @$13975.00
2026-06-25 10:01:13,113 [INFO]   ACE KRX금현물: 보유 31주 $843,510.00 → 목표 $869,394.64 | diff=+25,884.64 → 주문 없음 (수량 미달)
2026-06-25 10:01:13,113 [INFO] [최종 주문] 주문 없음
2026-06-25 10:01:13,113 [INFO] [결정 사유] 비율 유지, 추가 주문 없음
2026-06-25 10:01:13,113 [INFO] No Rebalance Needed.
2026-06-25 10:01:13,569 [INFO] >>> Step 6: Archiving Data
2026-06-25 10:01:13,572 [INFO] Cycle Completed: regime=Bull exposure=1.00 orders=0 executions=0
