2026-07-20 14:00:58,947 [INFO] === Initializing Trading Bot (multi-account) ===
2026-07-20 14:00:58,948 [INFO] Loaded 2 account(s) from accounts.yaml
2026-07-20 14:00:58,948 [INFO] [my_test] engine=DomesticVolManagedEngine market=domestic mode=LIVE state=ACTIVE
2026-07-20 14:00:59,700 [INFO] [KisBroker] 새 토큰 발급 완료 (expires_at=2026-07-21 05:00:59)
2026-07-20 14:00:59,701 [INFO] [KisDomesticLiveBroker] Mode: LIVE TRADING
2026-07-20 14:00:59,702 [INFO] Restored previous regime: Bull
2026-07-20 14:00:59,702 [INFO] [my_isa] engine=DomesticVolManagedEngine market=domestic mode=LIVE state=INACTIVE(조회전용)
2026-07-20 14:01:00,482 [INFO] [KisBroker] 새 토큰 발급 완료 (expires_at=2026-07-21 05:01:00)
2026-07-20 14:01:00,483 [INFO] [KisDomesticLiveBroker] Mode: LIVE TRADING
2026-07-20 14:01:00,484 [INFO] Restored previous regime: Bull
2026-07-20 14:01:00,485 [INFO] ===== [my_test] 계좌 실행 시작 =====
2026-07-20 14:01:01,642 [INFO] >>> Step 1: Data Collection
2026-07-20 14:01:01,644 [INFO] [Data] Fetching ['133690.KS'] history for 400 days...
2026-07-20 14:01:01,823 [INFO] [Data] VIX fetched: 18.77
2026-07-20 14:01:01,823 [INFO] >>> Step 2: Indicator Calculation
2026-07-20 14:01:01,826 [INFO] Market Data: Price=188365.00, VIX=18.77, MDD=-9.34%
2026-07-20 14:01:01,826 [INFO] >>> Step 3: Strategy Analysis
2026-07-20 14:01:01,826 [INFO] >>> VolManaged: vol=25.21% → L=0.87x (TIGER 미국나스닥100레버리지(합성) 0%, 위험 87%, 현금 13%)
2026-07-20 14:01:01,826 [INFO] Regime: Bull | Target Exposure: 0.87
2026-07-20 14:01:01,826 [INFO] >>> Step 4: Portfolio Status
2026-07-20 14:01:02,650 [INFO] Fetching Real-time prices from Broker...
2026-07-20 14:01:07,081 [INFO] Current Portfolio: Cash=$4,095,026, Value=$4,095,026
2026-07-20 14:01:07,082 [INFO] >>> Step 5: Rebalancing
2026-07-20 14:01:07,082 [INFO] [입력] Regime=Bull | TargetExposure=0.87 | TotalValue=$4,095,026.00 | Cash=$4,095,026.00
2026-07-20 14:01:07,082 [INFO] [포트폴리오 현황]
2026-07-20 14:01:07,082 [INFO]   A그룹(성장): $        0.00 (  0.0%)
2026-07-20 14:01:07,082 [INFO]   B그룹(안전): $        0.00 (  0.0%)
2026-07-20 14:01:07,082 [INFO]   C그룹(현금): $        0.00 (  0.0%)
2026-07-20 14:01:07,082 [INFO]   현금(예수금): $4,095,026.00 (100.0%)
2026-07-20 14:01:07,082 [INFO] [비중 판정] 첫 투자 → 0:100 초기 비율 적용
2026-07-20 14:01:07,082 [INFO] [목표 금액]
2026-07-20 14:01:07,082 [INFO]   A그룹: 현재 $      0.00 → 목표 $      0.00  (exposure 0.87 × ratio 0.00)
2026-07-20 14:01:07,082 [INFO]   B그룹: 현재 $      0.00 → 목표 $3,573,084.51  (exposure 0.87 × ratio 1.00)
2026-07-20 14:01:07,082 [INFO]   C그룹: 현재 $      0.00 → 목표 $521,941.49  (잔여)
2026-07-20 14:01:07,082 [INFO] [A그룹(성장) 종목별]
2026-07-20 14:01:07,082 [INFO]   TIGER 미국나스닥100레버리지(합성): 보유 0주 $0.00 → 목표 $0.00 | diff=+0.00 → 주문 없음
2026-07-20 14:01:07,082 [INFO] [B그룹(안전) 종목별]
2026-07-20 14:01:07,082 [INFO]   TIGER 미국나스닥100: 보유 0주 $0.00 → 목표 $3,573,084.51 | diff=+3,573,084.51 → BUY 18주 @$188150.00
2026-07-20 14:01:07,083 [INFO] [C그룹(현금) 종목별]
2026-07-20 14:01:07,083 [INFO]   KODEX CD금리액티브: 보유 0주 $0.00 → 목표 $521,941.49 | diff=+521,941.49 → 주문 없음 (수량 미달)
2026-07-20 14:01:07,083 [INFO] [최종 주문] SELL 0건 + BUY 1건 (총 주문금액: $3,386,700.00 / 자산대비 82.7%)
2026-07-20 14:01:07,083 [INFO] [결정 사유] 첫 투자: 0:100 비율로 진입
2026-07-20 14:01:07,083 [INFO] Executing 1 orders (첫 투자: 0:100 비율로 진입)
2026-07-20 14:01:07,996 [INFO] [KisBroker] Available Cash for BUY: 4,095,026
2026-07-20 14:01:10,908 [INFO] [KisDomestic] Order Sent: BUY 133690.KS 18 @ 188170 (ODNO=0030691300)
2026-07-20 14:01:12,311 [INFO] [KisDomestic] Order FILLED: 133690.KS ODNO=0030691300 price=188158.0 qty=18 fee=508.02899999999994
2026-07-20 14:01:12,513 [INFO] Order Summary: total=1 filled=1 partial=0 ordered=0 rejected=0 failed=0
2026-07-20 14:01:16,619 [INFO] Updated Portfolio: Cash=$707,676, Value=$4,093,782
2026-07-20 14:01:16,620 [INFO] >>> Step 6: Archiving Data
2026-07-20 14:01:16,624 [INFO] Cycle Completed: regime=Bull exposure=0.87 orders=1 executions=1
2026-07-20 14:01:16,624 [INFO] ===== [my_isa] 계좌 실행 시작 =====
2026-07-20 14:01:17,557 [INFO] >>> Step 1: Data Collection
2026-07-20 14:01:17,557 [INFO] [Data] Fetching ['133690.KS'] history for 400 days...
2026-07-20 14:01:17,718 [INFO] [Data] VIX fetched: 18.77
2026-07-20 14:01:17,719 [INFO] >>> Step 2: Indicator Calculation
2026-07-20 14:01:17,721 [INFO] Market Data: Price=188390.00, VIX=18.77, MDD=-9.33%
2026-07-20 14:01:17,721 [INFO] >>> Step 3: Strategy Analysis
2026-07-20 14:01:17,721 [INFO] >>> VolManaged: vol=25.20% → L=0.87x (TIGER 미국나스닥100레버리지(합성) 0%, 위험 87%, 현금 13%)
2026-07-20 14:01:17,721 [INFO] Regime: Bull | Target Exposure: 0.87
2026-07-20 14:01:17,721 [INFO] >>> Step 4: Portfolio Status
2026-07-20 14:01:18,538 [INFO] Fetching Real-time prices from Broker...
2026-07-20 14:01:22,962 [INFO] Current Portfolio: Cash=$521,500, Value=$47,414,550
2026-07-20 14:01:22,962 [INFO] >>> Step 5: Deactivated (조회 전용, 매매 스킵)
2026-07-20 14:01:23,202 [INFO] >>> Step 6: Archiving Data
2026-07-20 14:01:23,204 [INFO] Cycle Completed: regime=Bull exposure=0.87 orders=0 executions=0
