2026-05-29 14:20:47,809 [INFO] === Initializing Trading Bot (multi-account) ===
2026-05-29 14:20:47,810 [INFO] Loaded 1 account(s) from accounts.yaml
2026-05-29 14:20:47,810 [INFO] [my_test] engine=DomesticAsset5RealEngine market=domestic mode=LIVE
2026-05-29 14:20:48,461 [INFO] [KisBroker] 새 토큰 발급 완료 (expires_at=2026-05-30 05:20:48)
2026-05-29 14:20:48,462 [INFO] [KisDomesticLiveBroker] Mode: LIVE TRADING
2026-05-29 14:20:48,463 [INFO] Restored previous regime: Bull
2026-05-29 14:20:50,251 [INFO] >>> Step 1: Data Collection
2026-05-29 14:20:50,252 [INFO] [Data] Fetching ['SPY'] history for 400 days...
2026-05-29 14:20:51,030 [INFO] [Data] VIX fetched: 15.74
2026-05-29 14:20:51,030 [INFO] >>> Step 2: Indicator Calculation
2026-05-29 14:20:51,033 [INFO] Market Data: Price=754.60, VIX=15.74, MDD=0.00%
2026-05-29 14:20:51,033 [INFO] >>> Step 3: Strategy Analysis
2026-05-29 14:20:51,033 [INFO] Regime: Bull | Target Exposure: 1.00
2026-05-29 14:20:51,033 [INFO] >>> Step 4: Portfolio Status
2026-05-29 14:20:51,805 [INFO] Fetching Real-time prices from Broker...
2026-05-29 14:20:55,022 [INFO] Current Portfolio: Cash=$193,009, Value=$4,446,289
2026-05-29 14:20:55,023 [INFO] >>> Step 5: Rebalancing
2026-05-29 14:20:55,023 [INFO] [입력] Regime=Bull | TargetExposure=1.00 | TotalValue=$4,446,289.00 | Cash=$193,009.00
2026-05-29 14:20:55,023 [INFO] [포트폴리오 현황]
2026-05-29 14:20:55,023 [INFO]   A그룹(성장): $1,761,230.00 ( 39.6%)
2026-05-29 14:20:55,023 [INFO]   B그룹(안전): $2,492,050.00 ( 56.0%)
2026-05-29 14:20:55,023 [INFO]   C그룹(현금): $        0.00 (  0.0%)
2026-05-29 14:20:55,023 [INFO]   현금(예수금): $ 193,009.00 (  4.3%)
2026-05-29 14:20:55,023 [INFO] [비중 판정] ratio_A=0.414  ratio_B=0.586
2026-05-29 14:20:55,023 [INFO]   A 상대이탈: 3.5% | B 상대이탈: 2.3% | 임계치: 7.5% → 비율 유지 (리밸런싱 불필요)
2026-05-29 14:20:55,023 [INFO] [목표 금액]
2026-05-29 14:20:55,023 [INFO]   A그룹: 현재 $1,761,230.00 → 목표 $1,841,152.61  (exposure 1.00 × ratio 0.41)
2026-05-29 14:20:55,023 [INFO]   B그룹: 현재 $2,492,050.00 → 목표 $2,605,136.39  (exposure 1.00 × ratio 0.59)
2026-05-29 14:20:55,023 [INFO]   C그룹: 현재 $      0.00 → 목표 $      0.00  (잔여)
2026-05-29 14:20:55,023 [INFO] [A그룹(성장) 종목별]
2026-05-29 14:20:55,024 [INFO]   KODEX 코스피: 보유 11주 $955,130.00 → 목표 $920,576.31 | diff=-34,553.69 → SELL 1주 @$86830.00
2026-05-29 14:20:55,024 [INFO]   TIGER 미국나스닥100: 보유 4주 $806,100.00 → 목표 $920,576.31 | diff=+114,476.31 → 주문 없음 (수량 미달)
2026-05-29 14:20:55,024 [INFO] [B그룹(안전) 종목별]
2026-05-29 14:20:55,024 [INFO]   ACE 국고채10년: 보유 10주 $832,000.00 → 목표 $868,378.80 | diff=+36,378.80 → 주문 없음 (수량 미달)
2026-05-29 14:20:55,024 [INFO]   TIGER 미국채10년선물: 보유 63주 $852,075.00 → 목표 $868,378.80 | diff=+16,303.80 → BUY 1주 @$13525.00
2026-05-29 14:20:55,024 [INFO]   ACE KRX금현물: 보유 27주 $807,975.00 → 목표 $868,378.80 | diff=+60,403.80 → BUY 2주 @$29925.00
2026-05-29 14:20:55,024 [INFO] [최종 주문] 주문 없음
2026-05-29 14:20:55,024 [INFO] [결정 사유] 비율 유지, 추가 주문 없음
2026-05-29 14:20:55,024 [INFO] No Rebalance Needed.
2026-05-29 14:20:55,283 [INFO] >>> Step 6: Archiving Data
2026-05-29 14:20:55,284 [INFO] Cycle Completed: regime=Bull exposure=1.00 orders=0 executions=0
