2026-05-11 14:05:38,889 [INFO] === Initializing Trading Bot (multi-account) ===
2026-05-11 14:05:38,890 [INFO] Loaded 1 account(s) from accounts.yaml
2026-05-11 14:05:38,890 [INFO] [my_test] engine=DomesticAsset5RealEngine market=domestic mode=LIVE
2026-05-11 14:05:39,666 [INFO] [KisBroker] 새 토큰 발급 완료 (expires_at=2026-05-12 05:05:39)
2026-05-11 14:05:39,667 [INFO] [KisDomesticLiveBroker] Mode: LIVE TRADING
2026-05-11 14:05:39,668 [INFO] Restored previous regime: Bull
2026-05-11 14:05:40,836 [INFO] >>> Step 1: Data Collection
2026-05-11 14:05:40,836 [INFO] [Data] Fetching ['SPY'] history for 400 days...
2026-05-11 14:05:41,139 [INFO] [Data] VIX fetched: 17.19
2026-05-11 14:05:41,139 [INFO] >>> Step 2: Indicator Calculation
2026-05-11 14:05:41,142 [INFO] Market Data: Price=737.62, VIX=17.19, MDD=0.00%
2026-05-11 14:05:41,142 [INFO] >>> Step 3: Strategy Analysis
2026-05-11 14:05:41,142 [INFO] Regime: Bull | Target Exposure: 1.00
2026-05-11 14:05:41,142 [INFO] >>> Step 4: Portfolio Status
2026-05-11 14:05:42,051 [INFO] Fetching Real-time prices from Broker...
2026-05-11 14:05:45,657 [INFO] Current Portfolio: Cash=$193,009, Value=$4,349,139
2026-05-11 14:05:45,657 [INFO] >>> Step 5: Rebalancing
2026-05-11 14:05:45,658 [INFO] [입력] Regime=Bull | TargetExposure=1.00 | TotalValue=$4,349,139.00 | Cash=$193,009.00
2026-05-11 14:05:45,658 [INFO] [포트폴리오 현황]
2026-05-11 14:05:45,658 [INFO]   A그룹(성장): $1,654,120.00 ( 38.0%)
2026-05-11 14:05:45,658 [INFO]   B그룹(안전): $2,502,010.00 ( 57.5%)
2026-05-11 14:05:45,658 [INFO]   C그룹(현금): $        0.00 (  0.0%)
2026-05-11 14:05:45,658 [INFO]   현금(예수금): $ 193,009.00 (  4.4%)
2026-05-11 14:05:45,658 [INFO] [비중 판정] ratio_A=0.398  ratio_B=0.602
2026-05-11 14:05:45,658 [INFO]   A 상대이탈: 0.5% | B 상대이탈: 0.3% | 임계치: 7.5% → 비율 유지 (리밸런싱 불필요)
2026-05-11 14:05:45,658 [INFO] [목표 금액]
2026-05-11 14:05:45,658 [INFO]   A그룹: 현재 $1,654,120.00 → 목표 $1,730,936.67  (exposure 1.00 × ratio 0.40)
2026-05-11 14:05:45,658 [INFO]   B그룹: 현재 $2,502,010.00 → 목표 $2,618,202.33  (exposure 1.00 × ratio 0.60)
2026-05-11 14:05:45,658 [INFO]   C그룹: 현재 $      0.00 → 목표 $      0.00  (잔여)
2026-05-11 14:05:45,659 [INFO] [A그룹(성장) 종목별]
2026-05-11 14:05:45,659 [INFO]   KODEX 코스피: 보유 11주 $890,340.00 → 목표 $865,468.33 | diff=-24,871.67 → SELL 1주 @$80940.00
2026-05-11 14:05:45,659 [INFO]   TIGER 미국나스닥100: 보유 4주 $763,780.00 → 목표 $865,468.33 | diff=+101,688.33 → 주문 없음 (수량 미달)
2026-05-11 14:05:45,659 [INFO] [B그룹(안전) 종목별]
2026-05-11 14:05:45,659 [INFO]   ACE 국고채10년: 보유 10주 $837,100.00 → 목표 $872,734.11 | diff=+35,634.11 → 주문 없음 (수량 미달)
2026-05-11 14:05:45,659 [INFO]   TIGER 미국채10년선물: 보유 63주 $837,900.00 → 목표 $872,734.11 | diff=+34,834.11 → BUY 2주 @$13300.00
2026-05-11 14:05:45,659 [INFO]   ACE KRX금현물: 보유 27주 $827,010.00 → 목표 $872,734.11 | diff=+45,724.11 → BUY 1주 @$30630.00
2026-05-11 14:05:45,659 [INFO] [최종 주문] 주문 없음
2026-05-11 14:05:45,659 [INFO] [결정 사유] 비율 유지, 추가 주문 없음
2026-05-11 14:05:45,659 [INFO] No Rebalance Needed.
2026-05-11 14:05:45,793 [INFO] >>> Step 6: Archiving Data
2026-05-11 14:05:45,795 [INFO] Cycle Completed: regime=Bull exposure=1.00 orders=0 executions=0
