2026-08-25 10:00:53,657 [INFO] === Initializing Trading Bot (multi-account) ===
2026-08-25 10:00:53,659 [INFO] Loaded 4 account(s) from accounts.yaml
2026-08-25 10:00:53,659 [INFO] [my_test] engine=DomesticQldDipBuyEngine market=domestic mode=LIVE state=ACTIVE
2026-08-25 10:00:54,349 [INFO] [KisBroker] 새 토큰 발급 완료 (expires_at=2026-08-26 01:00:54)
2026-08-25 10:00:54,350 [INFO] [KisDomesticLiveBroker] Mode: LIVE TRADING
2026-08-25 10:00:54,351 [INFO] Restored previous regime: Bull
2026-08-25 10:00:54,351 [INFO] [my_isa] engine=DomesticVolManagedEngine market=domestic mode=LIVE state=INACTIVE(조회전용)
2026-08-25 10:00:55,015 [INFO] [KisBroker] 새 토큰 발급 완료 (expires_at=2026-08-26 01:00:55)
2026-08-25 10:00:55,017 [INFO] [KisDomesticLiveBroker] Mode: LIVE TRADING
2026-08-25 10:00:55,018 [INFO] Restored previous regime: Bull
2026-08-25 10:00:55,018 [INFO] [my_pension] engine=DomesticAsset5RealEngine market=domestic mode=LIVE state=INACTIVE(조회전용)
2026-08-25 10:00:55,704 [INFO] [KisBroker] 새 토큰 발급 완료 (expires_at=2026-08-26 01:00:55)
2026-08-25 10:00:55,705 [INFO] [KisDomesticLiveBroker] Mode: LIVE TRADING
2026-08-25 10:00:55,706 [INFO] Restored previous regime: Bull
2026-08-25 10:00:55,706 [INFO] [my_irp] engine=DomesticAsset5RealEngine market=domestic mode=LIVE state=INACTIVE(조회전용)
2026-08-25 10:00:56,418 [INFO] [KisBroker] 새 토큰 발급 완료 (expires_at=2026-08-26 01:00:56)
2026-08-25 10:00:56,419 [INFO] [KisDomesticLiveBroker] Mode: LIVE TRADING
2026-08-25 10:00:56,420 [INFO] Restored previous regime: Bull
2026-08-25 10:00:56,420 [INFO] ===== [my_test] 계좌 실행 시작 =====
2026-08-25 10:00:56,420 [INFO] >>> Step 1: Data Collection
2026-08-25 10:00:56,420 [INFO] [Data] Fetching ['SPY'] history for 400 days...
2026-08-25 10:00:57,223 [INFO] [Data] Fetching ['418660.KS'] history for 400 days...
2026-08-25 10:00:57,533 [INFO] [Data] VIX fetched: 15.85
2026-08-25 10:00:57,533 [INFO] >>> Step 2: Indicator Calculation
2026-08-25 10:00:57,540 [INFO] Market Data: Price=763.47, VIX=15.85, MDD=-1.85%
2026-08-25 10:00:57,540 [INFO] >>> Step 3: Strategy Analysis
2026-08-25 10:00:57,540 [INFO] Regime: Bull | Target Exposure: 1.00
2026-08-25 10:00:57,540 [INFO] >>> Step 4: Portfolio Status
2026-08-25 10:00:58,327 [INFO] Fetching Real-time prices from Broker...
2026-08-25 10:01:01,677 [INFO] Current Portfolio: Cash=$209,014, Value=$10,272,959
2026-08-25 10:01:01,919 [INFO] >>> Step 5: DomesticQldDipBuy (BUY_STAGE_1 1/10 분할매수 418660.KS 5주)
2026-08-25 10:01:01,919 [INFO] Executing 1 orders (BUY_STAGE_1 1/10 분할매수 418660.KS 5주)
2026-08-25 10:01:02,687 [INFO] [KisBroker] Available Cash for BUY: 209,014
2026-08-25 10:01:05,237 [ERROR] [KisDomestic] Order Failed: BUY 418660.KS qty=5 @ 38940 — 해당종목은 기본예탁금 충족한 계좌만 매수주문가능합니다
2026-08-25 10:01:05,438 [INFO] Order Summary: total=1 filled=0 partial=0 ordered=0 cancelled=0 skipped=0 rejected=1 error=0
2026-08-25 10:01:05,439 [ERROR] ⚠️ Order Result Alert
날짜: 2026-08-25
- BUY 418660.KS 5주: REJECTED — 해당종목은 기본예탁금 충족한 계좌만 매수주문가능합니다
2026-08-25 10:01:05,837 [INFO] >>> Step 6: Archiving Data
2026-08-25 10:01:05,845 [INFO] Cycle Completed: regime=Bull exposure=1.00 orders=1 executions=0
2026-08-25 10:01:05,845 [INFO] ===== [my_isa] 계좌 실행 시작 =====
2026-08-25 10:01:05,845 [INFO] >>> Step 1: Data Collection
2026-08-25 10:01:05,845 [INFO] [Data] Fetching ['133690.KS'] history for 400 days...
2026-08-25 10:01:06,085 [INFO] [Data] VIX fetched: 15.85
2026-08-25 10:01:06,085 [INFO] >>> Step 2: Indicator Calculation
2026-08-25 10:01:06,088 [INFO] Market Data: Price=177460.00, VIX=15.85, MDD=-14.59%
2026-08-25 10:01:06,088 [INFO] >>> Step 3: Strategy Analysis
2026-08-25 10:01:06,088 [INFO] >>> VolManaged: vol=25.79% → L=0.85x (TIGER 미국나스닥100레버리지(합성) 0%, 위험 85%, 현금 15%)
2026-08-25 10:01:06,088 [INFO] Regime: Bull | Target Exposure: 0.85
2026-08-25 10:01:06,088 [INFO] >>> Step 4: Portfolio Status
2026-08-25 10:01:06,859 [INFO] Fetching Real-time prices from Broker...
2026-08-25 10:01:11,727 [INFO] Current Portfolio: Cash=$111,215, Value=$44,218,035
2026-08-25 10:01:11,908 [INFO] >>> Step 5: Deactivated (조회 전용, 매매 스킵)
2026-08-25 10:01:11,908 [INFO] >>> Step 6: Archiving Data
2026-08-25 10:01:11,911 [INFO] Cycle Completed: regime=Bull exposure=0.85 orders=0 executions=0
2026-08-25 10:01:11,911 [INFO] ===== [my_pension] 계좌 실행 시작 =====
2026-08-25 10:01:11,911 [INFO] >>> Step 1: Data Collection
2026-08-25 10:01:11,911 [INFO] [Data] Fetching ['SPY'] history for 400 days...
2026-08-25 10:01:12,063 [INFO] [Data] VIX fetched: 15.85
2026-08-25 10:01:12,063 [INFO] >>> Step 2: Indicator Calculation
2026-08-25 10:01:12,066 [INFO] Market Data: Price=763.47, VIX=15.85, MDD=-1.85%
2026-08-25 10:01:12,066 [INFO] >>> Step 3: Strategy Analysis
2026-08-25 10:01:12,066 [INFO] Regime: Bull | Target Exposure: 1.00
2026-08-25 10:01:12,066 [INFO] >>> Step 4: Portfolio Status
2026-08-25 10:01:12,845 [INFO] Fetching Real-time prices from Broker...
2026-08-25 10:01:19,530 [INFO] Current Portfolio: Cash=$38,294, Value=$43,009,584
2026-08-25 10:01:19,958 [INFO] >>> Step 5: Deactivated (조회 전용, 매매 스킵)
2026-08-25 10:01:19,958 [INFO] >>> Step 6: Archiving Data
2026-08-25 10:01:19,960 [INFO] Cycle Completed: regime=Bull exposure=1.00 orders=0 executions=0
2026-08-25 10:01:19,960 [INFO] ===== [my_irp] 계좌 실행 시작 =====
2026-08-25 10:01:19,960 [INFO] >>> Step 1: Data Collection
2026-08-25 10:01:19,960 [INFO] [Data] Fetching ['SPY'] history for 400 days...
2026-08-25 10:01:20,093 [INFO] [Data] VIX fetched: 15.85
2026-08-25 10:01:20,094 [INFO] >>> Step 2: Indicator Calculation
2026-08-25 10:01:20,096 [INFO] Market Data: Price=763.47, VIX=15.85, MDD=-1.85%
2026-08-25 10:01:20,096 [INFO] >>> Step 3: Strategy Analysis
2026-08-25 10:01:20,096 [INFO] Regime: Bull | Target Exposure: 1.00
2026-08-25 10:01:20,097 [INFO] >>> Step 4: Portfolio Status
2026-08-25 10:01:20,868 [INFO] Fetching Real-time prices from Broker...
2026-08-25 10:01:28,231 [INFO] Current Portfolio: Cash=$45,400, Value=$15,613,870
2026-08-25 10:01:29,524 [INFO] >>> Step 5: Deactivated (조회 전용, 매매 스킵)
2026-08-25 10:01:29,524 [INFO] >>> Step 6: Archiving Data
2026-08-25 10:01:29,526 [INFO] Cycle Completed: regime=Bull exposure=1.00 orders=0 executions=0
