2026-05-26 14:11:49,196 [INFO] === Initializing Trading Bot (multi-account) ===
2026-05-26 14:11:49,197 [INFO] Loaded 1 account(s) from accounts.yaml
2026-05-26 14:11:49,197 [INFO] [my_test] engine=DomesticAsset5RealEngine market=domestic mode=LIVE
2026-05-26 14:11:49,985 [INFO] [KisBroker] 새 토큰 발급 완료 (expires_at=2026-05-27 05:11:49)
2026-05-26 14:11:49,986 [INFO] [KisDomesticLiveBroker] Mode: LIVE TRADING
2026-05-26 14:11:49,987 [INFO] Restored previous regime: Bull
2026-05-26 14:11:51,250 [INFO] >>> Step 1: Data Collection
2026-05-26 14:11:51,250 [INFO] [Data] Fetching ['SPY'] history for 400 days...
2026-05-26 14:11:51,564 [INFO] [Data] VIX fetched: 16.59
2026-05-26 14:11:51,564 [INFO] >>> Step 2: Indicator Calculation
2026-05-26 14:11:51,567 [INFO] Market Data: Price=745.64, VIX=16.59, MDD=-0.34%
2026-05-26 14:11:51,567 [INFO] >>> Step 3: Strategy Analysis
2026-05-26 14:11:51,567 [INFO] Regime: Bull | Target Exposure: 1.00
2026-05-26 14:11:51,567 [INFO] >>> Step 4: Portfolio Status
2026-05-26 14:11:52,408 [INFO] Fetching Real-time prices from Broker...
2026-05-26 14:11:56,024 [INFO] Current Portfolio: Cash=$193,009, Value=$4,394,129
2026-05-26 14:11:56,025 [INFO] >>> Step 5: Rebalancing
2026-05-26 14:11:56,025 [INFO] [입력] Regime=Bull | TargetExposure=1.00 | TotalValue=$4,394,129.00 | Cash=$193,009.00
2026-05-26 14:11:56,025 [INFO] [포트폴리오 현황]
2026-05-26 14:11:56,025 [INFO]   A그룹(성장): $1,703,705.00 ( 38.8%)
2026-05-26 14:11:56,025 [INFO]   B그룹(안전): $2,497,415.00 ( 56.8%)
2026-05-26 14:11:56,025 [INFO]   C그룹(현금): $        0.00 (  0.0%)
2026-05-26 14:11:56,025 [INFO]   현금(예수금): $ 193,009.00 (  4.4%)
2026-05-26 14:11:56,025 [INFO] [비중 판정] ratio_A=0.406  ratio_B=0.594
2026-05-26 14:11:56,025 [INFO]   A 상대이탈: 1.4% | B 상대이탈: 0.9% | 임계치: 7.5% → 비율 유지 (리밸런싱 불필요)
2026-05-26 14:11:56,025 [INFO] [목표 금액]
2026-05-26 14:11:56,026 [INFO]   A그룹: 현재 $1,703,705.00 → 목표 $1,781,977.08  (exposure 1.00 × ratio 0.41)
2026-05-26 14:11:56,026 [INFO]   B그룹: 현재 $2,497,415.00 → 목표 $2,612,151.92  (exposure 1.00 × ratio 0.59)
2026-05-26 14:11:56,026 [INFO]   C그룹: 현재 $      0.00 → 목표 $      0.00  (잔여)
2026-05-26 14:11:56,026 [INFO] [A그룹(성장) 종목별]
2026-05-26 14:11:56,026 [INFO]   KODEX 코스피: 보유 11주 $910,305.00 → 목표 $890,988.54 | diff=-19,316.46 → SELL 1주 @$82755.00
2026-05-26 14:11:56,026 [INFO]   TIGER 미국나스닥100: 보유 4주 $793,400.00 → 목표 $890,988.54 | diff=+97,588.54 → 주문 없음 (수량 미달)
2026-05-26 14:11:56,026 [INFO] [B그룹(안전) 종목별]
2026-05-26 14:11:56,026 [INFO]   ACE 국고채10년: 보유 10주 $832,100.00 → 목표 $870,717.31 | diff=+38,617.31 → 주문 없음 (수량 미달)
2026-05-26 14:11:56,026 [INFO]   TIGER 미국채10년선물: 보유 63주 $851,130.00 → 목표 $870,717.31 | diff=+19,587.31 → BUY 1주 @$13510.00
2026-05-26 14:11:56,026 [INFO]   ACE KRX금현물: 보유 27주 $814,185.00 → 목표 $870,717.31 | diff=+56,532.31 → BUY 1주 @$30155.00
2026-05-26 14:11:56,026 [INFO] [최종 주문] 주문 없음
2026-05-26 14:11:56,026 [INFO] [결정 사유] 비율 유지, 추가 주문 없음
2026-05-26 14:11:56,026 [INFO] No Rebalance Needed.
2026-05-26 14:11:56,115 [INFO] >>> Step 6: Archiving Data
2026-05-26 14:11:56,117 [INFO] Cycle Completed: regime=Bull exposure=1.00 orders=0 executions=0
