2026-07-02 10:00:58,408 [INFO] === Initializing Trading Bot (multi-account) ===
2026-07-02 10:00:58,409 [INFO] Loaded 1 account(s) from accounts.yaml
2026-07-02 10:00:58,409 [INFO] [my_test] engine=DomesticAsset5RealEngine market=domestic mode=LIVE
2026-07-02 10:00:59,115 [INFO] [KisBroker] 새 토큰 발급 완료 (expires_at=2026-07-03 01:00:59)
2026-07-02 10:00:59,116 [INFO] [KisDomesticLiveBroker] Mode: LIVE TRADING
2026-07-02 10:00:59,117 [INFO] Restored previous regime: Bull
2026-07-02 10:01:00,556 [INFO] >>> Step 1: Data Collection
2026-07-02 10:01:00,556 [INFO] [Data] Fetching ['SPY'] history for 400 days...
2026-07-02 10:01:00,967 [INFO] [Data] VIX fetched: 16.59
2026-07-02 10:01:00,967 [INFO] >>> Step 2: Indicator Calculation
2026-07-02 10:01:00,971 [INFO] Market Data: Price=745.76, VIX=16.59, MDD=-1.82%
2026-07-02 10:01:00,971 [INFO] >>> Step 3: Strategy Analysis
2026-07-02 10:01:00,971 [INFO] Regime: Bull | Target Exposure: 1.00
2026-07-02 10:01:00,971 [INFO] >>> Step 4: Portfolio Status
2026-07-02 10:01:01,739 [INFO] Fetching Real-time prices from Broker...
2026-07-02 10:01:07,102 [INFO] Current Portfolio: Cash=$38,261, Value=$4,352,661
2026-07-02 10:01:07,102 [INFO] >>> Step 5: Rebalancing
2026-07-02 10:01:07,102 [INFO] [입력] Regime=Bull | TargetExposure=1.00 | TotalValue=$4,352,661.00 | Cash=$38,261.00
2026-07-02 10:01:07,102 [INFO] [포트폴리오 현황]
2026-07-02 10:01:07,102 [INFO]   A그룹(성장): $1,705,220.00 ( 39.2%)
2026-07-02 10:01:07,102 [INFO]   B그룹(안전): $2,609,180.00 ( 59.9%)
2026-07-02 10:01:07,103 [INFO]   C그룹(현금): $        0.00 (  0.0%)
2026-07-02 10:01:07,103 [INFO]   현금(예수금): $  38,261.00 (  0.9%)
2026-07-02 10:01:07,103 [INFO] [비중 판정] ratio_A=0.395  ratio_B=0.605
2026-07-02 10:01:07,103 [INFO]   A 상대이탈: 1.2% | B 상대이탈: 0.8% | 임계치: 7.5% → 비율 유지 (리밸런싱 불필요)
2026-07-02 10:01:07,103 [INFO] [목표 금액]
2026-07-02 10:01:07,103 [INFO]   A그룹: 현재 $1,705,220.00 → 목표 $1,720,342.25  (exposure 1.00 × ratio 0.40)
2026-07-02 10:01:07,103 [INFO]   B그룹: 현재 $2,609,180.00 → 목표 $2,632,318.75  (exposure 1.00 × ratio 0.60)
2026-07-02 10:01:07,103 [INFO]   C그룹: 현재 $      0.00 → 목표 $      0.00  (잔여)
2026-07-02 10:01:07,103 [INFO] [A그룹(성장) 종목별]
2026-07-02 10:01:07,103 [INFO]   KODEX 코스피: 보유 11주 $882,640.00 → 목표 $860,171.12 | diff=-22,468.88 → SELL 1주 @$80240.00
2026-07-02 10:01:07,103 [INFO]   TIGER 미국나스닥100: 보유 4주 $822,580.00 → 목표 $860,171.12 | diff=+37,591.12 → 주문 없음 (수량 미달)
2026-07-02 10:01:07,103 [INFO] [B그룹(안전) 종목별]
2026-07-02 10:01:07,104 [INFO]   ACE 국고채10년: 보유 10주 $828,700.00 → 목표 $877,439.58 | diff=+48,739.58 → 주문 없음 (수량 미달)
2026-07-02 10:01:07,104 [INFO]   TIGER 미국채10년선물: 보유 64주 $893,440.00 → 목표 $877,439.58 | diff=-16,000.42 → SELL 2주 @$13960.00
2026-07-02 10:01:07,104 [INFO]   ACE KRX금현물: 보유 32주 $887,040.00 → 목표 $877,439.58 | diff=-9,600.42 → SELL 1주 @$27720.00
2026-07-02 10:01:07,104 [INFO] [최종 주문] 주문 없음
2026-07-02 10:01:07,104 [INFO] [결정 사유] 비율 유지, 추가 주문 없음
2026-07-02 10:01:07,104 [INFO] No Rebalance Needed.
2026-07-02 10:01:07,556 [INFO] >>> Step 6: Archiving Data
2026-07-02 10:01:07,560 [INFO] Cycle Completed: regime=Bull exposure=1.00 orders=0 executions=0
2026-07-02 14:01:01,833 [INFO] === Initializing Trading Bot (multi-account) ===
2026-07-02 14:01:01,834 [INFO] Loaded 1 account(s) from accounts.yaml
2026-07-02 14:01:01,834 [INFO] [my_test] engine=DomesticAsset5RealEngine market=domestic mode=LIVE
2026-07-02 14:01:01,835 [INFO] [KisBroker] 캐시에서 토큰 로드 (API 호출 생략)
2026-07-02 14:01:01,835 [INFO] [KisDomesticLiveBroker] Mode: LIVE TRADING
2026-07-02 14:01:01,835 [INFO] Restored previous regime: Bull
2026-07-02 14:01:03,038 [INFO] >>> Step 1: Data Collection
2026-07-02 14:01:03,039 [INFO] [Data] Fetching ['SPY'] history for 400 days...
2026-07-02 14:01:03,380 [INFO] [Data] VIX fetched: 16.59
2026-07-02 14:01:03,380 [INFO] >>> Step 2: Indicator Calculation
2026-07-02 14:01:03,382 [INFO] Market Data: Price=745.76, VIX=16.59, MDD=-1.82%
2026-07-02 14:01:03,382 [INFO] >>> Step 3: Strategy Analysis
2026-07-02 14:01:03,382 [INFO] Regime: Bull | Target Exposure: 1.00
2026-07-02 14:01:03,382 [INFO] >>> Step 4: Portfolio Status
2026-07-02 14:01:04,172 [INFO] Fetching Real-time prices from Broker...
2026-07-02 14:01:09,363 [INFO] Current Portfolio: Cash=$38,261, Value=$4,361,956
2026-07-02 14:01:09,364 [INFO] >>> Step 5: Monitoring (리밸런싱 인터벌 미충족, 1일 기준)
2026-07-02 14:01:09,680 [INFO] >>> Step 6: Archiving Data
2026-07-02 14:01:09,683 [INFO] Cycle Completed: regime=Bull exposure=1.00 orders=0 executions=0
