2026-08-19 10:00:52,013 [INFO] === Initializing Trading Bot (multi-account) ===
2026-08-19 10:00:52,016 [INFO] Loaded 4 account(s) from accounts.yaml
2026-08-19 10:00:52,016 [INFO] [my_test] engine=DomesticQldDipBuyEngine market=domestic mode=LIVE state=ACTIVE
2026-08-19 10:00:52,800 [INFO] [KisBroker] 새 토큰 발급 완료 (expires_at=2026-08-20 01:00:52)
2026-08-19 10:00:52,801 [INFO] [KisDomesticLiveBroker] Mode: LIVE TRADING
2026-08-19 10:00:52,802 [INFO] Restored previous regime: Bull
2026-08-19 10:00:52,802 [INFO] [my_isa] engine=DomesticVolManagedEngine market=domestic mode=LIVE state=INACTIVE(조회전용)
2026-08-19 10:00:53,490 [INFO] [KisBroker] 새 토큰 발급 완료 (expires_at=2026-08-20 01:00:53)
2026-08-19 10:00:53,491 [INFO] [KisDomesticLiveBroker] Mode: LIVE TRADING
2026-08-19 10:00:53,492 [INFO] Restored previous regime: Bull
2026-08-19 10:00:53,492 [INFO] [my_pension] engine=DomesticAsset5RealEngine market=domestic mode=LIVE state=INACTIVE(조회전용)
2026-08-19 10:00:54,199 [INFO] [KisBroker] 새 토큰 발급 완료 (expires_at=2026-08-20 01:00:54)
2026-08-19 10:00:54,200 [INFO] [KisDomesticLiveBroker] Mode: LIVE TRADING
2026-08-19 10:00:54,200 [INFO] Restored previous regime: Bull
2026-08-19 10:00:54,201 [INFO] [my_irp] engine=DomesticAsset5RealEngine market=domestic mode=LIVE state=INACTIVE(조회전용)
2026-08-19 10:00:54,926 [INFO] [KisBroker] 새 토큰 발급 완료 (expires_at=2026-08-20 01:00:54)
2026-08-19 10:00:54,927 [INFO] [KisDomesticLiveBroker] Mode: LIVE TRADING
2026-08-19 10:00:54,928 [INFO] Restored previous regime: Bull
2026-08-19 10:00:54,928 [INFO] ===== [my_test] 계좌 실행 시작 =====
2026-08-19 10:00:54,928 [INFO] >>> Step 1: Data Collection
2026-08-19 10:00:54,928 [INFO] [Data] Fetching ['SPY'] history for 400 days...
2026-08-19 10:00:55,473 [INFO] [Data] Fetching ['418660.KS'] history for 400 days...
2026-08-19 10:00:55,743 [INFO] [Data] VIX fetched: 15.84
2026-08-19 10:00:55,743 [INFO] >>> Step 2: Indicator Calculation
2026-08-19 10:00:55,751 [INFO] Market Data: Price=767.45, VIX=15.84, MDD=-1.34%
2026-08-19 10:00:55,751 [INFO] >>> Step 3: Strategy Analysis
2026-08-19 10:00:55,751 [INFO] Regime: Bull | Target Exposure: 1.00
2026-08-19 10:00:55,751 [INFO] >>> Step 4: Portfolio Status
2026-08-19 10:00:56,556 [INFO] Fetching Real-time prices from Broker...
2026-08-19 10:01:00,026 [INFO] Current Portfolio: Cash=$219,707, Value=$10,658,027
2026-08-19 10:01:00,340 [INFO] >>> Step 5: DomesticQldDipBuy (BUY_STAGE_1 1/10 분할매수 418660.KS 5주)
2026-08-19 10:01:00,340 [INFO] Executing 1 orders (BUY_STAGE_1 1/10 분할매수 418660.KS 5주)
2026-08-19 10:01:01,137 [INFO] [KisBroker] Available Cash for BUY: 219,707
2026-08-19 10:01:03,793 [ERROR] [KisDomestic] Order Failed: BUY 418660.KS qty=5 @ 41490 — 해당종목은 기본예탁금 충족한 계좌만 매수주문가능합니다
2026-08-19 10:01:03,995 [INFO] Order Summary: total=1 filled=0 partial=0 ordered=0 cancelled=0 skipped=0 rejected=1 error=0
2026-08-19 10:01:03,996 [ERROR] ⚠️ Order Result Alert
날짜: 2026-08-19
- BUY 418660.KS 5주: REJECTED — 해당종목은 기본예탁금 충족한 계좌만 매수주문가능합니다
2026-08-19 10:01:04,302 [INFO] >>> Step 6: Archiving Data
2026-08-19 10:01:04,309 [INFO] Cycle Completed: regime=Bull exposure=1.00 orders=1 executions=0
2026-08-19 10:01:04,309 [INFO] ===== [my_isa] 계좌 실행 시작 =====
2026-08-19 10:01:04,309 [INFO] >>> Step 1: Data Collection
2026-08-19 10:01:04,310 [INFO] [Data] Fetching ['133690.KS'] history for 400 days...
2026-08-19 10:01:04,545 [INFO] [Data] VIX fetched: 15.84
2026-08-19 10:01:04,545 [INFO] >>> Step 2: Indicator Calculation
2026-08-19 10:01:04,548 [INFO] Market Data: Price=183730.00, VIX=15.84, MDD=-11.57%
2026-08-19 10:01:04,548 [INFO] >>> Step 3: Strategy Analysis
2026-08-19 10:01:04,549 [INFO] >>> VolManaged: vol=25.60% → L=0.86x (TIGER 미국나스닥100레버리지(합성) 0%, 위험 86%, 현금 14%)
2026-08-19 10:01:04,549 [INFO] Regime: Bull | Target Exposure: 0.86
2026-08-19 10:01:04,549 [INFO] >>> Step 4: Portfolio Status
2026-08-19 10:01:05,376 [INFO] Fetching Real-time prices from Broker...
2026-08-19 10:01:11,050 [INFO] Current Portfolio: Cash=$98,990, Value=$46,092,575
2026-08-19 10:01:11,248 [INFO] >>> Step 5: Deactivated (조회 전용, 매매 스킵)
2026-08-19 10:01:11,248 [INFO] >>> Step 6: Archiving Data
2026-08-19 10:01:11,251 [INFO] Cycle Completed: regime=Bull exposure=0.86 orders=0 executions=0
2026-08-19 10:01:11,251 [INFO] ===== [my_pension] 계좌 실행 시작 =====
2026-08-19 10:01:11,251 [INFO] >>> Step 1: Data Collection
2026-08-19 10:01:11,251 [INFO] [Data] Fetching ['SPY'] history for 400 days...
2026-08-19 10:01:11,499 [INFO] [Data] VIX fetched: 15.84
2026-08-19 10:01:11,500 [INFO] >>> Step 2: Indicator Calculation
2026-08-19 10:01:11,502 [INFO] Market Data: Price=767.45, VIX=15.84, MDD=-1.34%
2026-08-19 10:01:11,502 [INFO] >>> Step 3: Strategy Analysis
2026-08-19 10:01:11,503 [INFO] Regime: Bull | Target Exposure: 1.00
2026-08-19 10:01:11,503 [INFO] >>> Step 4: Portfolio Status
2026-08-19 10:01:12,318 [INFO] Fetching Real-time prices from Broker...
2026-08-19 10:01:19,383 [INFO] Current Portfolio: Cash=$38,294, Value=$43,540,899
2026-08-19 10:01:19,763 [INFO] >>> Step 5: Deactivated (조회 전용, 매매 스킵)
2026-08-19 10:01:19,763 [INFO] >>> Step 6: Archiving Data
2026-08-19 10:01:19,765 [INFO] Cycle Completed: regime=Bull exposure=1.00 orders=0 executions=0
2026-08-19 10:01:19,765 [INFO] ===== [my_irp] 계좌 실행 시작 =====
2026-08-19 10:01:19,765 [INFO] >>> Step 1: Data Collection
2026-08-19 10:01:19,765 [INFO] [Data] Fetching ['SPY'] history for 400 days...
2026-08-19 10:01:20,410 [INFO] [Data] VIX fetched: 15.84
2026-08-19 10:01:20,410 [INFO] >>> Step 2: Indicator Calculation
2026-08-19 10:01:20,413 [INFO] Market Data: Price=767.45, VIX=15.84, MDD=-1.34%
2026-08-19 10:01:20,413 [INFO] >>> Step 3: Strategy Analysis
2026-08-19 10:01:20,413 [INFO] Regime: Bull | Target Exposure: 1.00
2026-08-19 10:01:20,413 [INFO] >>> Step 4: Portfolio Status
2026-08-19 10:01:21,255 [INFO] Fetching Real-time prices from Broker...
2026-08-19 10:01:28,933 [INFO] Current Portfolio: Cash=$45,381, Value=$16,011,291
2026-08-19 10:01:29,241 [INFO] >>> Step 5: Deactivated (조회 전용, 매매 스킵)
2026-08-19 10:01:29,241 [INFO] >>> Step 6: Archiving Data
2026-08-19 10:01:29,243 [INFO] Cycle Completed: regime=Bull exposure=1.00 orders=0 executions=0
2026-08-19 14:00:56,426 [INFO] === Initializing Trading Bot (multi-account) ===
2026-08-19 14:00:56,429 [INFO] Loaded 4 account(s) from accounts.yaml
2026-08-19 14:00:56,429 [INFO] [my_test] engine=DomesticQldDipBuyEngine market=domestic mode=LIVE state=ACTIVE
2026-08-19 14:00:56,429 [INFO] [KisBroker] 캐시에서 토큰 로드 (API 호출 생략)
2026-08-19 14:00:56,429 [INFO] [KisDomesticLiveBroker] Mode: LIVE TRADING
2026-08-19 14:00:56,430 [INFO] Restored previous regime: Bull
2026-08-19 14:00:56,430 [INFO] [my_isa] engine=DomesticVolManagedEngine market=domestic mode=LIVE state=INACTIVE(조회전용)
2026-08-19 14:00:56,430 [INFO] [KisBroker] 캐시에서 토큰 로드 (API 호출 생략)
2026-08-19 14:00:56,430 [INFO] [KisDomesticLiveBroker] Mode: LIVE TRADING
2026-08-19 14:00:56,431 [INFO] Restored previous regime: Bull
2026-08-19 14:00:56,431 [INFO] [my_pension] engine=DomesticAsset5RealEngine market=domestic mode=LIVE state=INACTIVE(조회전용)
2026-08-19 14:00:56,431 [INFO] [KisBroker] 캐시에서 토큰 로드 (API 호출 생략)
2026-08-19 14:00:56,431 [INFO] [KisDomesticLiveBroker] Mode: LIVE TRADING
2026-08-19 14:00:56,432 [INFO] Restored previous regime: Bull
2026-08-19 14:00:56,432 [INFO] [my_irp] engine=DomesticAsset5RealEngine market=domestic mode=LIVE state=INACTIVE(조회전용)
2026-08-19 14:00:56,432 [INFO] [KisBroker] 캐시에서 토큰 로드 (API 호출 생략)
2026-08-19 14:00:56,432 [INFO] [KisDomesticLiveBroker] Mode: LIVE TRADING
2026-08-19 14:00:56,433 [INFO] Restored previous regime: Bull
2026-08-19 14:00:56,433 [INFO] ===== [my_test] 계좌 실행 시작 =====
2026-08-19 14:00:56,433 [INFO] >>> Step 1: Data Collection
2026-08-19 14:00:56,433 [INFO] [Data] Fetching ['SPY'] history for 400 days...
2026-08-19 14:00:56,964 [INFO] [Data] Fetching ['418660.KS'] history for 400 days...
2026-08-19 14:00:57,833 [INFO] [Data] VIX fetched: 15.19
2026-08-19 14:00:57,833 [INFO] >>> Step 2: Indicator Calculation
2026-08-19 14:00:57,836 [WARNING] [DomesticQldDipBuy] Invalid strategy indicators: weekly_rsi, ma200_deviation, mdd_200 (rows=20, last_date=2026-08-19 00:00:00)
2026-08-19 14:00:57,836 [INFO] Market Data: Price=772.67, VIX=15.19, MDD=-0.67%
2026-08-19 14:00:57,836 [INFO] >>> Step 3: Strategy Analysis
2026-08-19 14:00:57,836 [INFO] Regime: Bull | Target Exposure: 1.00
2026-08-19 14:00:57,836 [INFO] >>> Step 4: Portfolio Status
2026-08-19 14:00:58,593 [INFO] Fetching Real-time prices from Broker...
2026-08-19 14:01:01,929 [INFO] Current Portfolio: Cash=$219,707, Value=$10,572,237
2026-08-19 14:01:02,266 [INFO] >>> Step 5: DomesticQldDipBuy (waiting (invalid signal))
2026-08-19 14:01:02,266 [INFO] No Rebalance Needed.
2026-08-19 14:01:02,267 [INFO] >>> Step 6: Archiving Data
2026-08-19 14:01:02,274 [INFO] Cycle Completed: regime=Bull exposure=1.00 orders=0 executions=0
2026-08-19 14:01:02,274 [INFO] ===== [my_isa] 계좌 실행 시작 =====
2026-08-19 14:01:02,274 [INFO] >>> Step 1: Data Collection
2026-08-19 14:01:02,275 [INFO] [Data] Fetching ['133690.KS'] history for 400 days...
2026-08-19 14:01:02,703 [INFO] [Data] VIX fetched: 15.19
2026-08-19 14:01:02,703 [INFO] >>> Step 2: Indicator Calculation
2026-08-19 14:01:02,704 [ERROR] [my_isa] Critical Error:
Traceback (most recent call last):
  File "/home/runner/work/StockAsset/StockAsset/src/main.py", line 169, in _run_one_account
    runner.engine.run_one_cycle(self.data_loader)
  File "/home/runner/work/StockAsset/StockAsset/src/../src/core/engine/base.py", line 149, in run_one_cycle
    market_data = self.calculate_indicators(collected)
  File "/home/runner/work/StockAsset/StockAsset/src/../src/core/engine/base.py", line 232, in calculate_indicators
    market_data = self.calculator.calculate(collected.reference, collected.vix)
  File "/home/runner/work/StockAsset/StockAsset/src/../src/core/indicators.py", line 19, in calculate
    raise ValueError(
ValueError: Data insufficient: Need at least 253 rows (trading days), but got 20.

2026-08-19 14:01:03,083 [INFO] ===== [my_pension] 계좌 실행 시작 =====
2026-08-19 14:01:03,083 [INFO] >>> Step 1: Data Collection
2026-08-19 14:01:03,084 [INFO] [Data] Fetching ['SPY'] history for 400 days...
2026-08-19 14:01:03,395 [INFO] [Data] VIX fetched: 15.84
2026-08-19 14:01:03,396 [INFO] >>> Step 2: Indicator Calculation
2026-08-19 14:01:03,398 [INFO] Market Data: Price=767.45, VIX=15.84, MDD=-1.34%
2026-08-19 14:01:03,399 [INFO] >>> Step 3: Strategy Analysis
2026-08-19 14:01:03,399 [INFO] Regime: Bull | Target Exposure: 1.00
2026-08-19 14:01:03,399 [INFO] >>> Step 4: Portfolio Status
2026-08-19 14:01:04,220 [INFO] Fetching Real-time prices from Broker...
2026-08-19 14:01:10,719 [INFO] Current Portfolio: Cash=$38,294, Value=$43,407,589
2026-08-19 14:01:11,131 [INFO] >>> Step 5: Deactivated (조회 전용, 매매 스킵)
2026-08-19 14:01:11,131 [INFO] >>> Step 6: Archiving Data
2026-08-19 14:01:11,133 [INFO] Cycle Completed: regime=Bull exposure=1.00 orders=0 executions=0
2026-08-19 14:01:11,133 [INFO] ===== [my_irp] 계좌 실행 시작 =====
2026-08-19 14:01:11,134 [INFO] >>> Step 1: Data Collection
2026-08-19 14:01:11,134 [INFO] [Data] Fetching ['SPY'] history for 400 days...
2026-08-19 14:01:11,356 [INFO] [Data] VIX fetched: 15.84
2026-08-19 14:01:11,357 [INFO] >>> Step 2: Indicator Calculation
2026-08-19 14:01:11,360 [INFO] Market Data: Price=767.45, VIX=15.84, MDD=-1.34%
2026-08-19 14:01:11,360 [INFO] >>> Step 3: Strategy Analysis
2026-08-19 14:01:11,360 [INFO] Regime: Bull | Target Exposure: 1.00
2026-08-19 14:01:11,360 [INFO] >>> Step 4: Portfolio Status
2026-08-19 14:01:12,119 [INFO] Fetching Real-time prices from Broker...
2026-08-19 14:01:19,343 [INFO] Current Portfolio: Cash=$45,381, Value=$15,922,011
2026-08-19 14:01:19,798 [INFO] >>> Step 5: Deactivated (조회 전용, 매매 스킵)
2026-08-19 14:01:19,798 [INFO] >>> Step 6: Archiving Data
2026-08-19 14:01:19,800 [INFO] Cycle Completed: regime=Bull exposure=1.00 orders=0 executions=0
