2026-05-27 14:25:45,946 [INFO] === Initializing Trading Bot (multi-account) ===
2026-05-27 14:25:45,947 [INFO] Loaded 1 account(s) from accounts.yaml
2026-05-27 14:25:45,947 [INFO] [my_test] engine=DomesticAsset5RealEngine market=domestic mode=LIVE
2026-05-27 14:25:46,741 [INFO] [KisBroker] 새 토큰 발급 완료 (expires_at=2026-05-28 05:25:46)
2026-05-27 14:25:46,742 [INFO] [KisDomesticLiveBroker] Mode: LIVE TRADING
2026-05-27 14:25:46,743 [INFO] Restored previous regime: Bull
2026-05-27 14:25:48,111 [INFO] >>> Step 1: Data Collection
2026-05-27 14:25:48,112 [INFO] [Data] Fetching ['SPY'] history for 400 days...
2026-05-27 14:25:48,384 [INFO] [Data] VIX fetched: 17.01
2026-05-27 14:25:48,384 [INFO] >>> Step 2: Indicator Calculation
2026-05-27 14:25:48,387 [INFO] Market Data: Price=750.59, VIX=17.01, MDD=0.00%
2026-05-27 14:25:48,387 [INFO] >>> Step 3: Strategy Analysis
2026-05-27 14:25:48,387 [INFO] Regime: Bull | Target Exposure: 1.00
2026-05-27 14:25:48,387 [INFO] >>> Step 4: Portfolio Status
2026-05-27 14:25:49,252 [INFO] Fetching Real-time prices from Broker...
2026-05-27 14:25:53,005 [INFO] Current Portfolio: Cash=$193,009, Value=$4,413,419
2026-05-27 14:25:53,006 [INFO] >>> Step 5: Rebalancing
2026-05-27 14:25:53,006 [INFO] [입력] Regime=Bull | TargetExposure=1.00 | TotalValue=$4,413,419.00 | Cash=$193,009.00
2026-05-27 14:25:53,006 [INFO] [포트폴리오 현황]
2026-05-27 14:25:53,006 [INFO]   A그룹(성장): $1,738,465.00 ( 39.4%)
2026-05-27 14:25:53,006 [INFO]   B그룹(안전): $2,481,945.00 ( 56.2%)
2026-05-27 14:25:53,006 [INFO]   C그룹(현금): $        0.00 (  0.0%)
2026-05-27 14:25:53,006 [INFO]   현금(예수금): $ 193,009.00 (  4.4%)
2026-05-27 14:25:53,006 [INFO] [비중 판정] ratio_A=0.412  ratio_B=0.588
2026-05-27 14:25:53,006 [INFO]   A 상대이탈: 3.0% | B 상대이탈: 2.0% | 임계치: 7.5% → 비율 유지 (리밸런싱 불필요)
2026-05-27 14:25:53,006 [INFO] [목표 금액]
2026-05-27 14:25:53,006 [INFO]   A그룹: 현재 $1,738,465.00 → 목표 $1,817,968.98  (exposure 1.00 × ratio 0.41)
2026-05-27 14:25:53,006 [INFO]   B그룹: 현재 $2,481,945.00 → 목표 $2,595,450.02  (exposure 1.00 × ratio 0.59)
2026-05-27 14:25:53,006 [INFO]   C그룹: 현재 $      0.00 → 목표 $      0.00  (잔여)
2026-05-27 14:25:53,006 [INFO] [A그룹(성장) 종목별]
2026-05-27 14:25:53,006 [INFO]   KODEX 코스피: 보유 11주 $941,105.00 → 목표 $908,984.49 | diff=-32,120.51 → SELL 1주 @$85555.00
2026-05-27 14:25:53,006 [INFO]   TIGER 미국나스닥100: 보유 4주 $797,360.00 → 목표 $908,984.49 | diff=+111,624.49 → 주문 없음 (수량 미달)
2026-05-27 14:25:53,006 [INFO] [B그룹(안전) 종목별]
2026-05-27 14:25:53,006 [INFO]   ACE 국고채10년: 보유 10주 $830,850.00 → 목표 $865,150.01 | diff=+34,300.01 → 주문 없음 (수량 미달)
2026-05-27 14:25:53,007 [INFO]   TIGER 미국채10년선물: 보유 63주 $848,925.00 → 목표 $865,150.01 | diff=+16,225.01 → BUY 1주 @$13475.00
2026-05-27 14:25:53,007 [INFO]   ACE KRX금현물: 보유 27주 $802,170.00 → 목표 $865,150.01 | diff=+62,980.01 → BUY 2주 @$29710.00
2026-05-27 14:25:53,007 [INFO] [최종 주문] 주문 없음
2026-05-27 14:25:53,007 [INFO] [결정 사유] 비율 유지, 추가 주문 없음
2026-05-27 14:25:53,007 [INFO] No Rebalance Needed.
2026-05-27 14:25:53,136 [INFO] >>> Step 6: Archiving Data
2026-05-27 14:25:53,139 [INFO] Cycle Completed: regime=Bull exposure=1.00 orders=0 executions=0
