2026-08-14 10:00:57,615 [INFO] === Initializing Trading Bot (multi-account) ===
2026-08-14 10:00:57,618 [INFO] Loaded 4 account(s) from accounts.yaml
2026-08-14 10:00:57,618 [INFO] [my_test] engine=DomesticQldDipBuyEngine market=domestic mode=LIVE state=ACTIVE
2026-08-14 10:00:58,371 [INFO] [KisBroker] 새 토큰 발급 완료 (expires_at=2026-08-15 01:00:58)
2026-08-14 10:00:58,372 [INFO] [KisDomesticLiveBroker] Mode: LIVE TRADING
2026-08-14 10:00:58,373 [INFO] Restored previous regime: Bull
2026-08-14 10:00:58,373 [INFO] [my_isa] engine=DomesticVolManagedEngine market=domestic mode=LIVE state=INACTIVE(조회전용)
2026-08-14 10:00:59,099 [INFO] [KisBroker] 새 토큰 발급 완료 (expires_at=2026-08-15 01:00:59)
2026-08-14 10:00:59,100 [INFO] [KisDomesticLiveBroker] Mode: LIVE TRADING
2026-08-14 10:00:59,101 [INFO] Restored previous regime: Bull
2026-08-14 10:00:59,101 [INFO] [my_pension] engine=DomesticAsset5RealEngine market=domestic mode=LIVE state=INACTIVE(조회전용)
2026-08-14 10:00:59,811 [INFO] [KisBroker] 새 토큰 발급 완료 (expires_at=2026-08-15 01:00:59)
2026-08-14 10:00:59,812 [INFO] [KisDomesticLiveBroker] Mode: LIVE TRADING
2026-08-14 10:00:59,813 [INFO] Restored previous regime: Bull
2026-08-14 10:00:59,813 [INFO] [my_irp] engine=DomesticAsset5RealEngine market=domestic mode=LIVE state=INACTIVE(조회전용)
2026-08-14 10:01:00,544 [INFO] [KisBroker] 새 토큰 발급 완료 (expires_at=2026-08-15 01:01:00)
2026-08-14 10:01:00,544 [INFO] [KisDomesticLiveBroker] Mode: LIVE TRADING
2026-08-14 10:01:00,545 [INFO] Restored previous regime: Bull
2026-08-14 10:01:00,546 [INFO] ===== [my_test] 계좌 실행 시작 =====
2026-08-14 10:01:00,546 [INFO] >>> Step 1: Data Collection
2026-08-14 10:01:00,546 [INFO] [Data] Fetching ['SPY'] history for 400 days...
2026-08-14 10:01:00,947 [INFO] [Data] Fetching ['418660.KS'] history for 400 days...
2026-08-14 10:01:01,180 [INFO] [Data] VIX fetched: 14.63
2026-08-14 10:01:01,180 [INFO] >>> Step 2: Indicator Calculation
2026-08-14 10:01:01,188 [INFO] Market Data: Price=777.88, VIX=14.63, MDD=0.00%
2026-08-14 10:01:01,188 [INFO] >>> Step 3: Strategy Analysis
2026-08-14 10:01:01,188 [INFO] Regime: Bull | Target Exposure: 1.00
2026-08-14 10:01:01,189 [INFO] >>> Step 4: Portfolio Status
2026-08-14 10:01:01,985 [WARNING] [KisDomestic] Portfolio API HTTP 500; retrying (2/3)
2026-08-14 10:01:03,830 [INFO] Fetching Real-time prices from Broker...
2026-08-14 10:01:07,386 [INFO] Current Portfolio: Cash=$9,245, Value=$10,784,805
2026-08-14 10:01:07,600 [INFO] >>> Step 5: DomesticQldDipBuy (대기(IDLE))
2026-08-14 10:01:07,600 [INFO] No Rebalance Needed.
2026-08-14 10:01:07,601 [INFO] >>> Step 6: Archiving Data
2026-08-14 10:01:07,607 [INFO] Cycle Completed: regime=Bull exposure=1.00 orders=0 executions=0
2026-08-14 10:01:07,607 [INFO] ===== [my_isa] 계좌 실행 시작 =====
2026-08-14 10:01:07,608 [INFO] >>> Step 1: Data Collection
2026-08-14 10:01:07,608 [INFO] [Data] Fetching ['133690.KS'] history for 400 days...
2026-08-14 10:01:07,842 [INFO] [Data] VIX fetched: 14.63
2026-08-14 10:01:07,842 [INFO] >>> Step 2: Indicator Calculation
2026-08-14 10:01:07,845 [INFO] Market Data: Price=188725.00, VIX=14.63, MDD=-9.17%
2026-08-14 10:01:07,845 [INFO] >>> Step 3: Strategy Analysis
2026-08-14 10:01:07,846 [INFO] >>> VolManaged: vol=27.68% → L=0.79x (TIGER 미국나스닥100레버리지(합성) 0%, 위험 79%, 현금 21%)
2026-08-14 10:01:07,846 [INFO] Regime: Bull | Target Exposure: 0.79
2026-08-14 10:01:07,846 [INFO] >>> Step 4: Portfolio Status
2026-08-14 10:01:08,673 [INFO] Fetching Real-time prices from Broker...
2026-08-14 10:01:14,906 [INFO] Current Portfolio: Cash=$158,900, Value=$49,343,610
2026-08-14 10:01:15,169 [INFO] >>> Step 5: Deactivated (조회 전용, 매매 스킵)
2026-08-14 10:01:15,169 [INFO] >>> Step 6: Archiving Data
2026-08-14 10:01:15,172 [INFO] Cycle Completed: regime=Bull exposure=0.79 orders=0 executions=0
2026-08-14 10:01:15,172 [INFO] ===== [my_pension] 계좌 실행 시작 =====
2026-08-14 10:01:15,173 [INFO] >>> Step 1: Data Collection
2026-08-14 10:01:15,173 [INFO] [Data] Fetching ['SPY'] history for 400 days...
2026-08-14 10:01:15,361 [INFO] [Data] VIX fetched: 14.63
2026-08-14 10:01:15,361 [INFO] >>> Step 2: Indicator Calculation
2026-08-14 10:01:15,364 [INFO] Market Data: Price=777.88, VIX=14.63, MDD=0.00%
2026-08-14 10:01:15,364 [INFO] >>> Step 3: Strategy Analysis
2026-08-14 10:01:15,364 [INFO] Regime: Bull | Target Exposure: 1.00
2026-08-14 10:01:15,365 [INFO] >>> Step 4: Portfolio Status
2026-08-14 10:01:16,181 [INFO] Fetching Real-time prices from Broker...
2026-08-14 10:01:23,488 [INFO] Current Portfolio: Cash=$38,294, Value=$45,327,319
2026-08-14 10:01:23,823 [INFO] >>> Step 5: Deactivated (조회 전용, 매매 스킵)
2026-08-14 10:01:23,823 [INFO] >>> Step 6: Archiving Data
2026-08-14 10:01:23,825 [INFO] Cycle Completed: regime=Bull exposure=1.00 orders=0 executions=0
2026-08-14 10:01:23,826 [INFO] ===== [my_irp] 계좌 실행 시작 =====
2026-08-14 10:01:23,826 [INFO] >>> Step 1: Data Collection
2026-08-14 10:01:23,826 [INFO] [Data] Fetching ['SPY'] history for 400 days...
2026-08-14 10:01:23,997 [INFO] [Data] VIX fetched: 14.63
2026-08-14 10:01:23,997 [INFO] >>> Step 2: Indicator Calculation
2026-08-14 10:01:24,000 [INFO] Market Data: Price=777.88, VIX=14.63, MDD=0.00%
2026-08-14 10:01:24,000 [INFO] >>> Step 3: Strategy Analysis
2026-08-14 10:01:24,000 [INFO] Regime: Bull | Target Exposure: 1.00
2026-08-14 10:01:24,000 [INFO] >>> Step 4: Portfolio Status
2026-08-14 10:01:24,824 [INFO] Fetching Real-time prices from Broker...
2026-08-14 10:01:32,540 [INFO] Current Portfolio: Cash=$45,365, Value=$16,621,445
2026-08-14 10:01:32,789 [INFO] >>> Step 5: Deactivated (조회 전용, 매매 스킵)
2026-08-14 10:01:32,789 [INFO] >>> Step 6: Archiving Data
2026-08-14 10:01:32,791 [INFO] Cycle Completed: regime=Bull exposure=1.00 orders=0 executions=0
2026-08-14 10:18:28,707 [INFO] === Initializing Trading Bot (multi-account) ===
2026-08-14 13:05:44,330 [INFO] === Initializing Trading Bot (multi-account) ===
2026-08-14 13:05:44,333 [INFO] Loaded 1 account(s) from accounts.yaml
2026-08-14 13:05:44,334 [INFO] [my_test] engine=DomesticQldDipBuyEngine market=domestic mode=LIVE state=ACTIVE
2026-08-14 13:05:44,334 [INFO] [KisBroker] 캐시에서 토큰 로드 (API 호출 생략)
2026-08-14 13:05:44,334 [INFO] [KisDomesticLiveBroker] Mode: LIVE TRADING
2026-08-14 13:05:44,335 [INFO] Restored previous regime: Bull
2026-08-14 13:05:44,335 [INFO] ===== [my_test] 계좌 실행 시작 =====
2026-08-14 13:05:44,335 [INFO] >>> Step 1: Data Collection
2026-08-14 13:05:44,335 [INFO] [Data] Fetching ['SPY'] history for 400 days...
2026-08-14 13:05:44,949 [INFO] [Data] Fetching ['418660.KS'] history for 400 days...
2026-08-14 13:05:45,142 [INFO] [Data] VIX fetched: 14.63
2026-08-14 13:05:45,142 [INFO] >>> Step 2: Indicator Calculation
2026-08-14 13:05:45,150 [INFO] Market Data: Price=777.88, VIX=14.63, MDD=0.00%
2026-08-14 13:05:45,150 [INFO] >>> Step 3: Strategy Analysis
2026-08-14 13:05:45,150 [INFO] Regime: Bull | Target Exposure: 1.00
2026-08-14 13:05:45,151 [INFO] >>> Step 4: Portfolio Status
2026-08-14 13:05:45,821 [INFO] Fetching Real-time prices from Broker...
2026-08-14 13:05:48,574 [INFO] Current Portfolio: Cash=$9,245, Value=$10,767,730
2026-08-14 13:05:48,706 [INFO] >>> Step 5: DomesticQldDipBuy (수동 강제 Stage 1 진입: 7/30 신호 놓침 / BUY_STAGE_1 1/10 분할매수 418660.KS 4주)
2026-08-14 13:05:48,706 [INFO] Executing 2 orders (수동 강제 Stage 1 진입: 7/30 신호 놓침 / BUY_STAGE_1 1/10 분할매수 418660.KS 4주)
2026-08-14 13:05:48,706 [INFO] [KisBroker] Processing 1 SELL orders...
2026-08-14 13:05:50,185 [INFO] [KisDomestic] Order Sent: SELL 486290.KS 16 @ 11060 (ODNO=0028873200)
2026-08-14 13:05:51,040 [INFO] [KisDomestic] Order FILLED: 486290.KS ODNO=0028873200 price=11062.0 qty=16 fee=26.548799999999996
2026-08-14 13:05:53,868 [INFO] [KisBroker] Available Cash for BUY: 186,217
2026-08-14 13:05:55,807 [ERROR] [KisDomestic] Order Failed: BUY 418660.KS qty=4 @ 43660 — 해당종목은 기본예탁금 충족한 계좌만 매수주문가능합니다
2026-08-14 13:05:56,008 [INFO] Order Summary: total=2 filled=1 partial=0 ordered=0 cancelled=0 skipped=0 rejected=1 error=0
2026-08-14 13:05:56,009 [ERROR] ⚠️ Order Result Alert
날짜: 2026-08-14
- BUY 418660.KS 4주: REJECTED — 해당종목은 기본예탁금 충족한 계좌만 매수주문가능합니다
2026-08-14 13:06:00,231 [INFO] Updated Portfolio: Cash=$186,217, Value=$10,767,662
2026-08-14 13:06:00,232 [INFO] >>> Step 6: Archiving Data
2026-08-14 13:06:00,240 [INFO] Cycle Completed: regime=Bull exposure=1.00 orders=2 executions=1
2026-08-14 13:19:30,076 [INFO] === Initializing Trading Bot (multi-account) ===
2026-08-14 13:19:30,079 [INFO] Loaded 1 account(s) from accounts.yaml
2026-08-14 13:19:30,079 [INFO] [my_test] engine=DomesticQldDipBuyEngine market=domestic mode=LIVE state=ACTIVE
2026-08-14 13:19:30,080 [INFO] [KisBroker] 캐시에서 토큰 로드 (API 호출 생략)
2026-08-14 13:19:30,080 [INFO] [KisDomesticLiveBroker] Mode: LIVE TRADING
2026-08-14 13:19:30,080 [INFO] Restored previous regime: Bull
2026-08-14 13:19:30,081 [INFO] ===== [my_test] 계좌 실행 시작 =====
2026-08-14 13:19:30,081 [INFO] >>> Step 1: Data Collection
2026-08-14 13:19:30,081 [INFO] [Data] Fetching ['SPY'] history for 400 days...
2026-08-14 13:19:30,813 [INFO] [Data] Fetching ['418660.KS'] history for 400 days...
2026-08-14 13:19:31,334 [INFO] [Data] VIX fetched: 14.63
2026-08-14 13:19:31,335 [INFO] >>> Step 2: Indicator Calculation
2026-08-14 13:19:31,338 [ERROR] [my_test] Critical Error:
Traceback (most recent call last):
  File "/home/runner/work/StockAsset/StockAsset/src/main.py", line 169, in _run_one_account
    runner.engine.run_one_cycle(self.data_loader)
  File "/home/runner/work/StockAsset/StockAsset/src/core/engine/base.py", line 149, in run_one_cycle
    market_data = self.calculate_indicators(collected)
  File "/home/runner/work/StockAsset/StockAsset/src/core/engine/base.py", line 233, in calculate_indicators
    self.strategy_indicators = self.calculate_strategy_indicators(collected)
  File "/home/runner/work/StockAsset/StockAsset/src/core/engine/domestic_qld_dip_buy.py", line 77, in calculate_strategy_indicators
    self.logger.warning(
TypeError: TradeLogger.warning() takes 2 positional arguments but 5 were given

2026-08-14 13:48:22,718 [INFO] === Initializing Trading Bot (multi-account) ===
2026-08-14 13:48:22,722 [INFO] Loaded 1 account(s) from accounts.yaml
2026-08-14 13:48:22,722 [INFO] [my_test] engine=DomesticQldDipBuyEngine market=domestic mode=LIVE state=ACTIVE
2026-08-14 13:48:22,723 [INFO] [KisBroker] 캐시에서 토큰 로드 (API 호출 생략)
2026-08-14 13:48:22,723 [INFO] [KisDomesticLiveBroker] Mode: LIVE TRADING
2026-08-14 13:48:22,724 [INFO] Restored previous regime: Bull
2026-08-14 13:48:22,724 [INFO] ===== [my_test] 계좌 실행 시작 =====
2026-08-14 13:48:22,724 [INFO] >>> Step 1: Data Collection
2026-08-14 13:48:22,724 [INFO] [Data] Fetching ['SPY'] history for 400 days...
2026-08-14 13:48:23,033 [INFO] [Data] Fetching ['418660.KS'] history for 400 days...
2026-08-14 13:48:23,261 [INFO] [Data] VIX fetched: 14.63
2026-08-14 13:48:23,261 [INFO] >>> Step 2: Indicator Calculation
2026-08-14 13:48:23,269 [INFO] Market Data: Price=777.88, VIX=14.63, MDD=0.00%
2026-08-14 13:48:23,269 [INFO] >>> Step 3: Strategy Analysis
2026-08-14 13:48:23,269 [INFO] Regime: Bull | Target Exposure: 1.00
2026-08-14 13:48:23,269 [INFO] >>> Step 4: Portfolio Status
2026-08-14 13:48:24,174 [INFO] Fetching Real-time prices from Broker...
2026-08-14 13:48:27,798 [INFO] Current Portfolio: Cash=$386,217, Value=$10,988,802
2026-08-14 13:48:27,931 [INFO] >>> Step 5: DomesticQldDipBuy (수동 강제 Stage 1 미적용 (higher stage retained): 7/30 신호 놓침 / BUY_STAGE_1 1/10 분할매수 418660.KS 4주 / 486290.KS 스윕 18주)
2026-08-14 13:48:27,931 [INFO] Executing 2 orders (수동 강제 Stage 1 미적용 (higher stage retained): 7/30 신호 놓침 / BUY_STAGE_1 1/10 분할매수 418660.KS 4주 / 486290.KS 스윕 18주)
2026-08-14 13:48:28,751 [INFO] [KisBroker] Available Cash for BUY: 386,217
2026-08-14 13:48:31,506 [ERROR] [KisDomestic] Order Failed: BUY 418660.KS qty=4 @ 43790 — 해당종목은 기본예탁금 충족한 계좌만 매수주문가능합니다
2026-08-14 13:48:35,170 [INFO] [KisDomestic] Order Sent: BUY 486290.KS 18 @ 11090 (ODNO=0031718800)
2026-08-14 13:48:36,427 [INFO] [KisDomestic] Order FILLED: 486290.KS ODNO=0031718800 price=11090.0 qty=18 fee=29.942999999999998
2026-08-14 13:48:36,629 [INFO] Order Summary: total=2 filled=1 partial=0 ordered=0 cancelled=0 skipped=0 rejected=1 error=0
2026-08-14 13:48:36,630 [ERROR] ⚠️ Order Result Alert
날짜: 2026-08-14
- BUY 418660.KS 4주: REJECTED — 해당종목은 기본예탁금 충족한 계좌만 매수주문가능합니다
2026-08-14 13:48:40,739 [INFO] Updated Portfolio: Cash=$186,577, Value=$10,992,597
2026-08-14 13:48:40,740 [INFO] >>> Step 6: Archiving Data
2026-08-14 13:48:40,748 [INFO] Cycle Completed: regime=Bull exposure=1.00 orders=2 executions=1
2026-08-14 14:01:01,215 [INFO] === Initializing Trading Bot (multi-account) ===
2026-08-14 14:01:01,220 [INFO] Loaded 4 account(s) from accounts.yaml
2026-08-14 14:01:01,220 [INFO] [my_test] engine=DomesticQldDipBuyEngine market=domestic mode=LIVE state=ACTIVE
2026-08-14 14:01:01,220 [INFO] [KisBroker] 캐시에서 토큰 로드 (API 호출 생략)
2026-08-14 14:01:01,220 [INFO] [KisDomesticLiveBroker] Mode: LIVE TRADING
2026-08-14 14:01:01,221 [INFO] Restored previous regime: Bull
2026-08-14 14:01:01,222 [INFO] [my_isa] engine=DomesticVolManagedEngine market=domestic mode=LIVE state=INACTIVE(조회전용)
2026-08-14 14:01:01,222 [INFO] [KisBroker] 캐시에서 토큰 로드 (API 호출 생략)
2026-08-14 14:01:01,222 [INFO] [KisDomesticLiveBroker] Mode: LIVE TRADING
2026-08-14 14:01:01,223 [INFO] Restored previous regime: Bull
2026-08-14 14:01:01,223 [INFO] [my_pension] engine=DomesticAsset5RealEngine market=domestic mode=LIVE state=INACTIVE(조회전용)
2026-08-14 14:01:01,224 [INFO] [KisBroker] 캐시에서 토큰 로드 (API 호출 생략)
2026-08-14 14:01:01,224 [INFO] [KisDomesticLiveBroker] Mode: LIVE TRADING
2026-08-14 14:01:01,225 [INFO] Restored previous regime: Bull
2026-08-14 14:01:01,225 [INFO] [my_irp] engine=DomesticAsset5RealEngine market=domestic mode=LIVE state=INACTIVE(조회전용)
2026-08-14 14:01:01,225 [INFO] [KisBroker] 캐시에서 토큰 로드 (API 호출 생략)
2026-08-14 14:01:01,225 [INFO] [KisDomesticLiveBroker] Mode: LIVE TRADING
2026-08-14 14:01:01,226 [INFO] Restored previous regime: Bull
2026-08-14 14:01:01,226 [INFO] ===== [my_test] 계좌 실행 시작 =====
2026-08-14 14:01:01,226 [INFO] >>> Step 1: Data Collection
2026-08-14 14:01:01,227 [INFO] [Data] Fetching ['SPY'] history for 400 days...
2026-08-14 14:01:01,676 [INFO] [Data] Fetching ['418660.KS'] history for 400 days...
2026-08-14 14:01:01,961 [INFO] [Data] VIX fetched: 14.63
2026-08-14 14:01:01,961 [INFO] >>> Step 2: Indicator Calculation
2026-08-14 14:01:01,969 [INFO] Market Data: Price=777.88, VIX=14.63, MDD=0.00%
2026-08-14 14:01:01,969 [INFO] >>> Step 3: Strategy Analysis
2026-08-14 14:01:01,970 [INFO] Regime: Bull | Target Exposure: 1.00
2026-08-14 14:01:01,970 [INFO] >>> Step 4: Portfolio Status
2026-08-14 14:01:12,224 [WARNING] [KisDomestic] Portfolio API ConnectTimeout; retrying (2/3)
2026-08-14 14:01:23,479 [WARNING] [KisDomestic] Portfolio API ConnectTimeout; retrying (3/3)
2026-08-14 14:01:35,702 [ERROR] ⚠️ Portfolio API Error — 사이클 중단
날짜: today
[KisDomestic] Error getting portfolio: HTTPSConnectionPool(host='openapi.koreainvestment.com', port=9443): Max retries exceeded with url: /uapi/domestic-stock/v1/trading/inquire-balance?CANO=90005152&ACNT_PRDT_CD=01&AFHR_FLPR_YN=N&OFL_YN=&INQR_DVSN=01&UNPR_DVSN=01&FUND_STTL_ICLD_YN=N&FNCG_AMT_AUTO_RDPT_YN=N&PRCS_DVSN=00&CTX_AREA_FK100=&CTX_AREA_NK100= (Caused by ConnectTimeoutError(<HTTPSConnection(host='openapi.koreainvestment.com', port=9443) at 0x7f99a11d9840>, 'Connection to openapi.koreainvestment.com timed out. (connect timeout=10.0)'))
2026-08-14 14:01:36,269 [ERROR] [my_test] Critical Error:
Traceback (most recent call last):
  File "/opt/hostedtoolcache/Python/3.10.20/x64/lib/python3.10/site-packages/urllib3/connection.py", line 204, in _new_conn
    sock = connection.create_connection(
  File "/opt/hostedtoolcache/Python/3.10.20/x64/lib/python3.10/site-packages/urllib3/util/connection.py", line 85, in create_connection
    raise err
  File "/opt/hostedtoolcache/Python/3.10.20/x64/lib/python3.10/site-packages/urllib3/util/connection.py", line 73, in create_connection
    sock.connect(sa)
TimeoutError: timed out

The above exception was the direct cause of the following exception:

Traceback (most recent call last):
  File "/opt/hostedtoolcache/Python/3.10.20/x64/lib/python3.10/site-packages/urllib3/connectionpool.py", line 788, in urlopen
    response = self._make_request(
  File "/opt/hostedtoolcache/Python/3.10.20/x64/lib/python3.10/site-packages/urllib3/connectionpool.py", line 488, in _make_request
    raise new_e
  File "/opt/hostedtoolcache/Python/3.10.20/x64/lib/python3.10/site-packages/urllib3/connectionpool.py", line 464, in _make_request
    self._validate_conn(conn)
  File "/opt/hostedtoolcache/Python/3.10.20/x64/lib/python3.10/site-packages/urllib3/connectionpool.py", line 1106, in _validate_conn
    conn.connect()
  File "/opt/hostedtoolcache/Python/3.10.20/x64/lib/python3.10/site-packages/urllib3/connection.py", line 759, in connect
    self.sock = sock = self._new_conn()
  File "/opt/hostedtoolcache/Python/3.10.20/x64/lib/python3.10/site-packages/urllib3/connection.py", line 213, in _new_conn
    raise ConnectTimeoutError(
urllib3.exceptions.ConnectTimeoutError: (<HTTPSConnection(host='openapi.koreainvestment.com', port=9443) at 0x7f99a11d9840>, 'Connection to openapi.koreainvestment.com timed out. (connect timeout=10.0)')

The above exception was the direct cause of the following exception:

Traceback (most recent call last):
  File "/opt/hostedtoolcache/Python/3.10.20/x64/lib/python3.10/site-packages/requests/adapters.py", line 696, in send
    resp = conn.urlopen(
  File "/opt/hostedtoolcache/Python/3.10.20/x64/lib/python3.10/site-packages/urllib3/connectionpool.py", line 842, in urlopen
    retries = retries.increment(
  File "/opt/hostedtoolcache/Python/3.10.20/x64/lib/python3.10/site-packages/urllib3/util/retry.py", line 543, in increment
    raise MaxRetryError(_pool, url, reason) from reason  # type: ignore[arg-type]
urllib3.exceptions.MaxRetryError: HTTPSConnectionPool(host='openapi.koreainvestment.com', port=9443): Max retries exceeded with url: /uapi/domestic-stock/v1/trading/inquire-balance?CANO=90005152&ACNT_PRDT_CD=01&AFHR_FLPR_YN=N&OFL_YN=&INQR_DVSN=01&UNPR_DVSN=01&FUND_STTL_ICLD_YN=N&FNCG_AMT_AUTO_RDPT_YN=N&PRCS_DVSN=00&CTX_AREA_FK100=&CTX_AREA_NK100= (Caused by ConnectTimeoutError(<HTTPSConnection(host='openapi.koreainvestment.com', port=9443) at 0x7f99a11d9840>, 'Connection to openapi.koreainvestment.com timed out. (connect timeout=10.0)'))

During handling of the above exception, another exception occurred:

Traceback (most recent call last):
  File "/home/runner/work/StockAsset/StockAsset/src/../src/infra/broker/kis_domestic.py", line 97, in get_portfolio
    res = _pkg.requests.get(
  File "/opt/hostedtoolcache/Python/3.10.20/x64/lib/python3.10/site-packages/requests/api.py", line 87, in get
    return request("get", url, params=params, **kwargs)
  File "/opt/hostedtoolcache/Python/3.10.20/x64/lib/python3.10/site-packages/requests/api.py", line 71, in request
    return session.request(method=method, url=url, **kwargs)
  File "/opt/hostedtoolcache/Python/3.10.20/x64/lib/python3.10/site-packages/requests/sessions.py", line 651, in request
    resp = self.send(prep, **send_kwargs)
  File "/opt/hostedtoolcache/Python/3.10.20/x64/lib/python3.10/site-packages/requests/sessions.py", line 784, in send
    r = adapter.send(request, **kwargs)
  File "/opt/hostedtoolcache/Python/3.10.20/x64/lib/python3.10/site-packages/requests/adapters.py", line 717, in send
    raise ConnectTimeout(e, request=request)
requests.exceptions.ConnectTimeout: HTTPSConnectionPool(host='openapi.koreainvestment.com', port=9443): Max retries exceeded with url: /uapi/domestic-stock/v1/trading/inquire-balance?CANO=90005152&ACNT_PRDT_CD=01&AFHR_FLPR_YN=N&OFL_YN=&INQR_DVSN=01&UNPR_DVSN=01&FUND_STTL_ICLD_YN=N&FNCG_AMT_AUTO_RDPT_YN=N&PRCS_DVSN=00&CTX_AREA_FK100=&CTX_AREA_NK100= (Caused by ConnectTimeoutError(<HTTPSConnection(host='openapi.koreainvestment.com', port=9443) at 0x7f99a11d9840>, 'Connection to openapi.koreainvestment.com timed out. (connect timeout=10.0)'))

The above exception was the direct cause of the following exception:

Traceback (most recent call last):
  File "/home/runner/work/StockAsset/StockAsset/src/main.py", line 169, in _run_one_account
    runner.engine.run_one_cycle(self.data_loader)
  File "/home/runner/work/StockAsset/StockAsset/src/../src/core/engine/base.py", line 163, in run_one_cycle
    portfolio = self.get_portfolio()
  File "/home/runner/work/StockAsset/StockAsset/src/../src/core/engine/base.py", line 293, in get_portfolio
    portfolio = self.broker.get_portfolio()
  File "/home/runner/work/StockAsset/StockAsset/src/../src/infra/broker/kis_domestic.py", line 138, in get_portfolio
    raise RuntimeError(f"[KisDomestic] Error getting portfolio: {e}") from e
RuntimeError: [KisDomestic] Error getting portfolio: HTTPSConnectionPool(host='openapi.koreainvestment.com', port=9443): Max retries exceeded with url: /uapi/domestic-stock/v1/trading/inquire-balance?CANO=90005152&ACNT_PRDT_CD=01&AFHR_FLPR_YN=N&OFL_YN=&INQR_DVSN=01&UNPR_DVSN=01&FUND_STTL_ICLD_YN=N&FNCG_AMT_AUTO_RDPT_YN=N&PRCS_DVSN=00&CTX_AREA_FK100=&CTX_AREA_NK100= (Caused by ConnectTimeoutError(<HTTPSConnection(host='openapi.koreainvestment.com', port=9443) at 0x7f99a11d9840>, 'Connection to openapi.koreainvestment.com timed out. (connect timeout=10.0)'))

2026-08-14 14:01:36,506 [INFO] ===== [my_isa] 계좌 실행 시작 =====
2026-08-14 14:01:36,506 [INFO] >>> Step 1: Data Collection
2026-08-14 14:01:36,506 [INFO] [Data] Fetching ['133690.KS'] history for 400 days...
2026-08-14 14:01:36,702 [INFO] [Data] VIX fetched: 14.63
2026-08-14 14:01:36,702 [INFO] >>> Step 2: Indicator Calculation
2026-08-14 14:01:36,705 [INFO] Market Data: Price=188355.00, VIX=14.63, MDD=-9.35%
2026-08-14 14:01:36,705 [INFO] >>> Step 3: Strategy Analysis
2026-08-14 14:01:36,705 [INFO] >>> VolManaged: vol=27.60% → L=0.80x (TIGER 미국나스닥100레버리지(합성) 0%, 위험 80%, 현금 20%)
2026-08-14 14:01:36,705 [INFO] Regime: Bull | Target Exposure: 0.80
2026-08-14 14:01:36,706 [INFO] >>> Step 4: Portfolio Status
2026-08-14 14:01:46,922 [WARNING] [KisDomestic] Portfolio API ConnectTimeout; retrying (2/3)
2026-08-14 14:01:58,140 [WARNING] [KisDomestic] Portfolio API ConnectTimeout; retrying (3/3)
2026-08-14 14:02:10,416 [ERROR] ⚠️ Portfolio API Error — 사이클 중단
날짜: today
[KisDomestic] Error getting portfolio: HTTPSConnectionPool(host='openapi.koreainvestment.com', port=9443): Max retries exceeded with url: /uapi/domestic-stock/v1/trading/inquire-balance?CANO=44838440&ACNT_PRDT_CD=01&AFHR_FLPR_YN=N&OFL_YN=&INQR_DVSN=01&UNPR_DVSN=01&FUND_STTL_ICLD_YN=N&FNCG_AMT_AUTO_RDPT_YN=N&PRCS_DVSN=00&CTX_AREA_FK100=&CTX_AREA_NK100= (Caused by ConnectTimeoutError(<HTTPSConnection(host='openapi.koreainvestment.com', port=9443) at 0x7f99a120f850>, 'Connection to openapi.koreainvestment.com timed out. (connect timeout=10.0)'))
2026-08-14 14:02:10,882 [ERROR] [my_isa] Critical Error:
Traceback (most recent call last):
  File "/opt/hostedtoolcache/Python/3.10.20/x64/lib/python3.10/site-packages/urllib3/connection.py", line 204, in _new_conn
    sock = connection.create_connection(
  File "/opt/hostedtoolcache/Python/3.10.20/x64/lib/python3.10/site-packages/urllib3/util/connection.py", line 85, in create_connection
    raise err
  File "/opt/hostedtoolcache/Python/3.10.20/x64/lib/python3.10/site-packages/urllib3/util/connection.py", line 73, in create_connection
    sock.connect(sa)
TimeoutError: timed out

The above exception was the direct cause of the following exception:

Traceback (most recent call last):
  File "/opt/hostedtoolcache/Python/3.10.20/x64/lib/python3.10/site-packages/urllib3/connectionpool.py", line 788, in urlopen
    response = self._make_request(
  File "/opt/hostedtoolcache/Python/3.10.20/x64/lib/python3.10/site-packages/urllib3/connectionpool.py", line 488, in _make_request
    raise new_e
  File "/opt/hostedtoolcache/Python/3.10.20/x64/lib/python3.10/site-packages/urllib3/connectionpool.py", line 464, in _make_request
    self._validate_conn(conn)
  File "/opt/hostedtoolcache/Python/3.10.20/x64/lib/python3.10/site-packages/urllib3/connectionpool.py", line 1106, in _validate_conn
    conn.connect()
  File "/opt/hostedtoolcache/Python/3.10.20/x64/lib/python3.10/site-packages/urllib3/connection.py", line 759, in connect
    self.sock = sock = self._new_conn()
  File "/opt/hostedtoolcache/Python/3.10.20/x64/lib/python3.10/site-packages/urllib3/connection.py", line 213, in _new_conn
    raise ConnectTimeoutError(
urllib3.exceptions.ConnectTimeoutError: (<HTTPSConnection(host='openapi.koreainvestment.com', port=9443) at 0x7f99a120f850>, 'Connection to openapi.koreainvestment.com timed out. (connect timeout=10.0)')

The above exception was the direct cause of the following exception:

Traceback (most recent call last):
  File "/opt/hostedtoolcache/Python/3.10.20/x64/lib/python3.10/site-packages/requests/adapters.py", line 696, in send
    resp = conn.urlopen(
  File "/opt/hostedtoolcache/Python/3.10.20/x64/lib/python3.10/site-packages/urllib3/connectionpool.py", line 842, in urlopen
    retries = retries.increment(
  File "/opt/hostedtoolcache/Python/3.10.20/x64/lib/python3.10/site-packages/urllib3/util/retry.py", line 543, in increment
    raise MaxRetryError(_pool, url, reason) from reason  # type: ignore[arg-type]
urllib3.exceptions.MaxRetryError: HTTPSConnectionPool(host='openapi.koreainvestment.com', port=9443): Max retries exceeded with url: /uapi/domestic-stock/v1/trading/inquire-balance?CANO=44838440&ACNT_PRDT_CD=01&AFHR_FLPR_YN=N&OFL_YN=&INQR_DVSN=01&UNPR_DVSN=01&FUND_STTL_ICLD_YN=N&FNCG_AMT_AUTO_RDPT_YN=N&PRCS_DVSN=00&CTX_AREA_FK100=&CTX_AREA_NK100= (Caused by ConnectTimeoutError(<HTTPSConnection(host='openapi.koreainvestment.com', port=9443) at 0x7f99a120f850>, 'Connection to openapi.koreainvestment.com timed out. (connect timeout=10.0)'))

During handling of the above exception, another exception occurred:

Traceback (most recent call last):
  File "/home/runner/work/StockAsset/StockAsset/src/../src/infra/broker/kis_domestic.py", line 97, in get_portfolio
    res = _pkg.requests.get(
  File "/opt/hostedtoolcache/Python/3.10.20/x64/lib/python3.10/site-packages/requests/api.py", line 87, in get
    return request("get", url, params=params, **kwargs)
  File "/opt/hostedtoolcache/Python/3.10.20/x64/lib/python3.10/site-packages/requests/api.py", line 71, in request
    return session.request(method=method, url=url, **kwargs)
  File "/opt/hostedtoolcache/Python/3.10.20/x64/lib/python3.10/site-packages/requests/sessions.py", line 651, in request
    resp = self.send(prep, **send_kwargs)
  File "/opt/hostedtoolcache/Python/3.10.20/x64/lib/python3.10/site-packages/requests/sessions.py", line 784, in send
    r = adapter.send(request, **kwargs)
  File "/opt/hostedtoolcache/Python/3.10.20/x64/lib/python3.10/site-packages/requests/adapters.py", line 717, in send
    raise ConnectTimeout(e, request=request)
requests.exceptions.ConnectTimeout: HTTPSConnectionPool(host='openapi.koreainvestment.com', port=9443): Max retries exceeded with url: /uapi/domestic-stock/v1/trading/inquire-balance?CANO=44838440&ACNT_PRDT_CD=01&AFHR_FLPR_YN=N&OFL_YN=&INQR_DVSN=01&UNPR_DVSN=01&FUND_STTL_ICLD_YN=N&FNCG_AMT_AUTO_RDPT_YN=N&PRCS_DVSN=00&CTX_AREA_FK100=&CTX_AREA_NK100= (Caused by ConnectTimeoutError(<HTTPSConnection(host='openapi.koreainvestment.com', port=9443) at 0x7f99a120f850>, 'Connection to openapi.koreainvestment.com timed out. (connect timeout=10.0)'))

The above exception was the direct cause of the following exception:

Traceback (most recent call last):
  File "/home/runner/work/StockAsset/StockAsset/src/main.py", line 169, in _run_one_account
    runner.engine.run_one_cycle(self.data_loader)
  File "/home/runner/work/StockAsset/StockAsset/src/../src/core/engine/base.py", line 163, in run_one_cycle
    portfolio = self.get_portfolio()
  File "/home/runner/work/StockAsset/StockAsset/src/../src/core/engine/base.py", line 293, in get_portfolio
    portfolio = self.broker.get_portfolio()
  File "/home/runner/work/StockAsset/StockAsset/src/../src/infra/broker/kis_domestic.py", line 138, in get_portfolio
    raise RuntimeError(f"[KisDomestic] Error getting portfolio: {e}") from e
RuntimeError: [KisDomestic] Error getting portfolio: HTTPSConnectionPool(host='openapi.koreainvestment.com', port=9443): Max retries exceeded with url: /uapi/domestic-stock/v1/trading/inquire-balance?CANO=44838440&ACNT_PRDT_CD=01&AFHR_FLPR_YN=N&OFL_YN=&INQR_DVSN=01&UNPR_DVSN=01&FUND_STTL_ICLD_YN=N&FNCG_AMT_AUTO_RDPT_YN=N&PRCS_DVSN=00&CTX_AREA_FK100=&CTX_AREA_NK100= (Caused by ConnectTimeoutError(<HTTPSConnection(host='openapi.koreainvestment.com', port=9443) at 0x7f99a120f850>, 'Connection to openapi.koreainvestment.com timed out. (connect timeout=10.0)'))

2026-08-14 14:02:11,141 [INFO] ===== [my_pension] 계좌 실행 시작 =====
2026-08-14 14:02:11,142 [INFO] >>> Step 1: Data Collection
2026-08-14 14:02:11,142 [INFO] [Data] Fetching ['SPY'] history for 400 days...
2026-08-14 14:02:11,361 [INFO] [Data] VIX fetched: 14.63
2026-08-14 14:02:11,361 [INFO] >>> Step 2: Indicator Calculation
2026-08-14 14:02:11,364 [INFO] Market Data: Price=777.88, VIX=14.63, MDD=0.00%
2026-08-14 14:02:11,364 [INFO] >>> Step 3: Strategy Analysis
2026-08-14 14:02:11,364 [INFO] Regime: Bull | Target Exposure: 1.00
2026-08-14 14:02:11,364 [INFO] >>> Step 4: Portfolio Status
2026-08-14 14:02:21,651 [WARNING] [KisDomestic] Portfolio API ConnectTimeout; retrying (2/3)
2026-08-14 14:02:32,868 [WARNING] [KisDomestic] Portfolio API ConnectTimeout; retrying (3/3)
2026-08-14 14:02:45,126 [ERROR] ⚠️ Portfolio API Error — 사이클 중단
날짜: today
[KisDomestic] Error getting portfolio: HTTPSConnectionPool(host='openapi.koreainvestment.com', port=9443): Max retries exceeded with url: /uapi/domestic-stock/v1/trading/inquire-balance?CANO=44340824&ACNT_PRDT_CD=22&AFHR_FLPR_YN=N&OFL_YN=&INQR_DVSN=01&UNPR_DVSN=01&FUND_STTL_ICLD_YN=N&FNCG_AMT_AUTO_RDPT_YN=N&PRCS_DVSN=00&CTX_AREA_FK100=&CTX_AREA_NK100= (Caused by ConnectTimeoutError(<HTTPSConnection(host='openapi.koreainvestment.com', port=9443) at 0x7f99a120e080>, 'Connection to openapi.koreainvestment.com timed out. (connect timeout=10.0)'))
2026-08-14 14:02:45,642 [ERROR] [my_pension] Critical Error:
Traceback (most recent call last):
  File "/opt/hostedtoolcache/Python/3.10.20/x64/lib/python3.10/site-packages/urllib3/connection.py", line 204, in _new_conn
    sock = connection.create_connection(
  File "/opt/hostedtoolcache/Python/3.10.20/x64/lib/python3.10/site-packages/urllib3/util/connection.py", line 85, in create_connection
    raise err
  File "/opt/hostedtoolcache/Python/3.10.20/x64/lib/python3.10/site-packages/urllib3/util/connection.py", line 73, in create_connection
    sock.connect(sa)
TimeoutError: timed out

The above exception was the direct cause of the following exception:

Traceback (most recent call last):
  File "/opt/hostedtoolcache/Python/3.10.20/x64/lib/python3.10/site-packages/urllib3/connectionpool.py", line 788, in urlopen
    response = self._make_request(
  File "/opt/hostedtoolcache/Python/3.10.20/x64/lib/python3.10/site-packages/urllib3/connectionpool.py", line 488, in _make_request
    raise new_e
  File "/opt/hostedtoolcache/Python/3.10.20/x64/lib/python3.10/site-packages/urllib3/connectionpool.py", line 464, in _make_request
    self._validate_conn(conn)
  File "/opt/hostedtoolcache/Python/3.10.20/x64/lib/python3.10/site-packages/urllib3/connectionpool.py", line 1106, in _validate_conn
    conn.connect()
  File "/opt/hostedtoolcache/Python/3.10.20/x64/lib/python3.10/site-packages/urllib3/connection.py", line 759, in connect
    self.sock = sock = self._new_conn()
  File "/opt/hostedtoolcache/Python/3.10.20/x64/lib/python3.10/site-packages/urllib3/connection.py", line 213, in _new_conn
    raise ConnectTimeoutError(
urllib3.exceptions.ConnectTimeoutError: (<HTTPSConnection(host='openapi.koreainvestment.com', port=9443) at 0x7f99a120e080>, 'Connection to openapi.koreainvestment.com timed out. (connect timeout=10.0)')

The above exception was the direct cause of the following exception:

Traceback (most recent call last):
  File "/opt/hostedtoolcache/Python/3.10.20/x64/lib/python3.10/site-packages/requests/adapters.py", line 696, in send
    resp = conn.urlopen(
  File "/opt/hostedtoolcache/Python/3.10.20/x64/lib/python3.10/site-packages/urllib3/connectionpool.py", line 842, in urlopen
    retries = retries.increment(
  File "/opt/hostedtoolcache/Python/3.10.20/x64/lib/python3.10/site-packages/urllib3/util/retry.py", line 543, in increment
    raise MaxRetryError(_pool, url, reason) from reason  # type: ignore[arg-type]
urllib3.exceptions.MaxRetryError: HTTPSConnectionPool(host='openapi.koreainvestment.com', port=9443): Max retries exceeded with url: /uapi/domestic-stock/v1/trading/inquire-balance?CANO=44340824&ACNT_PRDT_CD=22&AFHR_FLPR_YN=N&OFL_YN=&INQR_DVSN=01&UNPR_DVSN=01&FUND_STTL_ICLD_YN=N&FNCG_AMT_AUTO_RDPT_YN=N&PRCS_DVSN=00&CTX_AREA_FK100=&CTX_AREA_NK100= (Caused by ConnectTimeoutError(<HTTPSConnection(host='openapi.koreainvestment.com', port=9443) at 0x7f99a120e080>, 'Connection to openapi.koreainvestment.com timed out. (connect timeout=10.0)'))

During handling of the above exception, another exception occurred:

Traceback (most recent call last):
  File "/home/runner/work/StockAsset/StockAsset/src/../src/infra/broker/kis_domestic.py", line 97, in get_portfolio
    res = _pkg.requests.get(
  File "/opt/hostedtoolcache/Python/3.10.20/x64/lib/python3.10/site-packages/requests/api.py", line 87, in get
    return request("get", url, params=params, **kwargs)
  File "/opt/hostedtoolcache/Python/3.10.20/x64/lib/python3.10/site-packages/requests/api.py", line 71, in request
    return session.request(method=method, url=url, **kwargs)
  File "/opt/hostedtoolcache/Python/3.10.20/x64/lib/python3.10/site-packages/requests/sessions.py", line 651, in request
    resp = self.send(prep, **send_kwargs)
  File "/opt/hostedtoolcache/Python/3.10.20/x64/lib/python3.10/site-packages/requests/sessions.py", line 784, in send
    r = adapter.send(request, **kwargs)
  File "/opt/hostedtoolcache/Python/3.10.20/x64/lib/python3.10/site-packages/requests/adapters.py", line 717, in send
    raise ConnectTimeout(e, request=request)
requests.exceptions.ConnectTimeout: HTTPSConnectionPool(host='openapi.koreainvestment.com', port=9443): Max retries exceeded with url: /uapi/domestic-stock/v1/trading/inquire-balance?CANO=44340824&ACNT_PRDT_CD=22&AFHR_FLPR_YN=N&OFL_YN=&INQR_DVSN=01&UNPR_DVSN=01&FUND_STTL_ICLD_YN=N&FNCG_AMT_AUTO_RDPT_YN=N&PRCS_DVSN=00&CTX_AREA_FK100=&CTX_AREA_NK100= (Caused by ConnectTimeoutError(<HTTPSConnection(host='openapi.koreainvestment.com', port=9443) at 0x7f99a120e080>, 'Connection to openapi.koreainvestment.com timed out. (connect timeout=10.0)'))

The above exception was the direct cause of the following exception:

Traceback (most recent call last):
  File "/home/runner/work/StockAsset/StockAsset/src/main.py", line 169, in _run_one_account
    runner.engine.run_one_cycle(self.data_loader)
  File "/home/runner/work/StockAsset/StockAsset/src/../src/core/engine/base.py", line 163, in run_one_cycle
    portfolio = self.get_portfolio()
  File "/home/runner/work/StockAsset/StockAsset/src/../src/core/engine/base.py", line 293, in get_portfolio
    portfolio = self.broker.get_portfolio()
  File "/home/runner/work/StockAsset/StockAsset/src/../src/infra/broker/kis_domestic.py", line 138, in get_portfolio
    raise RuntimeError(f"[KisDomestic] Error getting portfolio: {e}") from e
RuntimeError: [KisDomestic] Error getting portfolio: HTTPSConnectionPool(host='openapi.koreainvestment.com', port=9443): Max retries exceeded with url: /uapi/domestic-stock/v1/trading/inquire-balance?CANO=44340824&ACNT_PRDT_CD=22&AFHR_FLPR_YN=N&OFL_YN=&INQR_DVSN=01&UNPR_DVSN=01&FUND_STTL_ICLD_YN=N&FNCG_AMT_AUTO_RDPT_YN=N&PRCS_DVSN=00&CTX_AREA_FK100=&CTX_AREA_NK100= (Caused by ConnectTimeoutError(<HTTPSConnection(host='openapi.koreainvestment.com', port=9443) at 0x7f99a120e080>, 'Connection to openapi.koreainvestment.com timed out. (connect timeout=10.0)'))

2026-08-14 14:02:45,859 [INFO] ===== [my_irp] 계좌 실행 시작 =====
2026-08-14 14:02:45,860 [INFO] >>> Step 1: Data Collection
2026-08-14 14:02:45,860 [INFO] [Data] Fetching ['SPY'] history for 400 days...
2026-08-14 14:02:46,065 [INFO] [Data] VIX fetched: 14.63
2026-08-14 14:02:46,065 [INFO] >>> Step 2: Indicator Calculation
2026-08-14 14:02:46,068 [INFO] Market Data: Price=777.88, VIX=14.63, MDD=0.00%
2026-08-14 14:02:46,068 [INFO] >>> Step 3: Strategy Analysis
2026-08-14 14:02:46,068 [INFO] Regime: Bull | Target Exposure: 1.00
2026-08-14 14:02:46,068 [INFO] >>> Step 4: Portfolio Status
2026-08-14 14:02:56,325 [WARNING] [KisDomestic] Portfolio API ConnectTimeout; retrying (2/3)
2026-08-14 14:03:07,543 [WARNING] [KisDomestic] Portfolio API ConnectTimeout; retrying (3/3)
2026-08-14 14:03:19,760 [ERROR] ⚠️ Portfolio API Error — 사이클 중단
날짜: today
[KisDomestic] Error getting portfolio: HTTPSConnectionPool(host='openapi.koreainvestment.com', port=9443): Max retries exceeded with url: /uapi/domestic-stock/v1/trading/inquire-balance?CANO=74796139&ACNT_PRDT_CD=29&AFHR_FLPR_YN=N&OFL_YN=&INQR_DVSN=01&UNPR_DVSN=01&FUND_STTL_ICLD_YN=N&FNCG_AMT_AUTO_RDPT_YN=N&PRCS_DVSN=00&CTX_AREA_FK100=&CTX_AREA_NK100= (Caused by ConnectTimeoutError(<HTTPSConnection(host='openapi.koreainvestment.com', port=9443) at 0x7f99a120d7b0>, 'Connection to openapi.koreainvestment.com timed out. (connect timeout=10.0)'))
2026-08-14 14:03:20,290 [ERROR] [my_irp] Critical Error:
Traceback (most recent call last):
  File "/opt/hostedtoolcache/Python/3.10.20/x64/lib/python3.10/site-packages/urllib3/connection.py", line 204, in _new_conn
    sock = connection.create_connection(
  File "/opt/hostedtoolcache/Python/3.10.20/x64/lib/python3.10/site-packages/urllib3/util/connection.py", line 85, in create_connection
    raise err
  File "/opt/hostedtoolcache/Python/3.10.20/x64/lib/python3.10/site-packages/urllib3/util/connection.py", line 73, in create_connection
    sock.connect(sa)
TimeoutError: timed out

The above exception was the direct cause of the following exception:

Traceback (most recent call last):
  File "/opt/hostedtoolcache/Python/3.10.20/x64/lib/python3.10/site-packages/urllib3/connectionpool.py", line 788, in urlopen
    response = self._make_request(
  File "/opt/hostedtoolcache/Python/3.10.20/x64/lib/python3.10/site-packages/urllib3/connectionpool.py", line 488, in _make_request
    raise new_e
  File "/opt/hostedtoolcache/Python/3.10.20/x64/lib/python3.10/site-packages/urllib3/connectionpool.py", line 464, in _make_request
    self._validate_conn(conn)
  File "/opt/hostedtoolcache/Python/3.10.20/x64/lib/python3.10/site-packages/urllib3/connectionpool.py", line 1106, in _validate_conn
    conn.connect()
  File "/opt/hostedtoolcache/Python/3.10.20/x64/lib/python3.10/site-packages/urllib3/connection.py", line 759, in connect
    self.sock = sock = self._new_conn()
  File "/opt/hostedtoolcache/Python/3.10.20/x64/lib/python3.10/site-packages/urllib3/connection.py", line 213, in _new_conn
    raise ConnectTimeoutError(
urllib3.exceptions.ConnectTimeoutError: (<HTTPSConnection(host='openapi.koreainvestment.com', port=9443) at 0x7f99a120d7b0>, 'Connection to openapi.koreainvestment.com timed out. (connect timeout=10.0)')

The above exception was the direct cause of the following exception:

Traceback (most recent call last):
  File "/opt/hostedtoolcache/Python/3.10.20/x64/lib/python3.10/site-packages/requests/adapters.py", line 696, in send
    resp = conn.urlopen(
  File "/opt/hostedtoolcache/Python/3.10.20/x64/lib/python3.10/site-packages/urllib3/connectionpool.py", line 842, in urlopen
    retries = retries.increment(
  File "/opt/hostedtoolcache/Python/3.10.20/x64/lib/python3.10/site-packages/urllib3/util/retry.py", line 543, in increment
    raise MaxRetryError(_pool, url, reason) from reason  # type: ignore[arg-type]
urllib3.exceptions.MaxRetryError: HTTPSConnectionPool(host='openapi.koreainvestment.com', port=9443): Max retries exceeded with url: /uapi/domestic-stock/v1/trading/inquire-balance?CANO=74796139&ACNT_PRDT_CD=29&AFHR_FLPR_YN=N&OFL_YN=&INQR_DVSN=01&UNPR_DVSN=01&FUND_STTL_ICLD_YN=N&FNCG_AMT_AUTO_RDPT_YN=N&PRCS_DVSN=00&CTX_AREA_FK100=&CTX_AREA_NK100= (Caused by ConnectTimeoutError(<HTTPSConnection(host='openapi.koreainvestment.com', port=9443) at 0x7f99a120d7b0>, 'Connection to openapi.koreainvestment.com timed out. (connect timeout=10.0)'))

During handling of the above exception, another exception occurred:

Traceback (most recent call last):
  File "/home/runner/work/StockAsset/StockAsset/src/../src/infra/broker/kis_domestic.py", line 97, in get_portfolio
    res = _pkg.requests.get(
  File "/opt/hostedtoolcache/Python/3.10.20/x64/lib/python3.10/site-packages/requests/api.py", line 87, in get
    return request("get", url, params=params, **kwargs)
  File "/opt/hostedtoolcache/Python/3.10.20/x64/lib/python3.10/site-packages/requests/api.py", line 71, in request
    return session.request(method=method, url=url, **kwargs)
  File "/opt/hostedtoolcache/Python/3.10.20/x64/lib/python3.10/site-packages/requests/sessions.py", line 651, in request
    resp = self.send(prep, **send_kwargs)
  File "/opt/hostedtoolcache/Python/3.10.20/x64/lib/python3.10/site-packages/requests/sessions.py", line 784, in send
    r = adapter.send(request, **kwargs)
  File "/opt/hostedtoolcache/Python/3.10.20/x64/lib/python3.10/site-packages/requests/adapters.py", line 717, in send
    raise ConnectTimeout(e, request=request)
requests.exceptions.ConnectTimeout: HTTPSConnectionPool(host='openapi.koreainvestment.com', port=9443): Max retries exceeded with url: /uapi/domestic-stock/v1/trading/inquire-balance?CANO=74796139&ACNT_PRDT_CD=29&AFHR_FLPR_YN=N&OFL_YN=&INQR_DVSN=01&UNPR_DVSN=01&FUND_STTL_ICLD_YN=N&FNCG_AMT_AUTO_RDPT_YN=N&PRCS_DVSN=00&CTX_AREA_FK100=&CTX_AREA_NK100= (Caused by ConnectTimeoutError(<HTTPSConnection(host='openapi.koreainvestment.com', port=9443) at 0x7f99a120d7b0>, 'Connection to openapi.koreainvestment.com timed out. (connect timeout=10.0)'))

The above exception was the direct cause of the following exception:

Traceback (most recent call last):
  File "/home/runner/work/StockAsset/StockAsset/src/main.py", line 169, in _run_one_account
    runner.engine.run_one_cycle(self.data_loader)
  File "/home/runner/work/StockAsset/StockAsset/src/../src/core/engine/base.py", line 163, in run_one_cycle
    portfolio = self.get_portfolio()
  File "/home/runner/work/StockAsset/StockAsset/src/../src/core/engine/base.py", line 293, in get_portfolio
    portfolio = self.broker.get_portfolio()
  File "/home/runner/work/StockAsset/StockAsset/src/../src/infra/broker/kis_domestic.py", line 138, in get_portfolio
    raise RuntimeError(f"[KisDomestic] Error getting portfolio: {e}") from e
RuntimeError: [KisDomestic] Error getting portfolio: HTTPSConnectionPool(host='openapi.koreainvestment.com', port=9443): Max retries exceeded with url: /uapi/domestic-stock/v1/trading/inquire-balance?CANO=74796139&ACNT_PRDT_CD=29&AFHR_FLPR_YN=N&OFL_YN=&INQR_DVSN=01&UNPR_DVSN=01&FUND_STTL_ICLD_YN=N&FNCG_AMT_AUTO_RDPT_YN=N&PRCS_DVSN=00&CTX_AREA_FK100=&CTX_AREA_NK100= (Caused by ConnectTimeoutError(<HTTPSConnection(host='openapi.koreainvestment.com', port=9443) at 0x7f99a120d7b0>, 'Connection to openapi.koreainvestment.com timed out. (connect timeout=10.0)'))

