2026-04-23 13:18:46,562 [INFO] === Initializing Trading Bot (multi-account) ===
2026-04-23 13:18:46,563 [INFO] Loaded 1 account(s) from accounts.yaml
2026-04-23 13:18:46,564 [INFO] [my_test] engine=DomesticAsset5RealEngine market=domestic mode=LIVE
2026-04-23 13:18:46,564 [INFO] [KisBroker] 캐시에서 토큰 로드 (API 호출 생략)
2026-04-23 13:18:46,564 [INFO] [KisDomesticLiveBroker] Mode: LIVE TRADING
2026-04-23 13:18:46,564 [INFO] Restored previous regime: Bull
2026-04-23 13:18:47,658 [INFO] >>> Step 1: Data Collection
2026-04-23 13:18:47,658 [INFO] [Data] Fetching ['SPY'] history for 400 days...
2026-04-23 13:18:47,950 [INFO] [Data] VIX fetched: 18.92
2026-04-23 13:18:47,951 [INFO] >>> Step 2: Indicator Calculation
2026-04-23 13:18:47,954 [INFO] Market Data: Price=711.21, VIX=18.92, MDD=0.00%
2026-04-23 13:18:47,954 [INFO] >>> Step 3: Strategy Analysis
2026-04-23 13:18:47,954 [INFO] Regime: Bull | Target Exposure: 1.00
2026-04-23 13:18:47,954 [INFO] >>> Step 4: Portfolio Status
2026-04-23 13:18:48,648 [INFO] Fetching Real-time prices from Broker...
2026-04-23 13:18:51,456 [INFO] Current Portfolio: Cash=$251,383, Value=$4,138,653
2026-04-23 13:18:51,456 [INFO] >>> Step 5: Rebalancing
2026-04-23 13:18:51,456 [INFO] [입력] Regime=Bull | TargetExposure=1.00 | TotalValue=$4,138,653.00 | Cash=$251,383.00
2026-04-23 13:18:51,456 [INFO] [포트폴리오 현황]
2026-04-23 13:18:51,457 [INFO]   A그룹(성장): $1,496,160.00 ( 36.2%)
2026-04-23 13:18:51,457 [INFO]   B그룹(안전): $2,391,110.00 ( 57.8%)
2026-04-23 13:18:51,457 [INFO]   C그룹(현금): $        0.00 (  0.0%)
2026-04-23 13:18:51,457 [INFO]   현금(예수금): $ 251,383.00 (  6.1%)
2026-04-23 13:18:51,457 [INFO] [비중 판정] ratio_A=0.385  ratio_B=0.615
2026-04-23 13:18:51,457 [INFO]   A 상대이탈: 3.8% | B 상대이탈: 2.5% | 임계치: 7.5% → 비율 유지 (리밸런싱 불필요)
2026-04-23 13:18:51,457 [INFO] [목표 금액]
2026-04-23 13:18:51,457 [INFO]   A그룹: 현재 $1,496,160.00 → 목표 $1,592,914.07  (exposure 1.00 × ratio 0.38)
2026-04-23 13:18:51,457 [INFO]   B그룹: 현재 $2,391,110.00 → 목표 $2,545,738.93  (exposure 1.00 × ratio 0.62)
2026-04-23 13:18:51,457 [INFO]   C그룹: 현재 $      0.00 → 목표 $      0.00  (잔여)
2026-04-23 13:18:51,457 [INFO] [A그룹(성장) 종목별]
2026-04-23 13:18:51,457 [INFO]   KODEX 코스피: 보유 12주 $792,480.00 → 목표 $796,457.03 | diff=+3,977.03 → 주문 없음 (수량 미달)
2026-04-23 13:18:51,457 [INFO]   TIGER 미국나스닥100: 보유 4주 $703,680.00 → 목표 $796,457.03 | diff=+92,777.03 → 주문 없음 (수량 미달)
2026-04-23 13:18:51,457 [INFO] [B그룹(안전) 종목별]
2026-04-23 13:18:51,458 [INFO]   ACE 국고채10년: 보유 9주 $760,770.00 → 목표 $848,579.64 | diff=+87,809.64 → BUY 1주 @$84530.00
2026-04-23 13:18:51,458 [INFO]   TIGER 미국채10년선물: 보유 61주 $818,620.00 → 목표 $848,579.64 | diff=+29,959.64 → BUY 2주 @$13420.00
2026-04-23 13:18:51,458 [INFO]   ACE KRX금현물: 보유 26주 $811,720.00 → 목표 $848,579.64 | diff=+36,859.64 → BUY 1주 @$31220.00
2026-04-23 13:18:51,458 [INFO] [최종 주문] 주문 없음
2026-04-23 13:18:51,458 [INFO] [결정 사유] 비율 유지, 추가 주문 없음
2026-04-23 13:18:51,458 [INFO] No Rebalance Needed.
2026-04-23 13:18:51,662 [INFO] >>> Step 6: Archiving Data
2026-04-23 13:18:51,663 [INFO] Cycle Completed: regime=Bull exposure=1.00 orders=0 executions=0
