2026-06-18 10:01:05,198 [INFO] === Initializing Trading Bot (multi-account) ===
2026-06-18 10:01:05,199 [INFO] Loaded 1 account(s) from accounts.yaml
2026-06-18 10:01:05,200 [INFO] [my_test] engine=DomesticAsset5RealEngine market=domestic mode=LIVE
2026-06-18 10:01:05,200 [INFO] [KisBroker] 캐시에서 토큰 로드 (API 호출 생략)
2026-06-18 10:01:05,200 [INFO] [KisDomesticLiveBroker] Mode: LIVE TRADING
2026-06-18 10:01:05,201 [INFO] Restored previous regime: Bull
2026-06-18 10:01:06,353 [INFO] >>> Step 1: Data Collection
2026-06-18 10:01:06,353 [INFO] [Data] Fetching ['SPY'] history for 400 days...
2026-06-18 10:01:06,683 [INFO] [Data] VIX fetched: 18.44
2026-06-18 10:01:06,683 [INFO] >>> Step 2: Indicator Calculation
2026-06-18 10:01:06,686 [INFO] Market Data: Price=740.96, VIX=18.44, MDD=-2.45%
2026-06-18 10:01:06,686 [INFO] >>> Step 3: Strategy Analysis
2026-06-18 10:01:06,686 [INFO] Regime: Bull | Target Exposure: 1.00
2026-06-18 10:01:06,686 [INFO] >>> Step 4: Portfolio Status
2026-06-18 10:01:07,355 [INFO] Fetching Real-time prices from Broker...
2026-06-18 10:01:10,538 [INFO] Current Portfolio: Cash=$122,126, Value=$4,488,841
2026-06-18 10:01:10,538 [INFO] >>> Step 5: Rebalancing
2026-06-18 10:01:10,539 [INFO] [입력] Regime=Bull | TargetExposure=1.00 | TotalValue=$4,488,841.00 | Cash=$122,126.00
2026-06-18 10:01:10,539 [INFO] [포트폴리오 현황]
2026-06-18 10:01:10,539 [INFO]   A그룹(성장): $1,816,330.00 ( 40.5%)
2026-06-18 10:01:10,539 [INFO]   B그룹(안전): $2,550,385.00 ( 56.8%)
2026-06-18 10:01:10,539 [INFO]   C그룹(현금): $        0.00 (  0.0%)
2026-06-18 10:01:10,539 [INFO]   현금(예수금): $ 122,126.00 (  2.7%)
2026-06-18 10:01:10,539 [INFO] [비중 판정] ratio_A=0.416  ratio_B=0.584
2026-06-18 10:01:10,539 [INFO]   A 상대이탈: 4.0% | B 상대이탈: 2.7% | 임계치: 7.5% → 비율 유지 (리밸런싱 불필요)
2026-06-18 10:01:10,539 [INFO] [목표 금액]
2026-06-18 10:01:10,539 [INFO]   A그룹: 현재 $1,816,330.00 → 목표 $1,867,128.17  (exposure 1.00 × ratio 0.42)
2026-06-18 10:01:10,539 [INFO]   B그룹: 현재 $2,550,385.00 → 목표 $2,621,712.83  (exposure 1.00 × ratio 0.58)
2026-06-18 10:01:10,539 [INFO]   C그룹: 현재 $      0.00 → 목표 $      0.00  (잔여)
2026-06-18 10:01:10,540 [INFO] [A그룹(성장) 종목별]
2026-06-18 10:01:10,540 [INFO]   KODEX 코스피: 보유 11주 $1,004,630.00 → 목표 $933,564.08 | diff=-71,065.92 → SELL 1주 @$91330.00
2026-06-18 10:01:10,540 [INFO]   TIGER 미국나스닥100: 보유 4주 $811,700.00 → 목표 $933,564.08 | diff=+121,864.08 → 주문 없음 (수량 미달)
2026-06-18 10:01:10,540 [INFO] [B그룹(안전) 종목별]
2026-06-18 10:01:10,540 [INFO]   ACE 국고채10년: 보유 10주 $831,400.00 → 목표 $873,904.28 | diff=+42,504.28 → 주문 없음 (수량 미달)
2026-06-18 10:01:10,540 [INFO]   TIGER 미국채10년선물: 보유 64주 $875,520.00 → 목표 $873,904.28 | diff=-1,615.72 → SELL 1주 @$13680.00
2026-06-18 10:01:10,540 [INFO]   ACE KRX금현물: 보유 29주 $843,465.00 → 목표 $873,904.28 | diff=+30,439.28 → BUY 1주 @$29085.00
2026-06-18 10:01:10,540 [INFO] [최종 주문] SELL 0건 + BUY 1건 (총 주문금액: $29,085.00 / 자산대비 0.6%)
2026-06-18 10:01:10,540 [INFO] [결정 사유] 비율 유지, 현금 소진 매수
2026-06-18 10:01:10,540 [INFO] Executing 1 orders (비율 유지, 현금 소진 매수)
2026-06-18 10:01:11,216 [INFO] [KisBroker] Available Cash for BUY: 122,126
2026-06-18 10:01:13,644 [INFO] [KisDomestic] Order Sent: BUY 411060.KS 1 @ 29095 (ODNO=0019266200)
2026-06-18 10:01:14,560 [INFO] [KisDomestic] Order FILLED: 411060.KS ODNO=0019266200 price=29095.0 qty=1 fee=4.364249999999999
2026-06-18 10:01:14,762 [INFO] Order Summary: total=1 filled=1 partial=0 ordered=0 rejected=0 failed=0
2026-06-18 10:01:18,911 [INFO] Updated Portfolio: Cash=$93,031, Value=$4,488,911
2026-06-18 10:01:18,911 [INFO] >>> Step 6: Archiving Data
2026-06-18 10:01:18,914 [INFO] Cycle Completed: regime=Bull exposure=1.00 orders=1 executions=1
