2026-05-19 14:11:12,844 [INFO] === Initializing Trading Bot (multi-account) ===
2026-05-19 14:11:12,845 [INFO] Loaded 1 account(s) from accounts.yaml
2026-05-19 14:11:12,845 [INFO] [my_test] engine=DomesticAsset5RealEngine market=domestic mode=LIVE
2026-05-19 14:11:12,845 [INFO] [KisBroker] 캐시에서 토큰 로드 (API 호출 생략)
2026-05-19 14:11:12,845 [INFO] [KisDomesticLiveBroker] Mode: LIVE TRADING
2026-05-19 14:11:12,846 [INFO] Restored previous regime: Bull
2026-05-19 14:11:14,432 [INFO] >>> Step 1: Data Collection
2026-05-19 14:11:14,432 [INFO] [Data] Fetching ['SPY'] history for 400 days...
2026-05-19 14:11:15,003 [INFO] [Data] VIX fetched: 17.82
2026-05-19 14:11:15,003 [INFO] >>> Step 2: Indicator Calculation
2026-05-19 14:11:15,006 [INFO] Market Data: Price=738.65, VIX=17.82, MDD=-1.27%
2026-05-19 14:11:15,006 [INFO] >>> Step 3: Strategy Analysis
2026-05-19 14:11:15,006 [INFO] Regime: Bull | Target Exposure: 1.00
2026-05-19 14:11:15,006 [INFO] >>> Step 4: Portfolio Status
2026-05-19 14:11:15,797 [INFO] Fetching Real-time prices from Broker...
2026-05-19 14:11:19,169 [INFO] Current Portfolio: Cash=$193,009, Value=$4,268,679
2026-05-19 14:11:19,169 [INFO] >>> Step 5: Rebalancing
2026-05-19 14:11:19,169 [INFO] [입력] Regime=Bull | TargetExposure=1.00 | TotalValue=$4,268,679.00 | Cash=$193,009.00
2026-05-19 14:11:19,170 [INFO] [포트폴리오 현황]
2026-05-19 14:11:19,170 [INFO]   A그룹(성장): $1,591,930.00 ( 37.3%)
2026-05-19 14:11:19,170 [INFO]   B그룹(안전): $2,483,740.00 ( 58.2%)
2026-05-19 14:11:19,170 [INFO]   C그룹(현금): $        0.00 (  0.0%)
2026-05-19 14:11:19,170 [INFO]   현금(예수금): $ 193,009.00 (  4.5%)
2026-05-19 14:11:19,170 [INFO] [비중 판정] ratio_A=0.391  ratio_B=0.609
2026-05-19 14:11:19,170 [INFO]   A 상대이탈: 2.4% | B 상대이탈: 1.6% | 임계치: 7.5% → 비율 유지 (리밸런싱 불필요)
2026-05-19 14:11:19,170 [INFO] [목표 금액]
2026-05-19 14:11:19,170 [INFO]   A그룹: 현재 $1,591,930.00 → 목표 $1,667,318.05  (exposure 1.00 × ratio 0.39)
2026-05-19 14:11:19,170 [INFO]   B그룹: 현재 $2,483,740.00 → 목표 $2,601,360.95  (exposure 1.00 × ratio 0.61)
2026-05-19 14:11:19,170 [INFO]   C그룹: 현재 $      0.00 → 목표 $      0.00  (잔여)
2026-05-19 14:11:19,170 [INFO] [A그룹(성장) 종목별]
2026-05-19 14:11:19,170 [INFO]   KODEX 코스피: 보유 11주 $822,030.00 → 목표 $833,659.03 | diff=+11,629.03 → 주문 없음 (수량 미달)
2026-05-19 14:11:19,170 [INFO]   TIGER 미국나스닥100: 보유 4주 $769,900.00 → 목표 $833,659.03 | diff=+63,759.03 → 주문 없음 (수량 미달)
2026-05-19 14:11:19,171 [INFO] [B그룹(안전) 종목별]
2026-05-19 14:11:19,171 [INFO]   ACE 국고채10년: 보유 10주 $820,000.00 → 목표 $867,120.32 | diff=+47,120.32 → 주문 없음 (수량 미달)
2026-05-19 14:11:19,171 [INFO]   TIGER 미국채10년선물: 보유 63주 $845,775.00 → 목표 $867,120.32 | diff=+21,345.32 → BUY 1주 @$13425.00
2026-05-19 14:11:19,171 [INFO]   ACE KRX금현물: 보유 27주 $817,965.00 → 목표 $867,120.32 | diff=+49,155.32 → BUY 1주 @$30295.00
2026-05-19 14:11:19,171 [INFO] [최종 주문] 주문 없음
2026-05-19 14:11:19,171 [INFO] [결정 사유] 비율 유지, 추가 주문 없음
2026-05-19 14:11:19,171 [INFO] No Rebalance Needed.
2026-05-19 14:11:19,323 [INFO] >>> Step 6: Archiving Data
2026-05-19 14:11:19,324 [INFO] Cycle Completed: regime=Bull exposure=1.00 orders=0 executions=0
