2026-06-17 14:01:07,787 [INFO] === Initializing Trading Bot (multi-account) ===
2026-06-17 14:01:07,788 [INFO] Loaded 1 account(s) from accounts.yaml
2026-06-17 14:01:07,788 [INFO] [my_test] engine=DomesticAsset5RealEngine market=domestic mode=LIVE
2026-06-17 14:01:08,477 [INFO] [KisBroker] 새 토큰 발급 완료 (expires_at=2026-06-18 05:01:08)
2026-06-17 14:01:08,477 [INFO] [KisDomesticLiveBroker] Mode: LIVE TRADING
2026-06-17 14:01:08,478 [INFO] Restored previous regime: Bull
2026-06-17 14:01:10,205 [INFO] >>> Step 1: Data Collection
2026-06-17 14:01:10,205 [INFO] [Data] Fetching ['SPY'] history for 400 days...
2026-06-17 14:01:10,778 [INFO] [Data] VIX fetched: 16.41
2026-06-17 14:01:10,778 [INFO] >>> Step 2: Indicator Calculation
2026-06-17 14:01:10,781 [INFO] Market Data: Price=750.33, VIX=16.41, MDD=-1.22%
2026-06-17 14:01:10,781 [INFO] >>> Step 3: Strategy Analysis
2026-06-17 14:01:10,781 [INFO] Regime: Bull | Target Exposure: 1.00
2026-06-17 14:01:10,781 [INFO] >>> Step 4: Portfolio Status
2026-06-17 14:01:11,483 [INFO] Fetching Real-time prices from Broker...
2026-06-17 14:01:14,930 [INFO] Current Portfolio: Cash=$135,761, Value=$4,478,101
2026-06-17 14:01:14,931 [INFO] >>> Step 5: Rebalancing
2026-06-17 14:01:14,931 [INFO] [입력] Regime=Bull | TargetExposure=1.00 | TotalValue=$4,478,101.00 | Cash=$135,761.00
2026-06-17 14:01:14,931 [INFO] [포트폴리오 현황]
2026-06-17 14:01:14,931 [INFO]   A그룹(성장): $1,801,970.00 ( 40.2%)
2026-06-17 14:01:14,931 [INFO]   B그룹(안전): $2,540,370.00 ( 56.7%)
2026-06-17 14:01:14,931 [INFO]   C그룹(현금): $        0.00 (  0.0%)
2026-06-17 14:01:14,931 [INFO]   현금(예수금): $ 135,761.00 (  3.0%)
2026-06-17 14:01:14,931 [INFO] [비중 판정] ratio_A=0.415  ratio_B=0.585
2026-06-17 14:01:14,931 [INFO]   A 상대이탈: 3.7% | B 상대이탈: 2.5% | 임계치: 7.5% → 비율 유지 (리밸런싱 불필요)
2026-06-17 14:01:14,931 [INFO] [목표 금액]
2026-06-17 14:01:14,931 [INFO]   A그룹: 현재 $1,801,970.00 → 목표 $1,858,307.65  (exposure 1.00 × ratio 0.41)
2026-06-17 14:01:14,932 [INFO]   B그룹: 현재 $2,540,370.00 → 목표 $2,619,793.35  (exposure 1.00 × ratio 0.59)
2026-06-17 14:01:14,932 [INFO]   C그룹: 현재 $      0.00 → 목표 $      0.00  (잔여)
2026-06-17 14:01:14,932 [INFO] [A그룹(성장) 종목별]
2026-06-17 14:01:14,932 [INFO]   KODEX 코스피: 보유 11주 $993,410.00 → 목표 $929,153.83 | diff=-64,256.17 → SELL 1주 @$90310.00
2026-06-17 14:01:14,932 [INFO]   TIGER 미국나스닥100: 보유 4주 $808,560.00 → 목표 $929,153.83 | diff=+120,593.83 → 주문 없음 (수량 미달)
2026-06-17 14:01:14,932 [INFO] [B그룹(안전) 종목별]
2026-06-17 14:01:14,932 [INFO]   ACE 국고채10년: 보유 10주 $833,550.00 → 목표 $873,264.45 | diff=+39,714.45 → 주문 없음 (수량 미달)
2026-06-17 14:01:14,932 [INFO]   TIGER 미국채10년선물: 보유 63주 $859,005.00 → 목표 $873,264.45 | diff=+14,259.45 → BUY 1주 @$13635.00
2026-06-17 14:01:14,932 [INFO]   ACE KRX금현물: 보유 29주 $847,815.00 → 목표 $873,264.45 | diff=+25,449.45 → 주문 없음 (수량 미달)
2026-06-17 14:01:14,932 [INFO] [최종 주문] SELL 0건 + BUY 1건 (총 주문금액: $13,635.00 / 자산대비 0.3%)
2026-06-17 14:01:14,932 [INFO] [결정 사유] 비율 유지, 현금 소진 매수
2026-06-17 14:01:14,932 [INFO] Executing 1 orders (비율 유지, 현금 소진 매수)
2026-06-17 14:01:15,616 [INFO] [KisBroker] Available Cash for BUY: 135,761
2026-06-17 14:01:17,644 [INFO] [KisDomestic] Order Sent: BUY 305080.KS 1 @ 13635 (ODNO=0036384400)
2026-06-17 14:01:18,611 [INFO] [KisDomestic] Order FILLED: 305080.KS ODNO=0036384400 price=13635.0 qty=1 fee=2.04525
2026-06-17 14:01:18,812 [INFO] Order Summary: total=1 filled=1 partial=0 ordered=0 rejected=0 failed=0
2026-06-17 14:01:23,145 [INFO] Updated Portfolio: Cash=$122,126, Value=$4,478,371
2026-06-17 14:01:23,145 [INFO] >>> Step 6: Archiving Data
2026-06-17 14:01:23,148 [INFO] Cycle Completed: regime=Bull exposure=1.00 orders=1 executions=1
