2026-08-03 10:00:52,388 [INFO] === Initializing Trading Bot (multi-account) ===
2026-08-03 10:00:52,391 [INFO] Loaded 4 account(s) from accounts.yaml
2026-08-03 10:00:52,391 [INFO] [my_test] engine=DomesticQldDipBuyEngine market=domestic mode=LIVE state=ACTIVE
2026-08-03 10:00:53,148 [INFO] [KisBroker] 새 토큰 발급 완료 (expires_at=2026-08-04 01:00:53)
2026-08-03 10:00:53,149 [INFO] [KisDomesticLiveBroker] Mode: LIVE TRADING
2026-08-03 10:00:53,150 [INFO] Restored previous regime: Bull
2026-08-03 10:00:53,150 [INFO] [my_isa] engine=DomesticVolManagedEngine market=domestic mode=LIVE state=INACTIVE(조회전용)
2026-08-03 10:00:53,852 [INFO] [KisBroker] 새 토큰 발급 완료 (expires_at=2026-08-04 01:00:53)
2026-08-03 10:00:53,852 [INFO] [KisDomesticLiveBroker] Mode: LIVE TRADING
2026-08-03 10:00:53,854 [INFO] Restored previous regime: Bull
2026-08-03 10:00:53,854 [INFO] [my_pension] engine=DomesticAsset5RealEngine market=domestic mode=LIVE state=INACTIVE(조회전용)
2026-08-03 10:00:54,573 [INFO] [KisBroker] 새 토큰 발급 완료 (expires_at=2026-08-04 01:00:54)
2026-08-03 10:00:54,574 [INFO] [KisDomesticLiveBroker] Mode: LIVE TRADING
2026-08-03 10:00:54,574 [INFO] Restored previous regime: Bull
2026-08-03 10:00:54,575 [INFO] [my_irp] engine=DomesticAsset5RealEngine market=domestic mode=LIVE state=INACTIVE(조회전용)
2026-08-03 10:00:55,303 [INFO] [KisBroker] 새 토큰 발급 완료 (expires_at=2026-08-04 01:00:55)
2026-08-03 10:00:55,304 [INFO] [KisDomesticLiveBroker] Mode: LIVE TRADING
2026-08-03 10:00:55,305 [INFO] Restored previous regime: Bull
2026-08-03 10:00:55,305 [INFO] ===== [my_test] 계좌 실행 시작 =====
2026-08-03 10:00:55,305 [INFO] >>> Step 1: Data Collection
2026-08-03 10:00:55,305 [INFO] [Data] Fetching ['SPY'] history for 400 days...
2026-08-03 10:00:55,784 [INFO] [Data] Fetching ['418660.KS'] history for 400 days...
2026-08-03 10:00:55,997 [INFO] [Data] VIX fetched: 15.99
2026-08-03 10:00:55,997 [INFO] >>> Step 2: Indicator Calculation
2026-08-03 10:00:56,005 [INFO] Market Data: Price=747.03, VIX=15.99, MDD=-1.65%
2026-08-03 10:00:56,005 [INFO] >>> Step 3: Strategy Analysis
2026-08-03 10:00:56,005 [INFO] Regime: Bull | Target Exposure: 1.00
2026-08-03 10:00:56,005 [INFO] >>> Step 4: Portfolio Status
2026-08-03 10:00:57,034 [INFO] Fetching Real-time prices from Broker...
2026-08-03 10:01:01,233 [INFO] Current Portfolio: Cash=$6,786, Value=$10,183,346
2026-08-03 10:01:01,381 [INFO] >>> Step 5: DomesticQldDipBuy (대기(IDLE))
2026-08-03 10:01:01,381 [INFO] No Rebalance Needed.
2026-08-03 10:01:01,382 [INFO] >>> Step 6: Archiving Data
2026-08-03 10:01:01,387 [INFO] Cycle Completed: regime=Bull exposure=1.00 orders=0 executions=0
2026-08-03 10:01:01,387 [INFO] ===== [my_isa] 계좌 실행 시작 =====
2026-08-03 10:01:01,388 [INFO] >>> Step 1: Data Collection
2026-08-03 10:01:01,388 [INFO] [Data] Fetching ['133690.KS'] history for 400 days...
2026-08-03 10:01:01,611 [INFO] [Data] VIX fetched: 15.99
2026-08-03 10:01:01,612 [INFO] >>> Step 2: Indicator Calculation
2026-08-03 10:01:01,615 [INFO] Market Data: Price=180585.00, VIX=15.99, MDD=-13.09%
2026-08-03 10:01:01,615 [INFO] >>> Step 3: Strategy Analysis
2026-08-03 10:01:01,615 [INFO] >>> VolManaged: vol=26.47% → L=0.83x (TIGER 미국나스닥100레버리지(합성) 0%, 위험 83%, 현금 17%)
2026-08-03 10:01:01,615 [INFO] Regime: Bull | Target Exposure: 0.83
2026-08-03 10:01:01,615 [INFO] >>> Step 4: Portfolio Status
2026-08-03 10:01:02,437 [INFO] Fetching Real-time prices from Broker...
2026-08-03 10:01:07,499 [INFO] Current Portfolio: Cash=$161,698, Value=$43,741,978
2026-08-03 10:01:07,630 [INFO] >>> Step 5: Deactivated (조회 전용, 매매 스킵)
2026-08-03 10:01:07,631 [INFO] >>> Step 6: Archiving Data
2026-08-03 10:01:07,633 [INFO] Cycle Completed: regime=Bull exposure=0.83 orders=0 executions=0
2026-08-03 10:01:07,633 [INFO] ===== [my_pension] 계좌 실행 시작 =====
2026-08-03 10:01:07,633 [INFO] >>> Step 1: Data Collection
2026-08-03 10:01:07,633 [INFO] [Data] Fetching ['SPY'] history for 400 days...
2026-08-03 10:01:07,786 [INFO] [Data] VIX fetched: 15.99
2026-08-03 10:01:07,787 [INFO] >>> Step 2: Indicator Calculation
2026-08-03 10:01:07,790 [INFO] Market Data: Price=747.03, VIX=15.99, MDD=-1.65%
2026-08-03 10:01:07,790 [INFO] >>> Step 3: Strategy Analysis
2026-08-03 10:01:07,790 [INFO] Regime: Bull | Target Exposure: 1.00
2026-08-03 10:01:07,790 [INFO] >>> Step 4: Portfolio Status
2026-08-03 10:01:08,608 [INFO] Fetching Real-time prices from Broker...
2026-08-03 10:01:16,463 [INFO] Current Portfolio: Cash=$200,901, Value=$42,237,351
2026-08-03 10:01:16,792 [INFO] >>> Step 5: Deactivated (조회 전용, 매매 스킵)
2026-08-03 10:01:16,792 [INFO] >>> Step 6: Archiving Data
2026-08-03 10:01:16,794 [INFO] Cycle Completed: regime=Bull exposure=1.00 orders=0 executions=0
2026-08-03 10:01:16,794 [INFO] ===== [my_irp] 계좌 실행 시작 =====
2026-08-03 10:01:16,794 [INFO] >>> Step 1: Data Collection
2026-08-03 10:01:16,794 [INFO] [Data] Fetching ['SPY'] history for 400 days...
2026-08-03 10:01:16,988 [INFO] [Data] VIX fetched: 15.99
2026-08-03 10:01:16,988 [INFO] >>> Step 2: Indicator Calculation
2026-08-03 10:01:16,991 [INFO] Market Data: Price=747.03, VIX=15.99, MDD=-1.65%
2026-08-03 10:01:16,991 [INFO] >>> Step 3: Strategy Analysis
2026-08-03 10:01:16,991 [INFO] Regime: Bull | Target Exposure: 1.00
2026-08-03 10:01:16,991 [INFO] >>> Step 4: Portfolio Status
2026-08-03 10:01:17,845 [INFO] Fetching Real-time prices from Broker...
2026-08-03 10:01:25,751 [INFO] Current Portfolio: Cash=$30,007, Value=$15,870,887
2026-08-03 10:01:25,992 [INFO] >>> Step 5: Deactivated (조회 전용, 매매 스킵)
2026-08-03 10:01:25,992 [INFO] >>> Step 6: Archiving Data
2026-08-03 10:01:25,993 [INFO] Cycle Completed: regime=Bull exposure=1.00 orders=0 executions=0
