2026-04-27 13:36:56,598 [INFO] === Initializing Trading Bot (multi-account) ===
2026-04-27 13:36:56,599 [INFO] Loaded 1 account(s) from accounts.yaml
2026-04-27 13:36:56,599 [INFO] [my_test] engine=DomesticAsset5RealEngine market=domestic mode=LIVE
2026-04-27 13:36:56,599 [WARNING] [KisBroker] 토큰 캐시 로드 실패 (무시): 'TradeLogger' object has no attribute 'debug'
2026-04-27 13:36:57,421 [WARNING] [KisBroker] 토큰 캐시 저장 실패 (무시): 'TradeLogger' object has no attribute 'debug'
2026-04-27 13:36:57,421 [INFO] [KisBroker] 새 토큰 발급 완료 (expires_at=2026-04-28 04:36:57)
2026-04-27 13:36:57,422 [INFO] [KisDomesticLiveBroker] Mode: LIVE TRADING
2026-04-27 13:36:57,423 [INFO] Restored previous regime: Bull
2026-04-27 13:36:58,617 [INFO] >>> Step 1: Data Collection
2026-04-27 13:36:58,617 [INFO] [Data] Fetching ['SPY'] history for 400 days...
2026-04-27 13:36:58,923 [INFO] [Data] VIX fetched: 18.71
2026-04-27 13:36:58,923 [INFO] >>> Step 2: Indicator Calculation
2026-04-27 13:36:58,926 [INFO] Market Data: Price=713.94, VIX=18.71, MDD=0.00%
2026-04-27 13:36:58,926 [INFO] >>> Step 3: Strategy Analysis
2026-04-27 13:36:58,927 [INFO] Regime: Bull | Target Exposure: 1.00
2026-04-27 13:36:58,927 [INFO] >>> Step 4: Portfolio Status
2026-04-27 13:36:59,752 [INFO] Fetching Real-time prices from Broker...
2026-04-27 13:37:03,614 [INFO] Current Portfolio: Cash=$251,383, Value=$4,168,468
2026-04-27 13:37:03,615 [INFO] >>> Step 5: Rebalancing
2026-04-27 13:37:03,615 [INFO] [입력] Regime=Bull | TargetExposure=1.00 | TotalValue=$4,168,468.00 | Cash=$251,383.00
2026-04-27 13:37:03,615 [INFO] [포트폴리오 현황]
2026-04-27 13:37:03,615 [INFO]   A그룹(성장): $1,538,140.00 ( 36.9%)
2026-04-27 13:37:03,615 [INFO]   B그룹(안전): $2,378,945.00 ( 57.1%)
2026-04-27 13:37:03,615 [INFO]   C그룹(현금): $        0.00 (  0.0%)
2026-04-27 13:37:03,615 [INFO]   현금(예수금): $ 251,383.00 (  6.0%)
2026-04-27 13:37:03,615 [INFO] [비중 판정] ratio_A=0.393  ratio_B=0.607
2026-04-27 13:37:03,615 [INFO]   A 상대이탈: 1.8% | B 상대이탈: 1.2% | 임계치: 7.5% → 비율 유지 (리밸런싱 불필요)
2026-04-27 13:37:03,615 [INFO] [목표 금액]
2026-04-27 13:37:03,615 [INFO]   A그룹: 현재 $1,538,140.00 → 목표 $1,636,851.73  (exposure 1.00 × ratio 0.39)
2026-04-27 13:37:03,615 [INFO]   B그룹: 현재 $2,378,945.00 → 목표 $2,531,616.27  (exposure 1.00 × ratio 0.61)
2026-04-27 13:37:03,616 [INFO]   C그룹: 현재 $      0.00 → 목표 $      0.00  (잔여)
2026-04-27 13:37:03,616 [INFO] [A그룹(성장) 종목별]
2026-04-27 13:37:03,616 [INFO]   KODEX 코스피: 보유 12주 $823,500.00 → 목표 $818,425.87 | diff=-5,074.13 → SELL 1주 @$68625.00
2026-04-27 13:37:03,616 [INFO]   TIGER 미국나스닥100: 보유 4주 $714,640.00 → 목표 $818,425.87 | diff=+103,785.87 → 주문 없음 (수량 미달)
2026-04-27 13:37:03,616 [INFO] [B그룹(안전) 종목별]
2026-04-27 13:37:03,616 [INFO]   ACE 국고채10년: 보유 9주 $761,985.00 → 목표 $843,872.09 | diff=+81,887.09 → 주문 없음 (수량 미달)
2026-04-27 13:37:03,616 [INFO]   TIGER 미국채10년선물: 보유 61주 $812,520.00 → 목표 $843,872.09 | diff=+31,352.09 → BUY 2주 @$13320.00
2026-04-27 13:37:03,616 [INFO]   ACE KRX금현물: 보유 26주 $804,440.00 → 목표 $843,872.09 | diff=+39,432.09 → BUY 1주 @$30940.00
2026-04-27 13:37:03,616 [INFO] [최종 주문] 주문 없음
2026-04-27 13:37:03,616 [INFO] [결정 사유] 비율 유지, 추가 주문 없음
2026-04-27 13:37:03,616 [INFO] No Rebalance Needed.
2026-04-27 13:37:03,699 [INFO] >>> Step 6: Archiving Data
2026-04-27 13:37:03,700 [INFO] Cycle Completed: regime=Bull exposure=1.00 orders=0 executions=0
