2026-07-09 09:16:44,650 [INFO] === Initializing Trading Bot (multi-account) ===
2026-07-09 09:16:44,652 [INFO] Loaded 2 account(s) from accounts.yaml
2026-07-09 09:16:44,652 [INFO] [my_test] engine=DomesticAsset5RealEngine market=domestic mode=LIVE
2026-07-09 09:16:44,652 [INFO] [KisBroker] 캐시에서 토큰 로드 (API 호출 생략)
2026-07-09 09:16:44,652 [INFO] [KisDomesticLiveBroker] Mode: LIVE TRADING
2026-07-09 09:16:44,653 [INFO] Restored previous regime: Bull
2026-07-09 09:16:44,653 [INFO] [my_isa] engine=DomesticVolManagedEngine market=domestic mode=LIVE
2026-07-09 09:16:44,653 [INFO] [KisBroker] 캐시에서 토큰 로드 (API 호출 생략)
2026-07-09 09:16:44,653 [INFO] [KisDomesticLiveBroker] Mode: LIVE TRADING
2026-07-09 09:16:45,844 [INFO] >>> Step 1: Data Collection
2026-07-09 09:16:45,844 [INFO] [Data] Fetching ['SPY'] history for 400 days...
2026-07-09 09:16:46,158 [INFO] [Data] VIX fetched: 16.90
2026-07-09 09:16:46,158 [INFO] >>> Step 2: Indicator Calculation
2026-07-09 09:16:46,161 [INFO] Market Data: Price=745.40, VIX=16.90, MDD=-1.87%
2026-07-09 09:16:46,161 [INFO] >>> Step 3: Strategy Analysis
2026-07-09 09:16:46,161 [INFO] Regime: Bull | Target Exposure: 1.00
2026-07-09 09:16:46,161 [INFO] >>> Step 4: Portfolio Status
2026-07-09 09:16:46,814 [INFO] Fetching Real-time prices from Broker...
2026-07-09 09:16:51,261 [INFO] Current Portfolio: Cash=$38,261, Value=$4,217,316
2026-07-09 09:16:51,262 [INFO] >>> Step 5: Rebalancing
2026-07-09 09:16:51,262 [INFO] [입력] Regime=Bull | TargetExposure=1.00 | TotalValue=$4,217,316.00 | Cash=$38,261.00
2026-07-09 09:16:51,262 [INFO] [포트폴리오 현황]
2026-07-09 09:16:51,262 [INFO]   A그룹(성장): $1,630,155.00 ( 38.7%)
2026-07-09 09:16:51,262 [INFO]   B그룹(안전): $2,548,900.00 ( 60.4%)
2026-07-09 09:16:51,262 [INFO]   C그룹(현금): $        0.00 (  0.0%)
2026-07-09 09:16:51,262 [INFO]   현금(예수금): $  38,261.00 (  0.9%)
2026-07-09 09:16:51,262 [INFO] [비중 판정] ratio_A=0.390  ratio_B=0.610
2026-07-09 09:16:51,262 [INFO]   A 상대이탈: 2.5% | B 상대이탈: 1.7% | 임계치: 7.5% → 비율 유지 (리밸런싱 불필요)
2026-07-09 09:16:51,262 [INFO] [목표 금액]
2026-07-09 09:16:51,262 [INFO]   A그룹: 현재 $1,630,155.00 → 목표 $1,645,079.75  (exposure 1.00 × ratio 0.39)
2026-07-09 09:16:51,263 [INFO]   B그룹: 현재 $2,548,900.00 → 목표 $2,572,236.25  (exposure 1.00 × ratio 0.61)
2026-07-09 09:16:51,263 [INFO]   C그룹: 현재 $      0.00 → 목표 $      0.00  (잔여)
2026-07-09 09:16:51,263 [INFO] [A그룹(성장) 종목별]
2026-07-09 09:16:51,263 [INFO]   KODEX 코스피: 보유 11주 $851,235.00 → 목표 $822,539.88 | diff=-28,695.12 → SELL 1주 @$77385.00
2026-07-09 09:16:51,263 [INFO]   TIGER 미국나스닥100: 보유 4주 $778,920.00 → 목표 $822,539.88 | diff=+43,619.88 → 주문 없음 (수량 미달)
2026-07-09 09:16:51,263 [INFO] [B그룹(안전) 종목별]
2026-07-09 09:16:51,263 [INFO]   ACE 국고채10년: 보유 10주 $822,500.00 → 목표 $857,412.08 | diff=+34,912.08 → 주문 없음 (수량 미달)
2026-07-09 09:16:51,263 [INFO]   TIGER 미국채10년선물: 보유 64주 $856,960.00 → 목표 $857,412.08 | diff=+452.08 → 주문 없음 (수량 미달)
2026-07-09 09:16:51,263 [INFO]   ACE KRX금현물: 보유 32주 $869,440.00 → 목표 $857,412.08 | diff=-12,027.92 → SELL 1주 @$27170.00
2026-07-09 09:16:51,263 [INFO] [최종 주문] 주문 없음
2026-07-09 09:16:51,263 [INFO] [결정 사유] 비율 유지, 추가 주문 없음
2026-07-09 09:16:51,263 [INFO] No Rebalance Needed.
2026-07-09 09:16:51,698 [INFO] >>> Step 6: Archiving Data
2026-07-09 09:16:51,702 [INFO] Cycle Completed: regime=Bull exposure=1.00 orders=0 executions=0
2026-07-09 09:16:52,544 [INFO] >>> Step 1: Data Collection
2026-07-09 09:16:52,544 [INFO] [Data] Fetching ['133690.KS'] history for 400 days...
2026-07-09 09:16:52,727 [INFO] [Data] VIX fetched: 16.90
2026-07-09 09:16:52,727 [INFO] >>> Step 2: Indicator Calculation
2026-07-09 09:16:52,731 [INFO] Market Data: Price=193400.00, VIX=16.90, MDD=-6.92%
2026-07-09 09:16:52,731 [INFO] >>> Step 3: Strategy Analysis
2026-07-09 09:16:52,731 [INFO] >>> VolManaged: vol=25.56% → L=0.86x (TIGER 미국나스닥100레버리지(합성) 0%, 위험 86%, 현금 14%)
2026-07-09 09:16:52,731 [INFO] Regime: Bull | Target Exposure: 0.86
2026-07-09 09:16:52,731 [INFO] >>> Step 4: Portfolio Status
2026-07-09 09:16:53,418 [INFO] Fetching Real-time prices from Broker...
2026-07-09 09:16:56,690 [INFO] Current Portfolio: Cash=$49,809,677, Value=$49,809,677
2026-07-09 09:16:56,690 [INFO] >>> Step 5: Rebalancing
2026-07-09 09:16:56,691 [INFO] [입력] Regime=Bull | TargetExposure=0.86 | TotalValue=$49,809,677.00 | Cash=$49,809,677.00
2026-07-09 09:16:56,691 [INFO] [포트폴리오 현황]
2026-07-09 09:16:56,691 [INFO]   A그룹(성장): $        0.00 (  0.0%)
2026-07-09 09:16:56,691 [INFO]   B그룹(안전): $        0.00 (  0.0%)
2026-07-09 09:16:56,691 [INFO]   C그룹(현금): $        0.00 (  0.0%)
2026-07-09 09:16:56,691 [INFO]   현금(예수금): $49,809,677.00 (100.0%)
2026-07-09 09:16:56,691 [INFO] [비중 판정] 첫 투자 → 0:100 초기 비율 적용
2026-07-09 09:16:56,691 [INFO] [목표 금액]
2026-07-09 09:16:56,691 [INFO]   A그룹: 현재 $      0.00 → 목표 $      0.00  (exposure 0.86 × ratio 0.00)
2026-07-09 09:16:56,691 [INFO]   B그룹: 현재 $      0.00 → 목표 $42,866,551.55  (exposure 0.86 × ratio 1.00)
2026-07-09 09:16:56,691 [INFO]   C그룹: 현재 $      0.00 → 목표 $6,943,125.45  (잔여)
2026-07-09 09:16:56,691 [INFO] [A그룹(성장) 종목별]
2026-07-09 09:16:56,691 [INFO]   TIGER 미국나스닥100레버리지(합성): 보유 0주 $0.00 → 목표 $0.00 | diff=+0.00 → 주문 없음
2026-07-09 09:16:56,691 [INFO] [B그룹(안전) 종목별]
2026-07-09 09:16:56,691 [INFO]   TIGER 미국나스닥100: 보유 0주 $0.00 → 목표 $42,866,551.55 | diff=+42,866,551.55 → BUY 220주 @$194720.00
2026-07-09 09:16:56,691 [INFO] [C그룹(현금) 종목별]
2026-07-09 09:16:56,691 [INFO]   KODEX CD금리액티브: 보유 0주 $0.00 → 목표 $6,943,125.45 | diff=+6,943,125.45 → BUY 6주 @$1074352.00
2026-07-09 09:16:56,692 [INFO] [최종 주문] SELL 0건 + BUY 2건 (총 주문금액: $49,284,512.00 / 자산대비 98.9%)
2026-07-09 09:16:56,692 [INFO] [결정 사유] 첫 투자: 0:100 비율로 진입
2026-07-09 09:16:56,692 [INFO] Executing 2 orders (첫 투자: 0:100 비율로 진입)
2026-07-09 09:16:57,335 [INFO] [KisBroker] Available Cash for BUY: 49,809,677
2026-07-09 09:16:59,310 [INFO] [KisDomestic] Order Sent: BUY 133690.KS 220 @ 194735 (ODNO=0005659500)
2026-07-09 09:17:00,211 [INFO] [KisDomestic] Order FILLED: 133690.KS ODNO=0005659500 price=194735.0 qty=220 fee=6426.254999999999
2026-07-09 09:17:01,060 [INFO] [KisBroker] Available Cash for BUY: 6,966,174
2026-07-09 09:17:03,059 [INFO] [KisDomestic] Order Sent: BUY 459580.KS 6 @ 1074355 (ODNO=0005667600)
2026-07-09 09:17:03,946 [INFO] [KisDomestic] Order FILLED: 459580.KS ODNO=0005667600 price=1074352.0 qty=6 fee=966.9168
2026-07-09 09:17:04,147 [INFO] Order Summary: total=2 filled=2 partial=0 ordered=0 rejected=0 failed=0
2026-07-09 09:17:08,232 [INFO] Updated Portfolio: Cash=$519,791, Value=$49,812,003
2026-07-09 09:17:08,232 [INFO] >>> Step 6: Archiving Data
2026-07-09 09:17:08,233 [INFO] Cycle Completed: regime=Bull exposure=0.86 orders=2 executions=2
2026-07-09 10:01:27,566 [INFO] === Initializing Trading Bot (multi-account) ===
2026-07-09 10:01:27,568 [INFO] Loaded 2 account(s) from accounts.yaml
2026-07-09 10:01:27,568 [INFO] [my_test] engine=DomesticAsset5RealEngine market=domestic mode=LIVE
2026-07-09 10:01:27,568 [INFO] [KisBroker] 캐시에서 토큰 로드 (API 호출 생략)
2026-07-09 10:01:27,568 [INFO] [KisDomesticLiveBroker] Mode: LIVE TRADING
2026-07-09 10:01:27,569 [INFO] Restored previous regime: Bull
2026-07-09 10:01:27,569 [INFO] [my_isa] engine=DomesticVolManagedEngine market=domestic mode=LIVE
2026-07-09 10:01:27,569 [INFO] [KisBroker] 캐시에서 토큰 로드 (API 호출 생략)
2026-07-09 10:01:27,569 [INFO] [KisDomesticLiveBroker] Mode: LIVE TRADING
2026-07-09 10:01:27,570 [INFO] Restored previous regime: Bull
2026-07-09 10:01:27,570 [INFO] ===== [my_test] 계좌 실행 시작 =====
2026-07-09 10:01:29,198 [INFO] >>> Step 1: Data Collection
2026-07-09 10:01:29,198 [INFO] [Data] Fetching ['SPY'] history for 400 days...
2026-07-09 10:01:29,864 [INFO] [Data] VIX fetched: 16.90
2026-07-09 10:01:29,864 [INFO] >>> Step 2: Indicator Calculation
2026-07-09 10:01:29,867 [INFO] Market Data: Price=745.40, VIX=16.90, MDD=-1.87%
2026-07-09 10:01:29,867 [INFO] >>> Step 3: Strategy Analysis
2026-07-09 10:01:29,867 [INFO] Regime: Bull | Target Exposure: 1.00
2026-07-09 10:01:29,867 [INFO] >>> Step 4: Portfolio Status
2026-07-09 10:01:30,722 [INFO] Fetching Real-time prices from Broker...
2026-07-09 10:01:36,044 [INFO] Current Portfolio: Cash=$38,261, Value=$4,219,631
2026-07-09 10:01:36,044 [INFO] >>> Step 5: Monitoring (리밸런싱 인터벌 미충족, 1일 기준)
2026-07-09 10:01:36,483 [INFO] >>> Step 6: Archiving Data
2026-07-09 10:01:36,486 [INFO] Cycle Completed: regime=Bull exposure=1.00 orders=0 executions=0
2026-07-09 10:01:36,486 [INFO] ===== [my_isa] 계좌 실행 시작 =====
2026-07-09 10:01:37,471 [INFO] >>> Step 1: Data Collection
2026-07-09 10:01:37,471 [INFO] [Data] Fetching ['133690.KS'] history for 400 days...
2026-07-09 10:01:37,823 [INFO] [Data] VIX fetched: 16.90
2026-07-09 10:01:37,823 [INFO] >>> Step 2: Indicator Calculation
2026-07-09 10:01:37,826 [INFO] Market Data: Price=195040.00, VIX=16.90, MDD=-6.13%
2026-07-09 10:01:37,826 [INFO] >>> Step 3: Strategy Analysis
2026-07-09 10:01:37,827 [INFO] >>> VolManaged: vol=25.27% → L=0.87x (TIGER 미국나스닥100레버리지(합성) 0%, 위험 87%, 현금 13%)
2026-07-09 10:01:37,827 [INFO] Regime: Bull | Target Exposure: 0.87
2026-07-09 10:01:37,827 [INFO] >>> Step 4: Portfolio Status
2026-07-09 10:01:38,552 [INFO] Fetching Real-time prices from Broker...
2026-07-09 10:01:42,307 [INFO] Current Portfolio: Cash=$519,791, Value=$49,897,803
2026-07-09 10:01:42,307 [INFO] >>> Step 5: Monitoring (리밸런싱 인터벌 미충족, 1일 기준)
2026-07-09 10:01:42,739 [INFO] >>> Step 6: Archiving Data
2026-07-09 10:01:42,740 [INFO] Cycle Completed: regime=Bull exposure=0.87 orders=0 executions=0
