2026-05-13 13:56:53,315 [INFO] === Initializing Trading Bot (multi-account) ===
2026-05-13 13:56:53,316 [INFO] Loaded 1 account(s) from accounts.yaml
2026-05-13 13:56:53,316 [INFO] [my_test] engine=DomesticAsset5RealEngine market=domestic mode=LIVE
2026-05-13 13:56:54,105 [INFO] [KisBroker] 새 토큰 발급 완료 (expires_at=2026-05-14 04:56:54)
2026-05-13 13:56:54,106 [INFO] [KisDomesticLiveBroker] Mode: LIVE TRADING
2026-05-13 13:56:54,107 [INFO] Restored previous regime: Bull
2026-05-13 13:56:55,354 [INFO] >>> Step 1: Data Collection
2026-05-13 13:56:55,354 [INFO] [Data] Fetching ['SPY'] history for 400 days...
2026-05-13 13:56:55,647 [INFO] [Data] VIX fetched: 17.99
2026-05-13 13:56:55,647 [INFO] >>> Step 2: Indicator Calculation
2026-05-13 13:56:55,650 [INFO] Market Data: Price=738.18, VIX=17.99, MDD=-0.15%
2026-05-13 13:56:55,650 [INFO] >>> Step 3: Strategy Analysis
2026-05-13 13:56:55,650 [INFO] Regime: Bull | Target Exposure: 1.00
2026-05-13 13:56:55,650 [INFO] >>> Step 4: Portfolio Status
2026-05-13 13:56:56,522 [INFO] Fetching Real-time prices from Broker...
2026-05-13 13:57:00,401 [INFO] Current Portfolio: Cash=$193,009, Value=$4,367,084
2026-05-13 13:57:00,402 [INFO] >>> Step 5: Rebalancing
2026-05-13 13:57:00,402 [INFO] [입력] Regime=Bull | TargetExposure=1.00 | TotalValue=$4,367,084.00 | Cash=$193,009.00
2026-05-13 13:57:00,402 [INFO] [포트폴리오 현황]
2026-05-13 13:57:00,402 [INFO]   A그룹(성장): $1,655,290.00 ( 37.9%)
2026-05-13 13:57:00,402 [INFO]   B그룹(안전): $2,518,785.00 ( 57.7%)
2026-05-13 13:57:00,402 [INFO]   C그룹(현금): $        0.00 (  0.0%)
2026-05-13 13:57:00,402 [INFO]   현금(예수금): $ 193,009.00 (  4.4%)
2026-05-13 13:57:00,402 [INFO] [비중 판정] ratio_A=0.397  ratio_B=0.603
2026-05-13 13:57:00,402 [INFO]   A 상대이탈: 0.9% | B 상대이탈: 0.6% | 임계치: 7.5% → 비율 유지 (리밸런싱 불필요)
2026-05-13 13:57:00,402 [INFO] [목표 금액]
2026-05-13 13:57:00,402 [INFO]   A그룹: 현재 $1,655,290.00 → 목표 $1,731,830.52  (exposure 1.00 × ratio 0.40)
2026-05-13 13:57:00,402 [INFO]   B그룹: 현재 $2,518,785.00 → 목표 $2,635,253.48  (exposure 1.00 × ratio 0.60)
2026-05-13 13:57:00,403 [INFO]   C그룹: 현재 $      0.00 → 목표 $      0.00  (잔여)
2026-05-13 13:57:00,403 [INFO] [A그룹(성장) 종목별]
2026-05-13 13:57:00,403 [INFO]   KODEX 코스피: 보유 11주 $882,090.00 → 목표 $865,915.26 | diff=-16,174.74 → SELL 1주 @$80190.00
2026-05-13 13:57:00,403 [INFO]   TIGER 미국나스닥100: 보유 4주 $773,200.00 → 목표 $865,915.26 | diff=+92,715.26 → 주문 없음 (수량 미달)
2026-05-13 13:57:00,403 [INFO] [B그룹(안전) 종목별]
2026-05-13 13:57:00,403 [INFO]   ACE 국고채10년: 보유 10주 $830,700.00 → 목표 $878,417.83 | diff=+47,717.83 → 주문 없음 (수량 미달)
2026-05-13 13:57:00,403 [INFO]   TIGER 미국채10년선물: 보유 63주 $846,090.00 → 목표 $878,417.83 | diff=+32,327.83 → BUY 2주 @$13430.00
2026-05-13 13:57:00,403 [INFO]   ACE KRX금현물: 보유 27주 $841,995.00 → 목표 $878,417.83 | diff=+36,422.83 → BUY 1주 @$31185.00
2026-05-13 13:57:00,403 [INFO] [최종 주문] 주문 없음
2026-05-13 13:57:00,403 [INFO] [결정 사유] 비율 유지, 추가 주문 없음
2026-05-13 13:57:00,403 [INFO] No Rebalance Needed.
2026-05-13 13:57:00,524 [INFO] >>> Step 6: Archiving Data
2026-05-13 13:57:00,526 [INFO] Cycle Completed: regime=Bull exposure=1.00 orders=0 executions=0
