2026-07-13 10:01:13,271 [INFO] === Initializing Trading Bot (multi-account) ===
2026-07-13 10:01:13,273 [INFO] Loaded 2 account(s) from accounts.yaml
2026-07-13 10:01:13,273 [INFO] [my_test] engine=DomesticAsset5RealEngine market=domestic mode=LIVE
2026-07-13 10:01:13,976 [INFO] [KisBroker] 새 토큰 발급 완료 (expires_at=2026-07-14 01:01:13)
2026-07-13 10:01:13,978 [INFO] [KisDomesticLiveBroker] Mode: LIVE TRADING
2026-07-13 10:01:13,978 [INFO] Restored previous regime: Bull
2026-07-13 10:01:13,978 [INFO] [my_isa] engine=DomesticVolManagedEngine market=domestic mode=LIVE
2026-07-13 10:01:14,683 [INFO] [KisBroker] 새 토큰 발급 완료 (expires_at=2026-07-14 01:01:14)
2026-07-13 10:01:14,684 [INFO] [KisDomesticLiveBroker] Mode: LIVE TRADING
2026-07-13 10:01:14,685 [INFO] Restored previous regime: Bull
2026-07-13 10:01:14,685 [INFO] ===== [my_test] 계좌 실행 시작 =====
2026-07-13 10:01:16,034 [INFO] >>> Step 1: Data Collection
2026-07-13 10:01:16,034 [INFO] [Data] Fetching ['SPY'] history for 400 days...
2026-07-13 10:01:16,380 [INFO] [Data] VIX fetched: 15.03
2026-07-13 10:01:16,381 [INFO] >>> Step 2: Indicator Calculation
2026-07-13 10:01:16,383 [INFO] Market Data: Price=754.95, VIX=15.03, MDD=-0.61%
2026-07-13 10:01:16,383 [INFO] >>> Step 3: Strategy Analysis
2026-07-13 10:01:16,383 [INFO] Regime: Bull | Target Exposure: 1.00
2026-07-13 10:01:16,384 [INFO] >>> Step 4: Portfolio Status
2026-07-13 10:01:17,160 [INFO] Fetching Real-time prices from Broker...
2026-07-13 10:01:22,435 [INFO] Current Portfolio: Cash=$38,261, Value=$4,213,091
2026-07-13 10:01:22,436 [INFO] >>> Step 5: Rebalancing
2026-07-13 10:01:22,436 [INFO] [입력] Regime=Bull | TargetExposure=1.00 | TotalValue=$4,213,091.00 | Cash=$38,261.00
2026-07-13 10:01:22,436 [INFO] [포트폴리오 현황]
2026-07-13 10:01:22,436 [INFO]   A그룹(성장): $1,614,560.00 ( 38.3%)
2026-07-13 10:01:22,436 [INFO]   B그룹(안전): $2,560,270.00 ( 60.8%)
2026-07-13 10:01:22,436 [INFO]   C그룹(현금): $        0.00 (  0.0%)
2026-07-13 10:01:22,436 [INFO]   현금(예수금): $  38,261.00 (  0.9%)
2026-07-13 10:01:22,436 [INFO] [비중 판정] ratio_A=0.387  ratio_B=0.613
2026-07-13 10:01:22,436 [INFO]   A 상대이탈: 3.3% | B 상대이탈: 2.2% | 임계치: 7.5% → 비율 유지 (리밸런싱 불필요)
2026-07-13 10:01:22,436 [INFO] [목표 금액]
2026-07-13 10:01:22,436 [INFO]   A그룹: 현재 $1,614,560.00 → 목표 $1,629,356.93  (exposure 1.00 × ratio 0.39)
2026-07-13 10:01:22,436 [INFO]   B그룹: 현재 $2,560,270.00 → 목표 $2,583,734.07  (exposure 1.00 × ratio 0.61)
2026-07-13 10:01:22,437 [INFO]   C그룹: 현재 $      0.00 → 목표 $      0.00  (잔여)
2026-07-13 10:01:22,437 [INFO] [A그룹(성장) 종목별]
2026-07-13 10:01:22,437 [INFO]   KODEX 코스피: 보유 11주 $824,780.00 → 목표 $814,678.47 | diff=-10,101.53 → SELL 1주 @$74980.00
2026-07-13 10:01:22,437 [INFO]   TIGER 미국나스닥100: 보유 4주 $789,780.00 → 목표 $814,678.47 | diff=+24,898.47 → 주문 없음 (수량 미달)
2026-07-13 10:01:22,437 [INFO] [B그룹(안전) 종목별]
2026-07-13 10:01:22,437 [INFO]   ACE 국고채10년: 보유 10주 $823,950.00 → 목표 $861,244.69 | diff=+37,294.69 → 주문 없음 (수량 미달)
2026-07-13 10:01:22,437 [INFO]   TIGER 미국채10년선물: 보유 64주 $860,800.00 → 목표 $861,244.69 | diff=+444.69 → 주문 없음 (수량 미달)
2026-07-13 10:01:22,437 [INFO]   ACE KRX금현물: 보유 32주 $875,520.00 → 목표 $861,244.69 | diff=-14,275.31 → SELL 1주 @$27360.00
2026-07-13 10:01:22,437 [INFO] [최종 주문] 주문 없음
2026-07-13 10:01:22,437 [INFO] [결정 사유] 비율 유지, 추가 주문 없음
2026-07-13 10:01:22,437 [INFO] No Rebalance Needed.
2026-07-13 10:01:22,811 [INFO] >>> Step 6: Archiving Data
2026-07-13 10:01:22,814 [INFO] Cycle Completed: regime=Bull exposure=1.00 orders=0 executions=0
2026-07-13 10:01:22,815 [INFO] ===== [my_isa] 계좌 실행 시작 =====
2026-07-13 10:01:23,770 [INFO] >>> Step 1: Data Collection
2026-07-13 10:01:23,770 [INFO] [Data] Fetching ['133690.KS'] history for 400 days...
2026-07-13 10:01:23,969 [INFO] [Data] VIX fetched: 15.03
2026-07-13 10:01:23,969 [INFO] >>> Step 2: Indicator Calculation
2026-07-13 10:01:23,972 [INFO] Market Data: Price=197505.00, VIX=15.03, MDD=-4.95%
2026-07-13 10:01:23,972 [INFO] >>> Step 3: Strategy Analysis
2026-07-13 10:01:23,972 [INFO] >>> VolManaged: vol=24.89% → L=0.88x (TIGER 미국나스닥100레버리지(합성) 0%, 위험 88%, 현금 12%)
2026-07-13 10:01:23,973 [INFO] Regime: Bull | Target Exposure: 0.88
2026-07-13 10:01:23,973 [INFO] >>> Step 4: Portfolio Status
2026-07-13 10:01:24,736 [INFO] Fetching Real-time prices from Broker...
2026-07-13 10:01:28,733 [INFO] Current Portfolio: Cash=$519,791, Value=$50,415,763
2026-07-13 10:01:28,734 [INFO] >>> Step 5: Rebalancing
2026-07-13 10:01:28,734 [INFO] [입력] Regime=Bull | TargetExposure=0.88 | TotalValue=$50,415,763.00 | Cash=$519,791.00
2026-07-13 10:01:28,734 [INFO] [포트폴리오 현황]
2026-07-13 10:01:28,734 [INFO]   A그룹(성장): $        0.00 (  0.0%)
2026-07-13 10:01:28,734 [INFO]   B그룹(안전): $43,448,900.00 ( 86.2%)
2026-07-13 10:01:28,734 [INFO]   C그룹(현금): $6,447,072.00 ( 12.8%)
2026-07-13 10:01:28,734 [INFO]   현금(예수금): $ 519,791.00 (  1.0%)
2026-07-13 10:01:28,734 [INFO] [비중 판정] ratio_A=0.000  ratio_B=1.000
2026-07-13 10:01:28,735 [INFO]   A 상대이탈: 0.0% | B 상대이탈: 0.0% | 임계치: 7.5% → 비율 유지 (리밸런싱 불필요)
2026-07-13 10:01:28,735 [INFO] [목표 금액]
2026-07-13 10:01:28,735 [INFO]   A그룹: 현재 $      0.00 → 목표 $      0.00  (exposure 0.88 × ratio 0.00)
2026-07-13 10:01:28,735 [INFO]   B그룹: 현재 $43,448,900.00 → 목표 $44,559,588.46  (exposure 0.88 × ratio 1.00)
2026-07-13 10:01:28,735 [INFO]   C그룹: 현재 $6,447,072.00 → 목표 $5,856,174.54  (잔여)
2026-07-13 10:01:28,735 [INFO] [A그룹(성장) 종목별]
2026-07-13 10:01:28,735 [INFO]   TIGER 미국나스닥100레버리지(합성): 보유 0주 $0.00 → 목표 $0.00 | diff=+0.00 → 주문 없음
2026-07-13 10:01:28,735 [INFO] [B그룹(안전) 종목별]
2026-07-13 10:01:28,735 [INFO]   TIGER 미국나스닥100: 보유 220주 $43,448,900.00 → 목표 $44,559,588.46 | diff=+1,110,688.46 → BUY 5주 @$197495.00
2026-07-13 10:01:28,735 [INFO] [C그룹(현금) 종목별]
2026-07-13 10:01:28,735 [INFO]   KODEX CD금리액티브: 보유 6주 $6,447,072.00 → 목표 $5,856,174.54 | diff=-590,897.46 → SELL 1주 @$1074512.00
2026-07-13 10:01:28,735 [INFO] [최종 주문] SELL 0건 + BUY 1건 (총 주문금액: $394,990.00 / 자산대비 0.8%)
2026-07-13 10:01:28,735 [INFO] [결정 사유] 비율 유지, 현금 소진 매수
2026-07-13 10:01:28,735 [INFO] Executing 1 orders (비율 유지, 현금 소진 매수)
2026-07-13 10:01:29,491 [INFO] [KisBroker] Available Cash for BUY: 519,791
2026-07-13 10:01:31,939 [INFO] [KisDomestic] Order Sent: BUY 133690.KS 2 @ 197490 (ODNO=0009901200)
2026-07-13 10:01:33,054 [INFO] [KisDomestic] Order FILLED: 133690.KS ODNO=0009901200 price=197490.0 qty=2 fee=59.24699999999999
2026-07-13 10:01:33,255 [INFO] Order Summary: total=1 filled=1 partial=0 ordered=0 rejected=0 failed=0
2026-07-13 10:01:37,372 [INFO] Updated Portfolio: Cash=$124,795, Value=$50,414,635
2026-07-13 10:01:37,372 [INFO] >>> Step 6: Archiving Data
2026-07-13 10:01:37,374 [INFO] Cycle Completed: regime=Bull exposure=0.88 orders=1 executions=1
2026-07-13 14:01:23,508 [INFO] === Initializing Trading Bot (multi-account) ===
2026-07-13 14:01:23,509 [INFO] Loaded 2 account(s) from accounts.yaml
2026-07-13 14:01:23,509 [INFO] [my_test] engine=DomesticAsset5RealEngine market=domestic mode=LIVE
2026-07-13 14:01:23,509 [INFO] [KisBroker] 캐시에서 토큰 로드 (API 호출 생략)
2026-07-13 14:01:23,509 [INFO] [KisDomesticLiveBroker] Mode: LIVE TRADING
2026-07-13 14:01:23,514 [INFO] Restored previous regime: Bull
2026-07-13 14:01:23,514 [INFO] [my_isa] engine=DomesticVolManagedEngine market=domestic mode=LIVE
2026-07-13 14:01:23,514 [INFO] [KisBroker] 캐시에서 토큰 로드 (API 호출 생략)
2026-07-13 14:01:23,514 [INFO] [KisDomesticLiveBroker] Mode: LIVE TRADING
2026-07-13 14:01:23,516 [INFO] Restored previous regime: Bull
2026-07-13 14:01:23,523 [INFO] ===== [my_test] 계좌 실행 시작 =====
2026-07-13 14:01:25,251 [INFO] >>> Step 1: Data Collection
2026-07-13 14:01:25,251 [INFO] [Data] Fetching ['SPY'] history for 400 days...
2026-07-13 14:01:25,968 [INFO] [Data] VIX fetched: 15.03
2026-07-13 14:01:25,968 [INFO] >>> Step 2: Indicator Calculation
2026-07-13 14:01:25,970 [INFO] Market Data: Price=754.95, VIX=15.03, MDD=-0.61%
2026-07-13 14:01:25,970 [INFO] >>> Step 3: Strategy Analysis
2026-07-13 14:01:25,970 [INFO] Regime: Bull | Target Exposure: 1.00
2026-07-13 14:01:25,970 [INFO] >>> Step 4: Portfolio Status
2026-07-13 14:01:26,660 [INFO] Fetching Real-time prices from Broker...
2026-07-13 14:01:31,431 [INFO] Current Portfolio: Cash=$38,261, Value=$4,158,421
2026-07-13 14:01:31,431 [INFO] >>> Step 5: Monitoring (리밸런싱 인터벌 미충족, 1일 기준)
2026-07-13 14:01:31,998 [INFO] >>> Step 6: Archiving Data
2026-07-13 14:01:32,001 [INFO] Cycle Completed: regime=Bull exposure=1.00 orders=0 executions=0
2026-07-13 14:01:32,001 [INFO] ===== [my_isa] 계좌 실행 시작 =====
2026-07-13 14:01:32,961 [INFO] >>> Step 1: Data Collection
2026-07-13 14:01:32,961 [INFO] [Data] Fetching ['133690.KS'] history for 400 days...
2026-07-13 14:01:33,171 [INFO] [Data] VIX fetched: 15.03
2026-07-13 14:01:33,171 [INFO] >>> Step 2: Indicator Calculation
2026-07-13 14:01:33,173 [INFO] Market Data: Price=196505.00, VIX=15.03, MDD=-5.43%
2026-07-13 14:01:33,173 [INFO] >>> Step 3: Strategy Analysis
2026-07-13 14:01:33,173 [INFO] >>> VolManaged: vol=24.88% → L=0.88x (TIGER 미국나스닥100레버리지(합성) 0%, 위험 88%, 현금 12%)
2026-07-13 14:01:33,174 [INFO] Regime: Bull | Target Exposure: 0.88
2026-07-13 14:01:33,174 [INFO] >>> Step 4: Portfolio Status
2026-07-13 14:01:33,862 [INFO] Fetching Real-time prices from Broker...
2026-07-13 14:01:37,237 [INFO] Current Portfolio: Cash=$124,795, Value=$50,157,115
2026-07-13 14:01:37,238 [INFO] >>> Step 5: Monitoring (리밸런싱 인터벌 미충족, 1일 기준)
2026-07-13 14:01:37,936 [INFO] >>> Step 6: Archiving Data
2026-07-13 14:01:37,937 [INFO] Cycle Completed: regime=Bull exposure=0.88 orders=0 executions=0
