2026-06-02 14:59:48,013 [INFO] === Initializing Trading Bot (multi-account) ===
2026-06-02 14:59:48,014 [INFO] Loaded 1 account(s) from accounts.yaml
2026-06-02 14:59:48,014 [INFO] [my_test] engine=DomesticAsset5RealEngine market=domestic mode=LIVE
2026-06-02 14:59:48,014 [INFO] [KisBroker] 캐시에서 토큰 로드 (API 호출 생략)
2026-06-02 14:59:48,014 [INFO] [KisDomesticLiveBroker] Mode: LIVE TRADING
2026-06-02 14:59:48,015 [INFO] Restored previous regime: Bull
2026-06-02 14:59:48,916 [ERROR] [KisDomestic] Error getting portfolio: 500 Server Error: Internal Server Error for url: https://openapi.koreainvestment.com:9443/uapi/domestic-stock/v1/trading/inquire-balance?CANO=90005152&ACNT_PRDT_CD=01&AFHR_FLPR_YN=N&OFL_YN=&INQR_DVSN=01&UNPR_DVSN=01&FUND_STTL_ICLD_YN=N&FNCG_AMT_AUTO_RDPT_YN=N&PRCS_DVSN=00&CTX_AREA_FK100=&CTX_AREA_NK100=
2026-06-02 14:59:49,314 [INFO] >>> Step 1: Data Collection
2026-06-02 14:59:49,315 [INFO] [Data] Fetching ['SPY'] history for 400 days...
2026-06-02 14:59:49,562 [INFO] [Data] VIX fetched: 16.05
2026-06-02 14:59:49,562 [INFO] >>> Step 2: Indicator Calculation
2026-06-02 14:59:49,565 [INFO] Market Data: Price=758.54, VIX=16.05, MDD=0.00%
2026-06-02 14:59:49,565 [INFO] >>> Step 3: Strategy Analysis
2026-06-02 14:59:49,566 [INFO] Regime: Bull | Target Exposure: 1.00
2026-06-02 14:59:49,566 [INFO] >>> Step 4: Portfolio Status
2026-06-02 14:59:50,485 [INFO] Fetching Real-time prices from Broker...
2026-06-02 14:59:54,112 [INFO] Current Portfolio: Cash=$193,009, Value=$4,501,859
2026-06-02 14:59:54,113 [INFO] >>> Step 5: Rebalancing
2026-06-02 14:59:54,113 [INFO] [입력] Regime=Bull | TargetExposure=1.00 | TotalValue=$4,501,859.00 | Cash=$193,009.00
2026-06-02 14:59:54,113 [INFO] [포트폴리오 현황]
2026-06-02 14:59:54,113 [INFO]   A그룹(성장): $1,810,135.00 ( 40.2%)
2026-06-02 14:59:54,113 [INFO]   B그룹(안전): $2,498,715.00 ( 55.5%)
2026-06-02 14:59:54,113 [INFO]   C그룹(현금): $        0.00 (  0.0%)
2026-06-02 14:59:54,113 [INFO]   현금(예수금): $ 193,009.00 (  4.3%)
2026-06-02 14:59:54,113 [INFO] [비중 판정] ratio_A=0.420  ratio_B=0.580
2026-06-02 14:59:54,113 [INFO]   A 상대이탈: 5.0% | B 상대이탈: 3.3% | 임계치: 7.5% → 비율 유지 (리밸런싱 불필요)
2026-06-02 14:59:54,113 [INFO] [목표 금액]
2026-06-02 14:59:54,113 [INFO]   A그룹: 현재 $1,810,135.00 → 목표 $1,891,217.50  (exposure 1.00 × ratio 0.42)
2026-06-02 14:59:54,113 [INFO]   B그룹: 현재 $2,498,715.00 → 목표 $2,610,641.50  (exposure 1.00 × ratio 0.58)
2026-06-02 14:59:54,113 [INFO]   C그룹: 현재 $      0.00 → 목표 $      0.00  (잔여)
2026-06-02 14:59:54,114 [INFO] [A그룹(성장) 종목별]
2026-06-02 14:59:54,114 [INFO]   KODEX 코스피: 보유 11주 $992,475.00 → 목표 $945,608.75 | diff=-46,866.25 → SELL 1주 @$90225.00
2026-06-02 14:59:54,114 [INFO]   TIGER 미국나스닥100: 보유 4주 $817,660.00 → 목표 $945,608.75 | diff=+127,948.75 → 주문 없음 (수량 미달)
2026-06-02 14:59:54,114 [INFO] [B그룹(안전) 종목별]
2026-06-02 14:59:54,114 [INFO]   ACE 국고채10년: 보유 10주 $829,800.00 → 목표 $870,213.83 | diff=+40,413.83 → 주문 없음 (수량 미달)
2026-06-02 14:59:54,114 [INFO]   TIGER 미국채10년선물: 보유 63주 $859,320.00 → 목표 $870,213.83 | diff=+10,893.83 → 주문 없음 (수량 미달)
2026-06-02 14:59:54,114 [INFO]   ACE KRX금현물: 보유 27주 $809,595.00 → 목표 $870,213.83 | diff=+60,618.83 → BUY 2주 @$29985.00
2026-06-02 14:59:54,114 [INFO] [최종 주문] 주문 없음
2026-06-02 14:59:54,114 [INFO] [결정 사유] 비율 유지, 추가 주문 없음
2026-06-02 14:59:54,114 [INFO] No Rebalance Needed.
2026-06-02 14:59:54,220 [INFO] >>> Step 6: Archiving Data
2026-06-02 14:59:54,222 [INFO] Cycle Completed: regime=Bull exposure=1.00 orders=0 executions=0
