2026-06-26 10:01:01,606 [INFO] === Initializing Trading Bot (multi-account) ===
2026-06-26 10:01:01,607 [INFO] Loaded 1 account(s) from accounts.yaml
2026-06-26 10:01:01,607 [INFO] [my_test] engine=DomesticAsset5RealEngine market=domestic mode=LIVE
2026-06-26 10:01:02,217 [INFO] [KisBroker] 새 토큰 발급 완료 (expires_at=2026-06-27 01:01:02)
2026-06-26 10:01:02,218 [INFO] [KisDomesticLiveBroker] Mode: LIVE TRADING
2026-06-26 10:01:02,219 [INFO] Restored previous regime: Bull
2026-06-26 10:01:03,891 [INFO] >>> Step 1: Data Collection
2026-06-26 10:01:03,913 [INFO] [Data] Fetching ['SPY'] history for 400 days...
2026-06-26 10:01:04,404 [INFO] [Data] VIX fetched: 18.89
2026-06-26 10:01:04,404 [INFO] >>> Step 2: Indicator Calculation
2026-06-26 10:01:04,406 [INFO] Market Data: Price=734.30, VIX=18.89, MDD=-3.33%
2026-06-26 10:01:04,406 [INFO] >>> Step 3: Strategy Analysis
2026-06-26 10:01:04,406 [INFO] Regime: Bull | Target Exposure: 1.00
2026-06-26 10:01:04,406 [INFO] >>> Step 4: Portfolio Status
2026-06-26 10:01:05,128 [INFO] Fetching Real-time prices from Broker...
2026-06-26 10:01:09,874 [INFO] Current Portfolio: Cash=$65,346, Value=$4,421,251
2026-06-26 10:01:09,874 [INFO] >>> Step 5: Rebalancing
2026-06-26 10:01:09,874 [INFO] [입력] Regime=Bull | TargetExposure=1.00 | TotalValue=$4,421,251.00 | Cash=$65,346.00
2026-06-26 10:01:09,874 [INFO] [포트폴리오 현황]
2026-06-26 10:01:09,874 [INFO]   A그룹(성장): $1,784,100.00 ( 40.4%)
2026-06-26 10:01:09,874 [INFO]   B그룹(안전): $2,571,805.00 ( 58.2%)
2026-06-26 10:01:09,874 [INFO]   C그룹(현금): $        0.00 (  0.0%)
2026-06-26 10:01:09,874 [INFO]   현금(예수금): $  65,346.00 (  1.5%)
2026-06-26 10:01:09,874 [INFO] [비중 판정] ratio_A=0.410  ratio_B=0.590
2026-06-26 10:01:09,874 [INFO]   A 상대이탈: 2.4% | B 상대이탈: 1.6% | 임계치: 7.5% → 비율 유지 (리밸런싱 불필요)
2026-06-26 10:01:09,874 [INFO] [목표 금액]
2026-06-26 10:01:09,874 [INFO]   A그룹: 현재 $1,784,100.00 → 목표 $1,810,864.54  (exposure 1.00 × ratio 0.41)
2026-06-26 10:01:09,874 [INFO]   B그룹: 현재 $2,571,805.00 → 목표 $2,610,386.46  (exposure 1.00 × ratio 0.59)
2026-06-26 10:01:09,874 [INFO]   C그룹: 현재 $      0.00 → 목표 $      0.00  (잔여)
2026-06-26 10:01:09,875 [INFO] [A그룹(성장) 종목별]
2026-06-26 10:01:09,875 [INFO]   KODEX 코스피: 보유 11주 $977,900.00 → 목표 $905,432.27 | diff=-72,467.73 → SELL 1주 @$88900.00
2026-06-26 10:01:09,875 [INFO]   TIGER 미국나스닥100: 보유 4주 $806,200.00 → 목표 $905,432.27 | diff=+99,232.27 → 주문 없음 (수량 미달)
2026-06-26 10:01:09,875 [INFO] [B그룹(안전) 종목별]
2026-06-26 10:01:09,875 [INFO]   ACE 국고채10년: 보유 10주 $829,100.00 → 목표 $870,128.82 | diff=+41,028.82 → 주문 없음 (수량 미달)
2026-06-26 10:01:09,875 [INFO]   TIGER 미국채10년선물: 보유 64주 $894,080.00 → 목표 $870,128.82 | diff=-23,951.18 → SELL 2주 @$13970.00
2026-06-26 10:01:09,875 [INFO]   ACE KRX금현물: 보유 31주 $848,625.00 → 목표 $870,128.82 | diff=+21,503.82 → 주문 없음 (수량 미달)
2026-06-26 10:01:09,875 [INFO] [최종 주문] 주문 없음
2026-06-26 10:01:09,875 [INFO] [결정 사유] 비율 유지, 추가 주문 없음
2026-06-26 10:01:09,875 [INFO] No Rebalance Needed.
2026-06-26 10:01:10,455 [INFO] >>> Step 6: Archiving Data
2026-06-26 10:01:10,457 [INFO] Cycle Completed: regime=Bull exposure=1.00 orders=0 executions=0
