2026-08-06 10:01:06,134 [INFO] === Initializing Trading Bot (multi-account) ===
2026-08-06 10:01:06,137 [INFO] Loaded 4 account(s) from accounts.yaml
2026-08-06 10:01:06,137 [INFO] [my_test] engine=DomesticQldDipBuyEngine market=domestic mode=LIVE state=ACTIVE
2026-08-06 10:01:06,781 [INFO] [KisBroker] 새 토큰 발급 완료 (expires_at=2026-08-07 01:01:06)
2026-08-06 10:01:06,782 [INFO] [KisDomesticLiveBroker] Mode: LIVE TRADING
2026-08-06 10:01:06,783 [INFO] Restored previous regime: Bull
2026-08-06 10:01:06,783 [INFO] [my_isa] engine=DomesticVolManagedEngine market=domestic mode=LIVE state=INACTIVE(조회전용)
2026-08-06 10:01:07,360 [INFO] [KisBroker] 새 토큰 발급 완료 (expires_at=2026-08-07 01:01:07)
2026-08-06 10:01:07,361 [INFO] [KisDomesticLiveBroker] Mode: LIVE TRADING
2026-08-06 10:01:07,362 [INFO] Restored previous regime: Bull
2026-08-06 10:01:07,362 [INFO] [my_pension] engine=DomesticAsset5RealEngine market=domestic mode=LIVE state=INACTIVE(조회전용)
2026-08-06 10:01:07,986 [INFO] [KisBroker] 새 토큰 발급 완료 (expires_at=2026-08-07 01:01:07)
2026-08-06 10:01:07,987 [INFO] [KisDomesticLiveBroker] Mode: LIVE TRADING
2026-08-06 10:01:07,988 [INFO] Restored previous regime: Bull
2026-08-06 10:01:07,988 [INFO] [my_irp] engine=DomesticAsset5RealEngine market=domestic mode=LIVE state=INACTIVE(조회전용)
2026-08-06 10:01:08,522 [INFO] [KisBroker] 새 토큰 발급 완료 (expires_at=2026-08-07 01:01:08)
2026-08-06 10:01:08,523 [INFO] [KisDomesticLiveBroker] Mode: LIVE TRADING
2026-08-06 10:01:08,524 [INFO] Restored previous regime: Bull
2026-08-06 10:01:08,524 [INFO] ===== [my_test] 계좌 실행 시작 =====
2026-08-06 10:01:08,524 [INFO] >>> Step 1: Data Collection
2026-08-06 10:01:08,525 [INFO] [Data] Fetching ['SPY'] history for 400 days...
2026-08-06 10:01:08,926 [INFO] [Data] Fetching ['418660.KS'] history for 400 days...
2026-08-06 10:01:09,173 [INFO] [Data] VIX fetched: 15.81
2026-08-06 10:01:09,173 [INFO] >>> Step 2: Indicator Calculation
2026-08-06 10:01:09,180 [INFO] Market Data: Price=769.79, VIX=15.81, MDD=-0.20%
2026-08-06 10:01:09,181 [INFO] >>> Step 3: Strategy Analysis
2026-08-06 10:01:09,181 [INFO] Regime: Bull | Target Exposure: 1.00
2026-08-06 10:01:09,181 [INFO] >>> Step 4: Portfolio Status
2026-08-06 10:01:09,855 [WARNING] [KisDomestic] Portfolio API HTTP 500; retrying (2/3)
2026-08-06 10:01:11,552 [INFO] Fetching Real-time prices from Broker...
2026-08-06 10:01:14,317 [INFO] Current Portfolio: Cash=$9,995, Value=$10,529,160
2026-08-06 10:01:14,474 [INFO] >>> Step 5: DomesticQldDipBuy (IDLE  분할매수 418660.KS 1주)
2026-08-06 10:01:14,474 [INFO] Executing 2 orders (IDLE  분할매수 418660.KS 1주)
2026-08-06 10:01:14,474 [INFO] [KisBroker] Processing 1 SELL orders...
2026-08-06 10:01:16,060 [INFO] [KisDomestic] Order Sent: SELL 486290.KS 3 @ 10855 (ODNO=0012403100)
2026-08-06 10:01:16,965 [INFO] [KisDomestic] Order FILLED: 486290.KS ODNO=0012403100 price=10855.0 qty=3 fee=4.8847499999999995
2026-08-06 10:01:19,814 [INFO] [KisBroker] Available Cash for BUY: 42,560
2026-08-06 10:01:20,351 [WARNING] ⚠️ Qty Adjusted: 418660.KS 1 -> 0
2026-08-06 10:01:20,352 [INFO] Order Summary: total=2 filled=1 partial=0 ordered=0 cancelled=0 skipped=1 rejected=0 error=0
2026-08-06 10:01:24,477 [INFO] Updated Portfolio: Cash=$42,560, Value=$10,524,040
2026-08-06 10:01:24,477 [INFO] >>> Step 6: Archiving Data
2026-08-06 10:01:24,484 [INFO] Cycle Completed: regime=Bull exposure=1.00 orders=2 executions=1
2026-08-06 10:01:24,485 [INFO] ===== [my_isa] 계좌 실행 시작 =====
2026-08-06 10:01:24,485 [INFO] >>> Step 1: Data Collection
2026-08-06 10:01:24,485 [INFO] [Data] Fetching ['133690.KS'] history for 400 days...
2026-08-06 10:01:24,691 [INFO] [Data] VIX fetched: 15.81
2026-08-06 10:01:24,692 [INFO] >>> Step 2: Indicator Calculation
2026-08-06 10:01:24,695 [INFO] Market Data: Price=185187.00, VIX=15.81, MDD=-10.87%
2026-08-06 10:01:24,695 [INFO] >>> Step 3: Strategy Analysis
2026-08-06 10:01:24,695 [INFO] >>> VolManaged: vol=29.32% → L=0.75x (TIGER 미국나스닥100레버리지(합성) 0%, 위험 75%, 현금 25%)
2026-08-06 10:01:24,695 [INFO] Regime: Bull | Target Exposure: 0.75
2026-08-06 10:01:24,695 [INFO] >>> Step 4: Portfolio Status
2026-08-06 10:01:25,354 [INFO] Fetching Real-time prices from Broker...
2026-08-06 10:01:29,177 [INFO] Current Portfolio: Cash=$165,778, Value=$41,299,288
2026-08-06 10:01:29,380 [INFO] >>> Step 5: Deactivated (조회 전용, 매매 스킵)
2026-08-06 10:01:29,380 [INFO] >>> Step 6: Archiving Data
2026-08-06 10:01:29,382 [INFO] Cycle Completed: regime=Bull exposure=0.75 orders=0 executions=0
2026-08-06 10:01:29,382 [INFO] ===== [my_pension] 계좌 실행 시작 =====
2026-08-06 10:01:29,382 [INFO] >>> Step 1: Data Collection
2026-08-06 10:01:29,383 [INFO] [Data] Fetching ['SPY'] history for 400 days...
2026-08-06 10:01:29,564 [INFO] [Data] VIX fetched: 15.81
2026-08-06 10:01:29,565 [INFO] >>> Step 2: Indicator Calculation
2026-08-06 10:01:29,568 [INFO] Market Data: Price=769.79, VIX=15.81, MDD=-0.20%
2026-08-06 10:01:29,568 [INFO] >>> Step 3: Strategy Analysis
2026-08-06 10:01:29,568 [INFO] Regime: Bull | Target Exposure: 1.00
2026-08-06 10:01:29,568 [INFO] >>> Step 4: Portfolio Status
2026-08-06 10:01:30,240 [INFO] Fetching Real-time prices from Broker...
2026-08-06 10:01:36,238 [INFO] Current Portfolio: Cash=$225,218, Value=$41,812,038
2026-08-06 10:01:36,584 [INFO] >>> Step 5: Deactivated (조회 전용, 매매 스킵)
2026-08-06 10:01:36,585 [INFO] >>> Step 6: Archiving Data
2026-08-06 10:01:36,586 [INFO] Cycle Completed: regime=Bull exposure=1.00 orders=0 executions=0
2026-08-06 10:01:36,586 [INFO] ===== [my_irp] 계좌 실행 시작 =====
2026-08-06 10:01:36,586 [INFO] >>> Step 1: Data Collection
2026-08-06 10:01:36,586 [INFO] [Data] Fetching ['SPY'] history for 400 days...
2026-08-06 10:01:36,756 [INFO] [Data] VIX fetched: 15.81
2026-08-06 10:01:36,757 [INFO] >>> Step 2: Indicator Calculation
2026-08-06 10:01:36,760 [INFO] Market Data: Price=769.79, VIX=15.81, MDD=-0.20%
2026-08-06 10:01:36,760 [INFO] >>> Step 3: Strategy Analysis
2026-08-06 10:01:36,760 [INFO] Regime: Bull | Target Exposure: 1.00
2026-08-06 10:01:36,760 [INFO] >>> Step 4: Portfolio Status
2026-08-06 10:01:37,423 [INFO] Fetching Real-time prices from Broker...
2026-08-06 10:01:43,489 [INFO] Current Portfolio: Cash=$45,340, Value=$16,060,440
2026-08-06 10:01:43,801 [INFO] >>> Step 5: Deactivated (조회 전용, 매매 스킵)
2026-08-06 10:01:43,801 [INFO] >>> Step 6: Archiving Data
2026-08-06 10:01:43,802 [INFO] Cycle Completed: regime=Bull exposure=1.00 orders=0 executions=0
2026-08-06 14:01:05,547 [INFO] === Initializing Trading Bot (multi-account) ===
2026-08-06 14:01:05,550 [INFO] Loaded 4 account(s) from accounts.yaml
2026-08-06 14:01:05,550 [INFO] [my_test] engine=DomesticQldDipBuyEngine market=domestic mode=LIVE state=ACTIVE
2026-08-06 14:01:05,551 [INFO] [KisBroker] 캐시에서 토큰 로드 (API 호출 생략)
2026-08-06 14:01:05,551 [INFO] [KisDomesticLiveBroker] Mode: LIVE TRADING
2026-08-06 14:01:05,552 [INFO] Restored previous regime: Bull
2026-08-06 14:01:05,552 [INFO] [my_isa] engine=DomesticVolManagedEngine market=domestic mode=LIVE state=INACTIVE(조회전용)
2026-08-06 14:01:05,552 [INFO] [KisBroker] 캐시에서 토큰 로드 (API 호출 생략)
2026-08-06 14:01:05,552 [INFO] [KisDomesticLiveBroker] Mode: LIVE TRADING
2026-08-06 14:01:05,553 [INFO] Restored previous regime: Bull
2026-08-06 14:01:05,553 [INFO] [my_pension] engine=DomesticAsset5RealEngine market=domestic mode=LIVE state=INACTIVE(조회전용)
2026-08-06 14:01:05,553 [INFO] [KisBroker] 캐시에서 토큰 로드 (API 호출 생략)
2026-08-06 14:01:05,553 [INFO] [KisDomesticLiveBroker] Mode: LIVE TRADING
2026-08-06 14:01:05,554 [INFO] Restored previous regime: Bull
2026-08-06 14:01:05,554 [INFO] [my_irp] engine=DomesticAsset5RealEngine market=domestic mode=LIVE state=INACTIVE(조회전용)
2026-08-06 14:01:05,554 [INFO] [KisBroker] 캐시에서 토큰 로드 (API 호출 생략)
2026-08-06 14:01:05,554 [INFO] [KisDomesticLiveBroker] Mode: LIVE TRADING
2026-08-06 14:01:05,555 [INFO] Restored previous regime: Bull
2026-08-06 14:01:05,556 [INFO] ===== [my_test] 계좌 실행 시작 =====
2026-08-06 14:01:05,556 [INFO] >>> Step 1: Data Collection
2026-08-06 14:01:05,556 [INFO] [Data] Fetching ['SPY'] history for 400 days...
2026-08-06 14:01:05,920 [INFO] [Data] Fetching ['418660.KS'] history for 400 days...
2026-08-06 14:01:06,154 [INFO] [Data] VIX fetched: 15.81
2026-08-06 14:01:06,154 [INFO] >>> Step 2: Indicator Calculation
2026-08-06 14:01:06,158 [INFO] Market Data: Price=757.67, VIX=15.81, MDD=-0.25%
2026-08-06 14:01:06,158 [INFO] >>> Step 3: Strategy Analysis
2026-08-06 14:01:06,158 [INFO] Regime: Bull | Target Exposure: 1.00
2026-08-06 14:01:06,158 [INFO] >>> Step 4: Portfolio Status
2026-08-06 14:01:06,944 [INFO] Fetching Real-time prices from Broker...
2026-08-06 14:01:10,238 [INFO] Current Portfolio: Cash=$42,560, Value=$10,557,855
2026-08-06 14:01:10,459 [INFO] >>> Step 5: DomesticQldDipBuy (waiting (invalid signal))
2026-08-06 14:01:10,460 [INFO] No Rebalance Needed.
2026-08-06 14:01:10,460 [INFO] >>> Step 6: Archiving Data
2026-08-06 14:01:10,466 [INFO] Cycle Completed: regime=Bull exposure=1.00 orders=0 executions=0
2026-08-06 14:01:10,466 [INFO] ===== [my_isa] 계좌 실행 시작 =====
2026-08-06 14:01:10,466 [INFO] >>> Step 1: Data Collection
2026-08-06 14:01:10,466 [INFO] [Data] Fetching ['133690.KS'] history for 400 days...
2026-08-06 14:01:10,674 [INFO] [Data] VIX fetched: 15.81
2026-08-06 14:01:10,674 [INFO] >>> Step 2: Indicator Calculation
2026-08-06 14:01:10,675 [ERROR] [my_isa] Critical Error:
Traceback (most recent call last):
  File "/home/runner/work/StockAsset/StockAsset/src/main.py", line 166, in _run_one_account
    runner.engine.run_one_cycle(self.data_loader)
  File "/home/runner/work/StockAsset/StockAsset/src/../src/core/engine/base.py", line 149, in run_one_cycle
    market_data = self.calculate_indicators(collected)
  File "/home/runner/work/StockAsset/StockAsset/src/../src/core/engine/base.py", line 232, in calculate_indicators
    market_data = self.calculator.calculate(collected.reference, collected.vix)
  File "/home/runner/work/StockAsset/StockAsset/src/../src/core/indicators.py", line 19, in calculate
    raise ValueError(
ValueError: Data insufficient: Need at least 253 rows (trading days), but got 11.

2026-08-06 14:01:10,897 [INFO] ===== [my_pension] 계좌 실행 시작 =====
2026-08-06 14:01:10,898 [INFO] >>> Step 1: Data Collection
2026-08-06 14:01:10,898 [INFO] [Data] Fetching ['SPY'] history for 400 days...
2026-08-06 14:01:11,093 [INFO] [Data] VIX fetched: 15.81
2026-08-06 14:01:11,094 [INFO] >>> Step 2: Indicator Calculation
2026-08-06 14:01:11,097 [INFO] Market Data: Price=757.67, VIX=15.81, MDD=-0.25%
2026-08-06 14:01:11,097 [INFO] >>> Step 3: Strategy Analysis
2026-08-06 14:01:11,097 [INFO] Regime: Bull | Target Exposure: 1.00
2026-08-06 14:01:11,097 [INFO] >>> Step 4: Portfolio Status
2026-08-06 14:01:11,893 [INFO] Fetching Real-time prices from Broker...
2026-08-06 14:01:19,178 [INFO] Current Portfolio: Cash=$225,218, Value=$41,913,873
2026-08-06 14:01:19,475 [INFO] >>> Step 5: Deactivated (조회 전용, 매매 스킵)
2026-08-06 14:01:19,475 [INFO] >>> Step 6: Archiving Data
2026-08-06 14:01:19,476 [INFO] Cycle Completed: regime=Bull exposure=1.00 orders=0 executions=0
2026-08-06 14:01:19,476 [INFO] ===== [my_irp] 계좌 실행 시작 =====
2026-08-06 14:01:19,477 [INFO] >>> Step 1: Data Collection
2026-08-06 14:01:19,477 [INFO] [Data] Fetching ['SPY'] history for 400 days...
2026-08-06 14:01:19,751 [INFO] [Data] VIX fetched: 15.86
2026-08-06 14:01:19,751 [INFO] >>> Step 2: Indicator Calculation
2026-08-06 14:01:19,754 [INFO] Market Data: Price=757.67, VIX=15.86, MDD=-0.25%
2026-08-06 14:01:19,755 [INFO] >>> Step 3: Strategy Analysis
2026-08-06 14:01:19,755 [INFO] Regime: Bull | Target Exposure: 1.00
2026-08-06 14:01:19,755 [INFO] >>> Step 4: Portfolio Status
2026-08-06 14:01:20,536 [INFO] Fetching Real-time prices from Broker...
2026-08-06 14:01:27,913 [INFO] Current Portfolio: Cash=$45,340, Value=$16,061,360
2026-08-06 14:01:28,168 [INFO] >>> Step 5: Deactivated (조회 전용, 매매 스킵)
2026-08-06 14:01:28,168 [INFO] >>> Step 6: Archiving Data
2026-08-06 14:01:28,170 [INFO] Cycle Completed: regime=Bull exposure=1.00 orders=0 executions=0
