2026-05-20 14:13:59,018 [INFO] === Initializing Trading Bot (multi-account) ===
2026-05-20 14:13:59,019 [INFO] Loaded 1 account(s) from accounts.yaml
2026-05-20 14:13:59,019 [INFO] [my_test] engine=DomesticAsset5RealEngine market=domestic mode=LIVE
2026-05-20 14:13:59,650 [INFO] [KisBroker] 새 토큰 발급 완료 (expires_at=2026-05-21 05:13:59)
2026-05-20 14:13:59,651 [INFO] [KisDomesticLiveBroker] Mode: LIVE TRADING
2026-05-20 14:13:59,654 [INFO] Restored previous regime: Bull
2026-05-20 14:14:00,802 [INFO] >>> Step 1: Data Collection
2026-05-20 14:14:00,802 [INFO] [Data] Fetching ['SPY'] history for 400 days...
2026-05-20 14:14:01,163 [INFO] [Data] VIX fetched: 18.06
2026-05-20 14:14:01,163 [INFO] >>> Step 2: Indicator Calculation
2026-05-20 14:14:01,165 [INFO] Market Data: Price=733.73, VIX=18.06, MDD=-1.93%
2026-05-20 14:14:01,165 [INFO] >>> Step 3: Strategy Analysis
2026-05-20 14:14:01,165 [INFO] Regime: Bull | Target Exposure: 1.00
2026-05-20 14:14:01,165 [INFO] >>> Step 4: Portfolio Status
2026-05-20 14:14:01,832 [INFO] Fetching Real-time prices from Broker...
2026-05-20 14:14:04,714 [INFO] Current Portfolio: Cash=$193,009, Value=$4,241,474
2026-05-20 14:14:04,714 [INFO] >>> Step 5: Rebalancing
2026-05-20 14:14:04,714 [INFO] [입력] Regime=Bull | TargetExposure=1.00 | TotalValue=$4,241,474.00 | Cash=$193,009.00
2026-05-20 14:14:04,714 [INFO] [포트폴리오 현황]
2026-05-20 14:14:04,714 [INFO]   A그룹(성장): $1,575,315.00 ( 37.1%)
2026-05-20 14:14:04,714 [INFO]   B그룹(안전): $2,473,150.00 ( 58.3%)
2026-05-20 14:14:04,714 [INFO]   C그룹(현금): $        0.00 (  0.0%)
2026-05-20 14:14:04,714 [INFO]   현금(예수금): $ 193,009.00 (  4.6%)
2026-05-20 14:14:04,714 [INFO] [비중 판정] ratio_A=0.389  ratio_B=0.611
2026-05-20 14:14:04,715 [INFO]   A 상대이탈: 2.7% | B 상대이탈: 1.8% | 임계치: 7.5% → 비율 유지 (리밸런싱 불필요)
2026-05-20 14:14:04,715 [INFO] [목표 금액]
2026-05-20 14:14:04,715 [INFO]   A그룹: 현재 $1,575,315.00 → 목표 $1,650,417.53  (exposure 1.00 × ratio 0.39)
2026-05-20 14:14:04,715 [INFO]   B그룹: 현재 $2,473,150.00 → 목표 $2,591,056.47  (exposure 1.00 × ratio 0.61)
2026-05-20 14:14:04,715 [INFO]   C그룹: 현재 $      0.00 → 목표 $      0.00  (잔여)
2026-05-20 14:14:04,715 [INFO] [A그룹(성장) 종목별]
2026-05-20 14:14:04,715 [INFO]   KODEX 코스피: 보유 11주 $804,375.00 → 목표 $825,208.77 | diff=+20,833.77 → 주문 없음 (수량 미달)
2026-05-20 14:14:04,715 [INFO]   TIGER 미국나스닥100: 보유 4주 $770,940.00 → 목표 $825,208.77 | diff=+54,268.77 → 주문 없음 (수량 미달)
2026-05-20 14:14:04,715 [INFO] [B그룹(안전) 종목별]
2026-05-20 14:14:04,715 [INFO]   ACE 국고채10년: 보유 10주 $822,550.00 → 목표 $863,685.49 | diff=+41,135.49 → 주문 없음 (수량 미달)
2026-05-20 14:14:04,715 [INFO]   TIGER 미국채10년선물: 보유 63주 $844,515.00 → 목표 $863,685.49 | diff=+19,170.49 → BUY 1주 @$13405.00
2026-05-20 14:14:04,715 [INFO]   ACE KRX금현물: 보유 27주 $806,085.00 → 목표 $863,685.49 | diff=+57,600.49 → BUY 1주 @$29855.00
2026-05-20 14:14:04,715 [INFO] [최종 주문] 주문 없음
2026-05-20 14:14:04,715 [INFO] [결정 사유] 비율 유지, 추가 주문 없음
2026-05-20 14:14:04,715 [INFO] No Rebalance Needed.
2026-05-20 14:14:04,907 [INFO] >>> Step 6: Archiving Data
2026-05-20 14:14:04,909 [INFO] Cycle Completed: regime=Bull exposure=1.00 orders=0 executions=0
