2026-05-04 13:48:28,111 [INFO] === Initializing Trading Bot (multi-account) ===
2026-05-04 13:48:28,112 [INFO] Loaded 1 account(s) from accounts.yaml
2026-05-04 13:48:28,112 [INFO] [my_test] engine=DomesticAsset5RealEngine market=domestic mode=LIVE
2026-05-04 13:48:28,779 [INFO] [KisBroker] 새 토큰 발급 완료 (expires_at=2026-05-05 04:48:28)
2026-05-04 13:48:28,780 [INFO] [KisDomesticLiveBroker] Mode: LIVE TRADING
2026-05-04 13:48:28,781 [INFO] Restored previous regime: Bull
2026-05-04 13:48:30,401 [INFO] >>> Step 1: Data Collection
2026-05-04 13:48:30,401 [INFO] [Data] Fetching ['SPY'] history for 400 days...
2026-05-04 13:48:30,956 [INFO] [Data] VIX fetched: 16.99
2026-05-04 13:48:30,956 [INFO] >>> Step 2: Indicator Calculation
2026-05-04 13:48:30,959 [INFO] Market Data: Price=720.65, VIX=16.99, MDD=0.00%
2026-05-04 13:48:30,959 [INFO] >>> Step 3: Strategy Analysis
2026-05-04 13:48:30,959 [INFO] Regime: Bull | Target Exposure: 1.00
2026-05-04 13:48:30,959 [INFO] >>> Step 4: Portfolio Status
2026-05-04 13:48:31,645 [INFO] Fetching Real-time prices from Broker...
2026-05-04 13:48:34,541 [INFO] Current Portfolio: Cash=$251,383, Value=$4,181,773
2026-05-04 13:48:34,542 [INFO] >>> Step 5: Rebalancing
2026-05-04 13:48:34,542 [INFO] [입력] Regime=Bull | TargetExposure=1.00 | TotalValue=$4,181,773.00 | Cash=$251,383.00
2026-05-04 13:48:34,542 [INFO] [포트폴리오 현황]
2026-05-04 13:48:34,542 [INFO]   A그룹(성장): $1,573,540.00 ( 37.6%)
2026-05-04 13:48:34,542 [INFO]   B그룹(안전): $2,356,850.00 ( 56.4%)
2026-05-04 13:48:34,542 [INFO]   C그룹(현금): $        0.00 (  0.0%)
2026-05-04 13:48:34,542 [INFO]   현금(예수금): $ 251,383.00 (  6.0%)
2026-05-04 13:48:34,543 [INFO] [비중 판정] ratio_A=0.400  ratio_B=0.600
2026-05-04 13:48:34,543 [INFO]   A 상대이탈: 0.1% | B 상대이탈: 0.1% | 임계치: 7.5% → 비율 유지 (리밸런싱 불필요)
2026-05-04 13:48:34,543 [INFO] [목표 금액]
2026-05-04 13:48:34,543 [INFO]   A그룹: 현재 $1,573,540.00 → 목표 $1,674,181.72  (exposure 1.00 × ratio 0.40)
2026-05-04 13:48:34,543 [INFO]   B그룹: 현재 $2,356,850.00 → 목표 $2,507,591.28  (exposure 1.00 × ratio 0.60)
2026-05-04 13:48:34,543 [INFO]   C그룹: 현재 $      0.00 → 목표 $      0.00  (잔여)
2026-05-04 13:48:34,543 [INFO] [A그룹(성장) 종목별]
2026-05-04 13:48:34,543 [INFO]   KODEX 코스피: 보유 12주 $848,760.00 → 목표 $837,090.86 | diff=-11,669.14 → SELL 1주 @$70730.00
2026-05-04 13:48:34,543 [INFO]   TIGER 미국나스닥100: 보유 4주 $724,780.00 → 목표 $837,090.86 | diff=+112,310.86 → 주문 없음 (수량 미달)
2026-05-04 13:48:34,543 [INFO] [B그룹(안전) 종목별]
2026-05-04 13:48:34,543 [INFO]   ACE 국고채10년: 보유 9주 $755,460.00 → 목표 $835,863.76 | diff=+80,403.76 → 주문 없음 (수량 미달)
2026-05-04 13:48:34,543 [INFO]   TIGER 미국채10년선물: 보유 61주 $810,080.00 → 목표 $835,863.76 | diff=+25,783.76 → BUY 1주 @$13280.00
2026-05-04 13:48:34,543 [INFO]   ACE KRX금현물: 보유 26주 $791,310.00 → 목표 $835,863.76 | diff=+44,553.76 → BUY 1주 @$30435.00
2026-05-04 13:48:34,543 [INFO] [최종 주문] 주문 없음
2026-05-04 13:48:34,543 [INFO] [결정 사유] 비율 유지, 추가 주문 없음
2026-05-04 13:48:34,543 [INFO] No Rebalance Needed.
2026-05-04 13:48:34,901 [INFO] >>> Step 6: Archiving Data
2026-05-04 13:48:34,902 [INFO] Cycle Completed: regime=Bull exposure=1.00 orders=0 executions=0
