2026-05-18 14:15:50,370 [INFO] === Initializing Trading Bot (multi-account) ===
2026-05-18 14:15:50,371 [INFO] Loaded 1 account(s) from accounts.yaml
2026-05-18 14:15:50,371 [INFO] [my_test] engine=DomesticAsset5RealEngine market=domestic mode=LIVE
2026-05-18 14:15:51,164 [INFO] [KisBroker] 새 토큰 발급 완료 (expires_at=2026-05-19 05:15:51)
2026-05-18 14:15:51,165 [INFO] [KisDomesticLiveBroker] Mode: LIVE TRADING
2026-05-18 14:15:51,166 [INFO] Restored previous regime: Bull
2026-05-18 14:15:52,530 [INFO] >>> Step 1: Data Collection
2026-05-18 14:15:52,530 [INFO] [Data] Fetching ['SPY'] history for 400 days...
2026-05-18 14:15:53,128 [INFO] [Data] VIX fetched: 18.43
2026-05-18 14:15:53,128 [INFO] >>> Step 2: Indicator Calculation
2026-05-18 14:15:53,131 [INFO] Market Data: Price=739.17, VIX=18.43, MDD=-1.20%
2026-05-18 14:15:53,131 [INFO] >>> Step 3: Strategy Analysis
2026-05-18 14:15:53,131 [INFO] Regime: Bull | Target Exposure: 1.00
2026-05-18 14:15:53,131 [INFO] >>> Step 4: Portfolio Status
2026-05-18 14:15:53,933 [INFO] Fetching Real-time prices from Broker...
2026-05-18 14:15:57,425 [INFO] Current Portfolio: Cash=$193,009, Value=$4,292,419
2026-05-18 14:15:57,426 [INFO] >>> Step 5: Rebalancing
2026-05-18 14:15:57,426 [INFO] [입력] Regime=Bull | TargetExposure=1.00 | TotalValue=$4,292,419.00 | Cash=$193,009.00
2026-05-18 14:15:57,426 [INFO] [포트폴리오 현황]
2026-05-18 14:15:57,426 [INFO]   A그룹(성장): $1,618,440.00 ( 37.7%)
2026-05-18 14:15:57,426 [INFO]   B그룹(안전): $2,480,970.00 ( 57.8%)
2026-05-18 14:15:57,426 [INFO]   C그룹(현금): $        0.00 (  0.0%)
2026-05-18 14:15:57,426 [INFO]   현금(예수금): $ 193,009.00 (  4.5%)
2026-05-18 14:15:57,426 [INFO] [비중 판정] ratio_A=0.395  ratio_B=0.605
2026-05-18 14:15:57,427 [INFO]   A 상대이탈: 1.3% | B 상대이탈: 0.9% | 임계치: 7.5% → 비율 유지 (리밸런싱 불필요)
2026-05-18 14:15:57,427 [INFO] [목표 금액]
2026-05-18 14:15:57,427 [INFO]   A그룹: 현재 $1,618,440.00 → 목표 $1,694,639.62  (exposure 1.00 × ratio 0.39)
2026-05-18 14:15:57,427 [INFO]   B그룹: 현재 $2,480,970.00 → 목표 $2,597,779.38  (exposure 1.00 × ratio 0.61)
2026-05-18 14:15:57,427 [INFO]   C그룹: 현재 $      0.00 → 목표 $      0.00  (잔여)
2026-05-18 14:15:57,427 [INFO] [A그룹(성장) 종목별]
2026-05-18 14:15:57,427 [INFO]   KODEX 코스피: 보유 11주 $847,000.00 → 목표 $847,319.81 | diff=+319.81 → 주문 없음 (수량 미달)
2026-05-18 14:15:57,427 [INFO]   TIGER 미국나스닥100: 보유 4주 $771,440.00 → 목표 $847,319.81 | diff=+75,879.81 → 주문 없음 (수량 미달)
2026-05-18 14:15:57,427 [INFO] [B그룹(안전) 종목별]
2026-05-18 14:15:57,427 [INFO]   ACE 국고채10년: 보유 10주 $820,200.00 → 목표 $865,926.46 | diff=+45,726.46 → 주문 없음 (수량 미달)
2026-05-18 14:15:57,427 [INFO]   TIGER 미국채10년선물: 보유 63주 $842,940.00 → 목표 $865,926.46 | diff=+22,986.46 → BUY 1주 @$13380.00
2026-05-18 14:15:57,427 [INFO]   ACE KRX금현물: 보유 27주 $817,830.00 → 목표 $865,926.46 | diff=+48,096.46 → BUY 1주 @$30290.00
2026-05-18 14:15:57,427 [INFO] [최종 주문] 주문 없음
2026-05-18 14:15:57,427 [INFO] [결정 사유] 비율 유지, 추가 주문 없음
2026-05-18 14:15:57,427 [INFO] No Rebalance Needed.
2026-05-18 14:15:57,546 [INFO] >>> Step 6: Archiving Data
2026-05-18 14:15:57,548 [INFO] Cycle Completed: regime=Bull exposure=1.00 orders=0 executions=0
