2026-09-03 10:00:58,166 [INFO] === Initializing Trading Bot (multi-account) ===
2026-09-03 10:00:58,168 [INFO] Loaded 4 account(s) from accounts.yaml
2026-09-03 10:00:58,168 [INFO] [my_test] engine=DomesticQldDipBuyEngine market=domestic mode=LIVE state=ACTIVE
2026-09-03 10:00:58,930 [INFO] [KisBroker] 새 토큰 발급 완료 (expires_at=2026-09-04 01:00:58)
2026-09-03 10:00:58,931 [INFO] [KisDomesticLiveBroker] Mode: LIVE TRADING
2026-09-03 10:00:58,940 [INFO] Restored previous regime: Bull
2026-09-03 10:00:58,940 [INFO] [my_isa] engine=DomesticVolManagedEngine market=domestic mode=LIVE state=INACTIVE(조회전용)
2026-09-03 10:00:59,532 [INFO] [KisBroker] 새 토큰 발급 완료 (expires_at=2026-09-04 01:00:59)
2026-09-03 10:00:59,533 [INFO] [KisDomesticLiveBroker] Mode: LIVE TRADING
2026-09-03 10:00:59,563 [INFO] Restored previous regime: Bear_Weak
2026-09-03 10:00:59,563 [INFO] [my_pension] engine=DomesticAsset5RealEngine market=domestic mode=LIVE state=INACTIVE(조회전용)
2026-09-03 10:01:00,251 [INFO] [KisBroker] 새 토큰 발급 완료 (expires_at=2026-09-04 01:01:00)
2026-09-03 10:01:00,252 [INFO] [KisDomesticLiveBroker] Mode: LIVE TRADING
2026-09-03 10:01:00,362 [INFO] Restored previous regime: Bull
2026-09-03 10:01:00,362 [INFO] [my_irp] engine=DomesticAsset5RealEngine market=domestic mode=LIVE state=INACTIVE(조회전용)
2026-09-03 10:01:00,916 [INFO] [KisBroker] 새 토큰 발급 완료 (expires_at=2026-09-04 01:01:00)
2026-09-03 10:01:00,917 [INFO] [KisDomesticLiveBroker] Mode: LIVE TRADING
2026-09-03 10:01:00,919 [INFO] Restored previous regime: Bull
2026-09-03 10:01:00,919 [INFO] ===== [my_test] 계좌 실행 시작 =====
2026-09-03 10:01:00,919 [INFO] >>> Step 1: Data Collection
2026-09-03 10:01:00,919 [INFO] [Data] Fetching ['SPY'] history for 400 days...
2026-09-03 10:01:01,667 [INFO] [Data] Fetching ['418660.KS'] history for 400 days...
2026-09-03 10:01:02,481 [INFO] [Data] VIX fetched: 15.20
2026-09-03 10:01:02,481 [INFO] >>> Step 2: Indicator Calculation
2026-09-03 10:01:02,485 [INFO] Market Data: Price=761.78, VIX=15.20, MDD=-2.07%
2026-09-03 10:01:02,485 [INFO] >>> Step 3: Strategy Analysis
2026-09-03 10:01:02,486 [INFO] Regime: Bull | Target Exposure: 1.00
2026-09-03 10:01:02,486 [INFO] >>> Step 4: Portfolio Status
2026-09-03 10:01:03,200 [INFO] Fetching Real-time prices from Broker...
2026-09-03 10:01:06,527 [INFO] Current Portfolio: Cash=$199,254, Value=$10,108,474
2026-09-03 10:01:06,779 [INFO] >>> Step 5: DomesticQldDipBuy (BUY_STAGE_1 1/10 분할매수 418660.KS 5주)
2026-09-03 10:01:06,779 [INFO] Executing 1 orders (BUY_STAGE_1 1/10 분할매수 418660.KS 5주)
2026-09-03 10:01:07,470 [INFO] [KisBroker] Available Cash for BUY: 199,254
2026-09-03 10:01:10,201 [ERROR] [KisDomestic] Order Failed: BUY 418660.KS qty=5 @ 37785 — 해당종목은 기본예탁금 충족한 계좌만 매수주문가능합니다
2026-09-03 10:01:10,402 [INFO] Order Summary: total=1 filled=0 partial=0 ordered=0 cancelled=0 skipped=0 rejected=1 error=0
2026-09-03 10:01:10,402 [ERROR] ⚠️ Order Result Alert
날짜: 2026-09-03
- BUY 418660.KS 5주: REJECTED — 해당종목은 기본예탁금 충족한 계좌만 매수주문가능합니다
2026-09-03 10:01:11,083 [INFO] >>> Step 6: Archiving Data
2026-09-03 10:01:11,087 [INFO] Cycle Completed: regime=Bull exposure=1.00 orders=1 executions=0
2026-09-03 10:01:11,088 [INFO] ===== [my_isa] 계좌 실행 시작 =====
2026-09-03 10:01:11,088 [INFO] >>> Step 1: Data Collection
2026-09-03 10:01:11,088 [INFO] [Data] Fetching ['133690.KS'] history for 400 days...
2026-09-03 10:01:11,385 [INFO] [Data] VIX fetched: 15.20
2026-09-03 10:01:11,385 [INFO] >>> Step 2: Indicator Calculation
2026-09-03 10:01:11,387 [INFO] Market Data: Price=175437.00, VIX=15.20, MDD=-15.57%
2026-09-03 10:01:11,387 [INFO] >>> Step 3: Strategy Analysis
2026-09-03 10:01:11,387 [INFO] >>> VolManaged: vol=17.82% → L=1.23x (TIGER 미국나스닥100레버리지(합성) 23%, 위험 100%, 현금 0%)
2026-09-03 10:01:11,387 [INFO] Regime: Bear_Weak | Target Exposure: 1.00
2026-09-03 10:01:11,387 [INFO] >>> Step 4: Portfolio Status
2026-09-03 10:01:12,047 [INFO] Fetching Real-time prices from Broker...
2026-09-03 10:01:16,998 [INFO] Current Portfolio: Cash=$111,215, Value=$46,252,625
2026-09-03 10:01:17,252 [INFO] >>> Step 5: Deactivated (조회 전용, 매매 스킵)
2026-09-03 10:01:17,252 [INFO] >>> Step 6: Archiving Data
2026-09-03 10:01:17,254 [INFO] Cycle Completed: regime=Bear_Weak exposure=1.00 orders=0 executions=0
2026-09-03 10:01:17,254 [INFO] ===== [my_pension] 계좌 실행 시작 =====
2026-09-03 10:01:17,254 [INFO] >>> Step 1: Data Collection
2026-09-03 10:01:17,254 [INFO] [Data] Fetching ['SPY'] history for 400 days...
2026-09-03 10:01:17,550 [INFO] [Data] VIX fetched: 15.20
2026-09-03 10:01:17,550 [INFO] >>> Step 2: Indicator Calculation
2026-09-03 10:01:17,551 [INFO] Market Data: Price=761.78, VIX=15.20, MDD=-2.07%
2026-09-03 10:01:17,552 [INFO] >>> Step 3: Strategy Analysis
2026-09-03 10:01:17,552 [INFO] Regime: Bull | Target Exposure: 1.00
2026-09-03 10:01:17,552 [INFO] >>> Step 4: Portfolio Status
2026-09-03 10:01:18,209 [INFO] Fetching Real-time prices from Broker...
2026-09-03 10:01:25,082 [INFO] Current Portfolio: Cash=$38,294, Value=$43,032,504
2026-09-03 10:01:25,641 [INFO] >>> Step 5: Deactivated (조회 전용, 매매 스킵)
2026-09-03 10:01:25,641 [INFO] >>> Step 6: Archiving Data
2026-09-03 10:01:25,642 [INFO] Cycle Completed: regime=Bull exposure=1.00 orders=0 executions=0
2026-09-03 10:01:25,642 [INFO] ===== [my_irp] 계좌 실행 시작 =====
2026-09-03 10:01:25,642 [INFO] >>> Step 1: Data Collection
2026-09-03 10:01:25,643 [INFO] [Data] Fetching ['SPY'] history for 400 days...
2026-09-03 10:01:25,938 [INFO] [Data] VIX fetched: 15.20
2026-09-03 10:01:25,938 [INFO] >>> Step 2: Indicator Calculation
2026-09-03 10:01:25,940 [INFO] Market Data: Price=761.78, VIX=15.20, MDD=-2.07%
2026-09-03 10:01:25,940 [INFO] >>> Step 3: Strategy Analysis
2026-09-03 10:01:25,940 [INFO] Regime: Bull | Target Exposure: 1.00
2026-09-03 10:01:25,940 [INFO] >>> Step 4: Portfolio Status
2026-09-03 10:01:26,851 [INFO] Fetching Real-time prices from Broker...
2026-09-03 10:01:33,888 [INFO] Current Portfolio: Cash=$45,429, Value=$15,558,474
2026-09-03 10:01:34,359 [INFO] >>> Step 5: Deactivated (조회 전용, 매매 스킵)
2026-09-03 10:01:34,359 [INFO] >>> Step 6: Archiving Data
2026-09-03 10:01:34,361 [INFO] Cycle Completed: regime=Bull exposure=1.00 orders=0 executions=0
