2026-09-02 10:01:01,902 [INFO] === Initializing Trading Bot (multi-account) ===
2026-09-02 10:01:01,905 [INFO] Loaded 4 account(s) from accounts.yaml
2026-09-02 10:01:01,905 [INFO] [my_test] engine=DomesticQldDipBuyEngine market=domestic mode=LIVE state=ACTIVE
2026-09-02 10:01:02,703 [INFO] [KisBroker] 새 토큰 발급 완료 (expires_at=2026-09-03 01:01:02)
2026-09-02 10:01:02,704 [INFO] [KisDomesticLiveBroker] Mode: LIVE TRADING
2026-09-02 10:01:02,705 [INFO] Restored previous regime: Bull
2026-09-02 10:01:02,705 [INFO] [my_isa] engine=DomesticVolManagedEngine market=domestic mode=LIVE state=INACTIVE(조회전용)
2026-09-02 10:01:03,395 [INFO] [KisBroker] 새 토큰 발급 완료 (expires_at=2026-09-03 01:01:03)
2026-09-02 10:01:03,396 [INFO] [KisDomesticLiveBroker] Mode: LIVE TRADING
2026-09-02 10:01:03,397 [INFO] Restored previous regime: Bull
2026-09-02 10:01:03,397 [INFO] [my_pension] engine=DomesticAsset5RealEngine market=domestic mode=LIVE state=INACTIVE(조회전용)
2026-09-02 10:01:04,097 [INFO] [KisBroker] 새 토큰 발급 완료 (expires_at=2026-09-03 01:01:04)
2026-09-02 10:01:04,098 [INFO] [KisDomesticLiveBroker] Mode: LIVE TRADING
2026-09-02 10:01:04,099 [INFO] Restored previous regime: Bull
2026-09-02 10:01:04,099 [INFO] [my_irp] engine=DomesticAsset5RealEngine market=domestic mode=LIVE state=INACTIVE(조회전용)
2026-09-02 10:01:04,800 [INFO] [KisBroker] 새 토큰 발급 완료 (expires_at=2026-09-03 01:01:04)
2026-09-02 10:01:04,801 [INFO] [KisDomesticLiveBroker] Mode: LIVE TRADING
2026-09-02 10:01:04,802 [INFO] Restored previous regime: Bull
2026-09-02 10:01:04,802 [INFO] ===== [my_test] 계좌 실행 시작 =====
2026-09-02 10:01:04,802 [INFO] >>> Step 1: Data Collection
2026-09-02 10:01:04,802 [INFO] [Data] Fetching ['SPY'] history for 400 days...
2026-09-02 10:01:05,262 [INFO] [Data] Fetching ['418660.KS'] history for 400 days...
2026-09-02 10:01:05,578 [INFO] [Data] VIX fetched: 16.34
2026-09-02 10:01:05,579 [INFO] >>> Step 2: Indicator Calculation
2026-09-02 10:01:05,586 [INFO] Market Data: Price=761.78, VIX=16.34, MDD=-2.07%
2026-09-02 10:01:05,586 [INFO] >>> Step 3: Strategy Analysis
2026-09-02 10:01:05,586 [INFO] Regime: Bull | Target Exposure: 1.00
2026-09-02 10:01:05,586 [INFO] >>> Step 4: Portfolio Status
2026-09-02 10:01:06,391 [INFO] Fetching Real-time prices from Broker...
2026-09-02 10:01:10,186 [INFO] Current Portfolio: Cash=$209,056, Value=$10,090,496
2026-09-02 10:01:10,392 [INFO] >>> Step 5: DomesticQldDipBuy (BUY_STAGE_1 1/10 분할매수 418660.KS 5주 / 486290.KS 스윕 1주)
2026-09-02 10:01:10,392 [INFO] Executing 2 orders (BUY_STAGE_1 1/10 분할매수 418660.KS 5주 / 486290.KS 스윕 1주)
2026-09-02 10:01:11,185 [INFO] [KisBroker] Available Cash for BUY: 209,056
2026-09-02 10:01:13,834 [ERROR] [KisDomestic] Order Failed: BUY 418660.KS qty=5 @ 38400 — 해당종목은 기본예탁금 충족한 계좌만 매수주문가능합니다
2026-09-02 10:01:17,391 [INFO] [KisDomestic] Order Sent: BUY 486290.KS 1 @ 10270 (ODNO=0011773100)
2026-09-02 10:01:18,597 [INFO] [KisDomestic] Order FILLED: 486290.KS ODNO=0011773100 price=10270.0 qty=1 fee=1.5404999999999998
2026-09-02 10:01:18,798 [INFO] Order Summary: total=2 filled=1 partial=0 ordered=0 cancelled=0 skipped=0 rejected=1 error=0
2026-09-02 10:01:18,799 [ERROR] ⚠️ Order Result Alert
날짜: 2026-09-02
- BUY 418660.KS 5주: REJECTED — 해당종목은 기본예탁금 충족한 계좌만 매수주문가능합니다
2026-09-02 10:01:22,995 [INFO] Updated Portfolio: Cash=$198,786, Value=$10,090,006
2026-09-02 10:01:22,996 [INFO] >>> Step 6: Archiving Data
2026-09-02 10:01:23,005 [INFO] Cycle Completed: regime=Bull exposure=1.00 orders=2 executions=1
2026-09-02 10:01:23,006 [INFO] ===== [my_isa] 계좌 실행 시작 =====
2026-09-02 10:01:23,006 [INFO] >>> Step 1: Data Collection
2026-09-02 10:01:23,006 [INFO] [Data] Fetching ['133690.KS'] history for 400 days...
2026-09-02 10:01:23,321 [INFO] [Data] VIX fetched: 16.34
2026-09-02 10:01:23,321 [INFO] >>> Step 2: Indicator Calculation
2026-09-02 10:01:23,324 [INFO] Market Data: Price=176395.00, VIX=16.34, MDD=-15.10%
2026-09-02 10:01:23,324 [INFO] >>> Step 3: Strategy Analysis
2026-09-02 10:01:23,324 [INFO] >>> VolManaged: vol=18.61% → L=1.18x (TIGER 미국나스닥100레버리지(합성) 18%, 위험 100%, 현금 0%)
2026-09-02 10:01:23,324 [INFO] Regime Change: Bull → Bear_Weak (Price=176395.00, MA180=177139.81, Momentum=0.0556, VIX=16.3, MDD=-15.10%)
2026-09-02 10:01:23,324 [INFO] Regime: Bear_Weak | Target Exposure: 1.00
2026-09-02 10:01:23,324 [INFO] >>> Step 4: Portfolio Status
2026-09-02 10:01:24,125 [INFO] Fetching Real-time prices from Broker...
2026-09-02 10:01:28,991 [INFO] Current Portfolio: Cash=$111,215, Value=$47,168,060
2026-09-02 10:01:29,146 [INFO] >>> Step 5: Deactivated (조회 전용, 매매 스킵)
2026-09-02 10:01:29,146 [INFO] >>> Step 6: Archiving Data
2026-09-02 10:01:29,150 [INFO] Cycle Completed: regime=Bear_Weak exposure=1.00 orders=0 executions=0
2026-09-02 10:01:29,150 [INFO] ===== [my_pension] 계좌 실행 시작 =====
2026-09-02 10:01:29,150 [INFO] >>> Step 1: Data Collection
2026-09-02 10:01:29,150 [INFO] [Data] Fetching ['SPY'] history for 400 days...
2026-09-02 10:01:29,312 [INFO] [Data] VIX fetched: 16.34
2026-09-02 10:01:29,312 [INFO] >>> Step 2: Indicator Calculation
2026-09-02 10:01:29,315 [INFO] Market Data: Price=761.78, VIX=16.34, MDD=-2.07%
2026-09-02 10:01:29,315 [INFO] >>> Step 3: Strategy Analysis
2026-09-02 10:01:29,315 [INFO] Regime: Bull | Target Exposure: 1.00
2026-09-02 10:01:29,315 [INFO] >>> Step 4: Portfolio Status
2026-09-02 10:01:30,113 [INFO] Fetching Real-time prices from Broker...
2026-09-02 10:01:37,068 [INFO] Current Portfolio: Cash=$38,294, Value=$43,294,194
2026-09-02 10:01:37,424 [INFO] >>> Step 5: Deactivated (조회 전용, 매매 스킵)
2026-09-02 10:01:37,424 [INFO] >>> Step 6: Archiving Data
2026-09-02 10:01:37,427 [INFO] Cycle Completed: regime=Bull exposure=1.00 orders=0 executions=0
2026-09-02 10:01:37,427 [INFO] ===== [my_irp] 계좌 실행 시작 =====
2026-09-02 10:01:37,427 [INFO] >>> Step 1: Data Collection
2026-09-02 10:01:37,427 [INFO] [Data] Fetching ['SPY'] history for 400 days...
2026-09-02 10:01:37,625 [INFO] [Data] VIX fetched: 16.34
2026-09-02 10:01:37,626 [INFO] >>> Step 2: Indicator Calculation
2026-09-02 10:01:37,629 [INFO] Market Data: Price=761.78, VIX=16.34, MDD=-2.07%
2026-09-02 10:01:37,629 [INFO] >>> Step 3: Strategy Analysis
2026-09-02 10:01:37,629 [INFO] Regime: Bull | Target Exposure: 1.00
2026-09-02 10:01:37,629 [INFO] >>> Step 4: Portfolio Status
2026-09-02 10:01:38,470 [INFO] Fetching Real-time prices from Broker...
2026-09-02 10:01:46,070 [INFO] Current Portfolio: Cash=$45,426, Value=$15,647,256
2026-09-02 10:01:46,347 [INFO] >>> Step 5: Deactivated (조회 전용, 매매 스킵)
2026-09-02 10:01:46,347 [INFO] >>> Step 6: Archiving Data
2026-09-02 10:01:46,349 [INFO] Cycle Completed: regime=Bull exposure=1.00 orders=0 executions=0
