2026-04-29 13:37:09,318 [INFO] === Initializing Trading Bot (multi-account) ===
2026-04-29 13:37:09,319 [INFO] Loaded 1 account(s) from accounts.yaml
2026-04-29 13:37:09,319 [INFO] [my_test] engine=DomesticAsset5RealEngine market=domestic mode=LIVE
2026-04-29 13:37:09,319 [INFO] [KisBroker] 캐시에서 토큰 로드 (API 호출 생략)
2026-04-29 13:37:09,320 [INFO] [KisDomesticLiveBroker] Mode: LIVE TRADING
2026-04-29 13:37:09,320 [INFO] Restored previous regime: Bull
2026-04-29 13:37:10,878 [INFO] >>> Step 1: Data Collection
2026-04-29 13:37:10,878 [INFO] [Data] Fetching ['SPY'] history for 400 days...
2026-04-29 13:37:11,343 [INFO] [Data] VIX fetched: 17.83
2026-04-29 13:37:11,344 [INFO] >>> Step 2: Indicator Calculation
2026-04-29 13:37:11,347 [INFO] Market Data: Price=711.69, VIX=17.83, MDD=-0.49%
2026-04-29 13:37:11,347 [INFO] >>> Step 3: Strategy Analysis
2026-04-29 13:37:11,347 [INFO] Regime: Bull | Target Exposure: 1.00
2026-04-29 13:37:11,347 [INFO] >>> Step 4: Portfolio Status
2026-04-29 13:37:12,080 [INFO] Fetching Real-time prices from Broker...
2026-04-29 13:37:15,076 [INFO] Current Portfolio: Cash=$251,383, Value=$4,144,368
2026-04-29 13:37:15,077 [INFO] >>> Step 5: Rebalancing
2026-04-29 13:37:15,077 [INFO] [입력] Regime=Bull | TargetExposure=1.00 | TotalValue=$4,144,368.00 | Cash=$251,383.00
2026-04-29 13:37:15,077 [INFO] [포트폴리오 현황]
2026-04-29 13:37:15,078 [INFO]   A그룹(성장): $1,534,520.00 ( 37.0%)
2026-04-29 13:37:15,078 [INFO]   B그룹(안전): $2,358,465.00 ( 56.9%)
2026-04-29 13:37:15,078 [INFO]   C그룹(현금): $        0.00 (  0.0%)
2026-04-29 13:37:15,078 [INFO]   현금(예수금): $ 251,383.00 (  6.1%)
2026-04-29 13:37:15,078 [INFO] [비중 판정] ratio_A=0.394  ratio_B=0.606
2026-04-29 13:37:15,078 [INFO]   A 상대이탈: 1.5% | B 상대이탈: 1.0% | 임계치: 7.5% → 비율 유지 (리밸런싱 불필요)
2026-04-29 13:37:15,078 [INFO] [목표 금액]
2026-04-29 13:37:15,078 [INFO]   A그룹: 현재 $1,534,520.00 → 목표 $1,633,609.06  (exposure 1.00 × ratio 0.39)
2026-04-29 13:37:15,078 [INFO]   B그룹: 현재 $2,358,465.00 → 목표 $2,510,758.94  (exposure 1.00 × ratio 0.61)
2026-04-29 13:37:15,078 [INFO]   C그룹: 현재 $      0.00 → 목표 $      0.00  (잔여)
2026-04-29 13:37:15,078 [INFO] [A그룹(성장) 종목별]
2026-04-29 13:37:15,078 [INFO]   KODEX 코스피: 보유 12주 $824,160.00 → 목표 $816,804.53 | diff=-7,355.47 → SELL 1주 @$68680.00
2026-04-29 13:37:15,078 [INFO]   TIGER 미국나스닥100: 보유 4주 $710,360.00 → 목표 $816,804.53 | diff=+106,444.53 → 주문 없음 (수량 미달)
2026-04-29 13:37:15,078 [INFO] [B그룹(안전) 종목별]
2026-04-29 13:37:15,078 [INFO]   ACE 국고채10년: 보유 9주 $758,745.00 → 목표 $836,919.65 | diff=+78,174.65 → 주문 없음 (수량 미달)
2026-04-29 13:37:15,078 [INFO]   TIGER 미국채10년선물: 보유 61주 $813,740.00 → 목표 $836,919.65 | diff=+23,179.65 → BUY 1주 @$13340.00
2026-04-29 13:37:15,079 [INFO]   ACE KRX금현물: 보유 26주 $785,980.00 → 목표 $836,919.65 | diff=+50,939.65 → BUY 1주 @$30230.00
2026-04-29 13:37:15,079 [INFO] [최종 주문] 주문 없음
2026-04-29 13:37:15,079 [INFO] [결정 사유] 비율 유지, 추가 주문 없음
2026-04-29 13:37:15,079 [INFO] No Rebalance Needed.
2026-04-29 13:37:15,342 [INFO] >>> Step 6: Archiving Data
2026-04-29 13:37:15,343 [INFO] Cycle Completed: regime=Bull exposure=1.00 orders=0 executions=0
