2026-06-08 15:03:47,475 [INFO] === Initializing Trading Bot (multi-account) ===
2026-06-08 15:03:47,476 [INFO] Loaded 1 account(s) from accounts.yaml
2026-06-08 15:03:47,476 [INFO] [my_test] engine=DomesticAsset5RealEngine market=domestic mode=LIVE
2026-06-08 15:03:48,299 [INFO] [KisBroker] 새 토큰 발급 완료 (expires_at=2026-06-09 06:03:48)
2026-06-08 15:03:48,300 [INFO] [KisDomesticLiveBroker] Mode: LIVE TRADING
2026-06-08 15:03:48,301 [INFO] Restored previous regime: Bull
2026-06-08 15:03:49,548 [INFO] >>> Step 1: Data Collection
2026-06-08 15:03:49,548 [INFO] [Data] Fetching ['SPY'] history for 400 days...
2026-06-08 15:03:50,077 [INFO] [Data] VIX fetched: 21.51
2026-06-08 15:03:50,077 [INFO] >>> Step 2: Indicator Calculation
2026-06-08 15:03:50,080 [INFO] Market Data: Price=737.55, VIX=21.51, MDD=-2.90%
2026-06-08 15:03:50,080 [INFO] >>> Step 3: Strategy Analysis
2026-06-08 15:03:50,080 [INFO] Regime: Bull | Target Exposure: 1.00
2026-06-08 15:03:50,080 [INFO] >>> Step 4: Portfolio Status
2026-06-08 15:03:50,898 [INFO] Fetching Real-time prices from Broker...
2026-06-08 15:03:54,392 [INFO] Current Portfolio: Cash=$193,811, Value=$4,307,146
2026-06-08 15:03:54,393 [INFO] >>> Step 5: Rebalancing
2026-06-08 15:03:54,393 [INFO] [입력] Regime=Bull | TargetExposure=1.00 | TotalValue=$4,307,146.00 | Cash=$193,811.00
2026-06-08 15:03:54,393 [INFO] [포트폴리오 현황]
2026-06-08 15:03:54,393 [INFO]   A그룹(성장): $1,643,420.00 ( 38.2%)
2026-06-08 15:03:54,393 [INFO]   B그룹(안전): $2,469,915.00 ( 57.3%)
2026-06-08 15:03:54,393 [INFO]   C그룹(현금): $        0.00 (  0.0%)
2026-06-08 15:03:54,393 [INFO]   현금(예수금): $ 193,811.00 (  4.5%)
2026-06-08 15:03:54,393 [INFO] [비중 판정] ratio_A=0.400  ratio_B=0.600
2026-06-08 15:03:54,393 [INFO]   A 상대이탈: 0.1% | B 상대이탈: 0.1% | 임계치: 7.5% → 비율 유지 (리밸런싱 불필요)
2026-06-08 15:03:54,393 [INFO] [목표 금액]
2026-06-08 15:03:54,393 [INFO]   A그룹: 현재 $1,643,420.00 → 목표 $1,720,854.22  (exposure 1.00 × ratio 0.40)
2026-06-08 15:03:54,393 [INFO]   B그룹: 현재 $2,469,915.00 → 목표 $2,586,291.78  (exposure 1.00 × ratio 0.60)
2026-06-08 15:03:54,394 [INFO]   C그룹: 현재 $      0.00 → 목표 $      0.00  (잔여)
2026-06-08 15:03:54,394 [INFO] [A그룹(성장) 종목별]
2026-06-08 15:03:54,394 [INFO]   KODEX 코스피: 보유 11주 $851,840.00 → 목표 $860,427.11 | diff=+8,587.11 → 주문 없음 (수량 미달)
2026-06-08 15:03:54,394 [INFO]   TIGER 미국나스닥100: 보유 4주 $791,580.00 → 목표 $860,427.11 | diff=+68,847.11 → 주문 없음 (수량 미달)
2026-06-08 15:03:54,394 [INFO] [B그룹(안전) 종목별]
2026-06-08 15:03:54,394 [INFO]   ACE 국고채10년: 보유 10주 $816,750.00 → 목표 $862,097.26 | diff=+45,347.26 → 주문 없음 (수량 미달)
2026-06-08 15:03:54,394 [INFO]   TIGER 미국채10년선물: 보유 63주 $866,250.00 → 목표 $862,097.26 | diff=-4,152.74 → SELL 1주 @$13750.00
2026-06-08 15:03:54,394 [INFO]   ACE KRX금현물: 보유 27주 $786,915.00 → 목표 $862,097.26 | diff=+75,182.26 → BUY 2주 @$29145.00
2026-06-08 15:03:54,394 [INFO] [최종 주문] 주문 없음
2026-06-08 15:03:54,394 [INFO] [결정 사유] 비율 유지, 추가 주문 없음
2026-06-08 15:03:54,394 [INFO] No Rebalance Needed.
2026-06-08 15:03:54,524 [INFO] >>> Step 6: Archiving Data
2026-06-08 15:03:54,527 [INFO] Cycle Completed: regime=Bull exposure=1.00 orders=0 executions=0
